116 chip(s) to clean, threshold=0.5
[1/116] hst_9810_01_acs_wfc_f814w_j8r001s0_chip1.fits: 72953 px CR (0.87%) en 5s
[2/116] hst_9810_01_acs_wfc_f814w_j8r001sb_chip1.fits: 53321 px CR (0.64%) en 4s
[3/116] hst_9810_02_acs_wfc_f814w_j8r002yl_chip1.fits: 69526 px CR (0.83%) en 4s
[4/116] hst_9810_02_acs_wfc_f814w_j8r002z9_chip1.fits: 59409 px CR (0.71%) en 4s
[5/116] hst_9810_03_acs_wfc_f814w_j8r003h4_chip1.fits: 65835 px CR (0.78%) en 4s
[6/116] hst_9810_03_acs_wfc_f814w_j8r003ho_chip1.fits: 65788 px CR (0.78%) en 4s
[7/116] hst_9810_04_acs_wfc_f814w_j8r004hf_chip1.fits: 97592 px CR (1.16%) en 4s
[8/116] hst_9810_04_acs_wfc_f814w_j8r004hp_chip1.fits: 56629 px CR (0.68%) en 4s
[9/116] hst_9810_05_acs_wfc_f814w_j8r005xt_chip1.fits: 61622 px CR (0.73%) en 4s
[10/116] hst_9810_05_acs_wfc_f814w_j8r005yj_chip1.fits: 55222 px CR (0.66%) en 4s
[11/116] hst_9810_01_acs_wfc_f814w_j8r001s0_chip2.fits: 85672 px CR (1.02%) en 4s
[12/116] hst_9810_01_acs_wfc_f814w_j8r001sb_chip2.fits: 67347 px CR (0.80%) en 4s
[13/116] hst_9810_02_acs_wfc_f814w_j8r002yl_chip2.fits: 79746 px CR (0.95%) en 4s
[14/116] hst_9810_02_acs_wfc_f814w_j8r002z9_chip2.fits: 65907 px CR (0.79%) en 4s
[15/116] hst_9810_03_acs_wfc_f814w_j8r003h4_chip2.fits: 76020 px CR (0.91%) en 4s
[16/116] hst_9810_03_acs_wfc_f814w_j8r003ho_chip2.fits: 69381 px CR (0.83%) en 4s
[17/116] hst_9810_04_acs_wfc_f814w_j8r004hf_chip2.fits: 112663 px CR (1.34%) en 4s
[18/116] hst_9810_04_acs_wfc_f814w_j8r004hp_chip2.fits: 68100 px CR (0.81%) en 4s
[19/116] hst_9810_05_acs_wfc_f814w_j8r005xt_chip2.fits: 72035 px CR (0.86%) en 4s
[20/116] hst_9810_05_acs_wfc_f814w_j8r005yj_chip2.fits: 66477 px CR (0.79%) en 4s
[21/116] hst_10190_23_acs_wfc_f606w_j90o23nm_chip1.fits: 122049 px CR (1.45%) en 4s
[22/116] hst_10190_23_acs_wfc_f606w_j90o23np_chip1.fits: 155962 px CR (1.86%) en 4s
[23/116] hst_10190_23_acs_wfc_f606w_j90o23nt_chip1.fits: 113874 px CR (1.36%) en 4s
[24/116] hst_10190_23_acs_wfc_f606w_j90o23nx_chip1.fits: 141061 px CR (1.68%) en 4s
[25/116] hst_10190_23_acs_wfc_f606w_j90o23o1_chip1.fits: 115133 px CR (1.37%) en 4s
[26/116] hst_10190_23_acs_wfc_f606w_j90o23o5_chip1.fits: 130050 px CR (1.55%) en 4s
[27/116] hst_10190_21_acs_wfc_f606w_j90o21t3_chip1.fits: 188421 px CR (2.25%) en 4s
[28/116] hst_10190_21_acs_wfc_f606w_j90o21t6_chip1.fits: 153755 px CR (1.83%) en 4s
[29/116] hst_10190_21_acs_wfc_f606w_j90o21te_chip1.fits: 162301 px CR (1.93%) en 4s
[30/116] hst_10190_21_acs_wfc_f606w_j90o21ti_chip1.fits: 189701 px CR (2.26%) en 4s
[31/116] hst_10190_23_acs_wfc_f606w_j90o23nm_chip2.fits: 125727 px CR (1.50%) en 4s
[32/116] hst_10190_23_acs_wfc_f606w_j90o23np_chip2.fits: 168728 px CR (2.01%) en 4s
[33/116] hst_10190_23_acs_wfc_f606w_j90o23nt_chip2.fits: 123009 px CR (1.47%) en 4s
[34/116] hst_10190_23_acs_wfc_f606w_j90o23nx_chip2.fits: 156700 px CR (1.87%) en 4s
[35/116] hst_10190_23_acs_wfc_f606w_j90o23o1_chip2.fits: 118751 px CR (1.42%) en 4s
[36/116] hst_10190_23_acs_wfc_f606w_j90o23o5_chip2.fits: 140720 px CR (1.68%) en 4s
[37/116] hst_10190_21_acs_wfc_f606w_j90o21t3_chip2.fits: 196114 px CR (2.34%) en 4s
[38/116] hst_10190_21_acs_wfc_f606w_j90o21t6_chip2.fits: 165279 px CR (1.97%) en 4s
[39/116] hst_10190_21_acs_wfc_f606w_j90o21te_chip2.fits: 165042 px CR (1.97%) en 4s
[40/116] hst_10190_21_acs_wfc_f606w_j90o21ti_chip2.fits: 200132 px CR (2.39%) en 4s
[41/116] hst_10190_24_acs_wfc_f814w_j90o24wz_chip1.fits: 143438 px CR (1.71%) en 4s
[42/116] hst_10190_24_acs_wfc_f814w_j90o24x2_chip1.fits: 133037 px CR (1.59%) en 4s
[43/116] hst_10190_24_acs_wfc_f814w_j90o24xc_chip1.fits: 154654 px CR (1.84%) en 4s
[44/116] hst_10190_24_acs_wfc_f814w_j90o24xg_chip1.fits: 145141 px CR (1.73%) en 4s
[45/116] hst_10190_24_acs_wfc_f814w_j90o24xu_chip1.fits: 148333 px CR (1.77%) en 4s
[46/116] hst_10190_26_acs_wfc_f814w_j90o26ux_chip1.fits: 156422 px CR (1.86%) en 4s
[47/116] hst_10190_26_acs_wfc_f814w_j90o26v0_chip1.fits: 165895 px CR (1.98%) en 4s
[48/116] hst_10190_26_acs_wfc_f814w_j90o26vb_chip1.fits: 131145 px CR (1.56%) en 4s
[49/116] hst_10190_26_acs_wfc_f814w_j90o26vf_chip1.fits: 155749 px CR (1.86%) en 4s
[50/116] hst_10190_26_acs_wfc_f814w_j90o26vt_chip1.fits: 137491 px CR (1.64%) en 4s
[51/116] hst_10190_24_acs_wfc_f814w_j90o24wz_chip2.fits: 150383 px CR (1.79%) en 4s
[52/116] hst_10190_24_acs_wfc_f814w_j90o24x2_chip2.fits: 144550 px CR (1.72%) en 4s
[53/116] hst_10190_24_acs_wfc_f814w_j90o24xc_chip2.fits: 167006 px CR (1.99%) en 4s
[54/116] hst_10190_24_acs_wfc_f814w_j90o24xg_chip2.fits: 152840 px CR (1.82%) en 4s
[55/116] hst_10190_24_acs_wfc_f814w_j90o24xu_chip2.fits: 150642 px CR (1.80%) en 4s
[56/116] hst_10190_26_acs_wfc_f814w_j90o26ux_chip2.fits: 213726 px CR (2.55%) en 4s
[57/116] hst_10190_26_acs_wfc_f814w_j90o26v0_chip2.fits: 172486 px CR (2.06%) en 4s
[58/116] hst_10190_26_acs_wfc_f814w_j90o26vb_chip2.fits: 133169 px CR (1.59%) en 4s
[59/116] hst_10190_26_acs_wfc_f814w_j90o26vf_chip2.fits: 166506 px CR (1.98%) en 4s
[60/116] hst_10190_26_acs_wfc_f814w_j90o26vt_chip2.fits: 143922 px CR (1.72%) en 4s
[61/116] hst_10885_02_acs_wfc_f606w_j9qw02dw_chip1.fits: 159171 px CR (1.90%) en 4s
[62/116] hst_10885_02_acs_wfc_f606w_j9qw02dy_chip1.fits: 144238 px CR (1.72%) en 4s
[63/116] hst_10885_02_acs_wfc_f606w_j9qw02e0_chip1.fits: 163209 px CR (1.95%) en 4s
[64/116] hst_10885_02_acs_wfc_f606w_j9qw02e2_chip1.fits: 142223 px CR (1.70%) en 4s
[65/116] hst_10885_02_acs_wfc_f606w_j9qw02e4_chip1.fits: 171623 px CR (2.05%) en 4s
[66/116] hst_10885_02_acs_wfc_f606w_j9qw02e6_chip1.fits: 152454 px CR (1.82%) en 4s
[67/116] hst_10885_02_acs_wfc_f606w_j9qw02ef_chip1.fits: 185257 px CR (2.21%) en 4s
[68/116] hst_10885_02_acs_wfc_f606w_j9qw02eh_chip1.fits: 226702 px CR (2.70%) en 4s
[69/116] hst_10885_02_acs_wfc_f606w_j9qw02ej_chip1.fits: 169606 px CR (2.02%) en 4s
[70/116] hst_10885_02_acs_wfc_f606w_j9qw02el_chip1.fits: 154263 px CR (1.84%) en 4s
[71/116] hst_10885_02_acs_wfc_f606w_j9qw02dw_chip2.fits: 192911 px CR (2.30%) en 4s
[72/116] hst_10885_02_acs_wfc_f606w_j9qw02dy_chip2.fits: 184092 px CR (2.19%) en 4s
[73/116] hst_10885_02_acs_wfc_f606w_j9qw02e0_chip2.fits: 204970 px CR (2.44%) en 4s
[74/116] hst_10885_02_acs_wfc_f606w_j9qw02e2_chip2.fits: 179858 px CR (2.14%) en 4s
[75/116] hst_10885_02_acs_wfc_f606w_j9qw02e4_chip2.fits: 213102 px CR (2.54%) en 4s
[76/116] hst_10885_02_acs_wfc_f606w_j9qw02e6_chip2.fits: 188783 px CR (2.25%) en 4s
[77/116] hst_10885_02_acs_wfc_f606w_j9qw02ef_chip2.fits: 238780 px CR (2.85%) en 4s
[78/116] hst_10885_02_acs_wfc_f606w_j9qw02eh_chip2.fits: 287983 px CR (3.43%) en 4s
[79/116] hst_10885_02_acs_wfc_f606w_j9qw02ej_chip2.fits: 207663 px CR (2.48%) en 4s
[80/116] hst_10885_02_acs_wfc_f606w_j9qw02el_chip2.fits: 199456 px CR (2.38%) en 4s
[81/116] hst_10242_01_acs_wfc_f814w_j93801cw_chip1.fits: 142605 px CR (1.70%) en 4s
[82/116] hst_10242_01_acs_wfc_f814w_j93801cx_chip1.fits: 112974 px CR (1.35%) en 4s
[83/116] hst_10242_01_acs_wfc_f814w_j93801cz_chip1.fits: 86124 px CR (1.03%) en 4s
[84/116] hst_10242_01_acs_wfc_f814w_j93801d1_chip1.fits: 112623 px CR (1.34%) en 4s
[85/116] hst_10242_02_acs_wfc_f814w_j93802aw_chip1.fits: 87467 px CR (1.04%) en 4s
[86/116] hst_10242_02_acs_wfc_f814w_j93802ax_chip1.fits: 83528 px CR (1.00%) en 4s
[87/116] hst_10242_02_acs_wfc_f814w_j93802az_chip1.fits: 87663 px CR (1.05%) en 4s
[88/116] hst_10242_02_acs_wfc_f814w_j93802b1_chip1.fits: 89802 px CR (1.07%) en 4s
[89/116] hst_10242_03_acs_wfc_f814w_j93803h5_chip1.fits: 99680 px CR (1.19%) en 4s
[90/116] hst_10242_03_acs_wfc_f814w_j93803h6_chip1.fits: 98261 px CR (1.17%) en 4s
[91/116] hst_10242_01_acs_wfc_f814w_j93801cw_chip2.fits: 163362 px CR (1.95%) en 4s
[92/116] hst_10242_01_acs_wfc_f814w_j93801cx_chip2.fits: 138774 px CR (1.65%) en 4s
[93/116] hst_10242_01_acs_wfc_f814w_j93801cz_chip2.fits: 98431 px CR (1.17%) en 4s
[94/116] hst_10242_01_acs_wfc_f814w_j93801d1_chip2.fits: 127671 px CR (1.52%) en 4s
[95/116] hst_10242_02_acs_wfc_f814w_j93802aw_chip2.fits: 104132 px CR (1.24%) en 4s
[96/116] hst_10242_02_acs_wfc_f814w_j93802ax_chip2.fits: 100974 px CR (1.20%) en 4s
[97/116] hst_10242_02_acs_wfc_f814w_j93802az_chip2.fits: 103679 px CR (1.24%) en 4s
[98/116] hst_10242_02_acs_wfc_f814w_j93802b1_chip2.fits: 101194 px CR (1.21%) en 4s
[99/116] hst_10242_03_acs_wfc_f814w_j93803h5_chip2.fits: 119323 px CR (1.42%) en 4s
[100/116] hst_10242_03_acs_wfc_f814w_j93803h6_chip2.fits: 116083 px CR (1.38%) en 4s
[101/116] hst_10915_60_acs_wfc_f606w_j9ra60o9_chip1.fits: 462725 px CR (5.52%) en 4s
[102/116] hst_10915_61_acs_wfc_f606w_j9ra61oj_chip1.fits: 361990 px CR (4.32%) en 4s
[103/116] hst_10915_58_acs_wfc_f606w_j9ra58tp_chip1.fits: 460045 px CR (5.48%) en 4s
[104/116] hst_10915_62_acs_wfc_f606w_j9ra62wv_chip1.fits: 448890 px CR (5.35%) en 4s
[105/116] hst_10915_63_acs_wfc_f606w_j9ra63wz_chip1.fits: 371929 px CR (4.43%) en 4s
[106/116] hst_10915_65_acs_wfc_f606w_j9ra65dt_chip1.fits: 490795 px CR (5.85%) en 4s
[107/116] hst_10915_66_acs_wfc_f606w_j9ra66eb_chip1.fits: 369580 px CR (4.41%) en 4s
[108/116] hst_10915_64_acs_wfc_f606w_j9ra64n7_chip1.fits: 374662 px CR (4.47%) en 4s
[109/116] hst_10915_60_acs_wfc_f606w_j9ra60o9_chip2.fits: 479305 px CR (5.71%) en 4s
[110/116] hst_10915_61_acs_wfc_f606w_j9ra61oj_chip2.fits: 375617 px CR (4.48%) en 4s
[111/116] hst_10915_58_acs_wfc_f606w_j9ra58tp_chip2.fits: 476890 px CR (5.68%) en 4s
[112/116] hst_10915_62_acs_wfc_f606w_j9ra62wv_chip2.fits: 457583 px CR (5.45%) en 4s
[113/116] hst_10915_63_acs_wfc_f606w_j9ra63wz_chip2.fits: 387458 px CR (4.62%) en 4s
[114/116] hst_10915_65_acs_wfc_f606w_j9ra65dt_chip2.fits: 498268 px CR (5.94%) en 4s
[115/116] hst_10915_66_acs_wfc_f606w_j9ra66eb_chip2.fits: 371824 px CR (4.43%) en 4s
[116/116] hst_10915_64_acs_wfc_f606w_j9ra64n7_chip2.fits: 365186 px CR (4.35%) en 4s
Catalogue écrit: training_data_crclean/pairs_catalog_new_crclean.json
