260 chip(s) to clean, threshold=0.5
[1/260] hst_13691_30_acs_wfc_f814w_jcnw30ni_chip1.fits: 272512 px CR (3.25%) en 6s
[2/260] hst_13691_30_acs_wfc_f814w_jcnw30nb_chip1.fits: 244488 px CR (2.91%) en 4s
[3/260] hst_13691_30_acs_wfc_f814w_jcnw30o0_chip1.fits: 370479 px CR (4.42%) en 4s
[4/260] hst_13691_30_acs_wfc_f814w_jcnw30np_chip1.fits: 286549 px CR (3.42%) en 4s
[5/260] hst_13691_30_acs_wfc_f814w_jcnw30nt_chip1.fits: 371397 px CR (4.43%) en 4s
[6/260] hst_13691_30_acs_wfc_f814w_jcnw30nf_chip1.fits: 346773 px CR (4.13%) en 4s
[7/260] hst_13691_30_acs_wfc_f814w_jcnw30n9_chip1.fits: 305122 px CR (3.64%) en 4s
[8/260] hst_13691_30_acs_wfc_f814w_jcnw30nm_chip1.fits: 349422 px CR (4.17%) en 4s
[9/260] hst_13691_30_acs_wfc_f814w_jcnw30o4_chip1.fits: 310646 px CR (3.70%) en 4s
[10/260] hst_13691_30_acs_wfc_f814w_jcnw30nx_chip1.fits: 304755 px CR (3.63%) en 4s
[11/260] hst_13691_29_acs_wfc_f814w_jcnw29r3_chip1.fits: 268202 px CR (3.20%) en 4s
[12/260] hst_13691_29_acs_wfc_f814w_jcnw29rl_chip1.fits: 406915 px CR (4.85%) en 4s
[13/260] hst_13691_29_acs_wfc_f814w_jcnw29rs_chip1.fits: 398579 px CR (4.75%) en 4s
[14/260] hst_13691_29_acs_wfc_f814w_jcnw29qz_chip1.fits: 288664 px CR (3.44%) en 4s
[15/260] hst_13691_29_acs_wfc_f814w_jcnw29ra_chip1.fits: 284684 px CR (3.39%) en 4s
[16/260] hst_13691_29_acs_wfc_f814w_jcnw29ro_chip1.fits: 260439 px CR (3.10%) en 4s
[17/260] hst_13691_29_acs_wfc_f814w_jcnw29rd_chip1.fits: 378019 px CR (4.51%) en 4s
[18/260] hst_13691_29_acs_wfc_f814w_jcnw29rh_chip1.fits: 259609 px CR (3.09%) en 4s
[19/260] hst_13691_29_acs_wfc_f814w_jcnw29r6_chip1.fits: 362065 px CR (4.32%) en 4s
[20/260] hst_13691_29_acs_wfc_f814w_jcnw29qx_chip1.fits: 277798 px CR (3.31%) en 4s
[21/260] hst_13691_30_acs_wfc_f814w_jcnw30ni_chip2.fits: 283041 px CR (3.37%) en 4s
[22/260] hst_13691_30_acs_wfc_f814w_jcnw30nb_chip2.fits: 252240 px CR (3.01%) en 4s
[23/260] hst_13691_30_acs_wfc_f814w_jcnw30o0_chip2.fits: 371486 px CR (4.43%) en 4s
[24/260] hst_13691_30_acs_wfc_f814w_jcnw30np_chip2.fits: 293318 px CR (3.50%) en 4s
[25/260] hst_13691_30_acs_wfc_f814w_jcnw30nt_chip2.fits: 368969 px CR (4.40%) en 4s
[26/260] hst_13691_30_acs_wfc_f814w_jcnw30nf_chip2.fits: 341503 px CR (4.07%) en 4s
[27/260] hst_13691_30_acs_wfc_f814w_jcnw30n9_chip2.fits: 311787 px CR (3.72%) en 4s
[28/260] hst_13691_30_acs_wfc_f814w_jcnw30nm_chip2.fits: 354827 px CR (4.23%) en 4s
[29/260] hst_13691_30_acs_wfc_f814w_jcnw30o4_chip2.fits: 312283 px CR (3.72%) en 4s
[30/260] hst_13691_30_acs_wfc_f814w_jcnw30nx_chip2.fits: 307315 px CR (3.66%) en 4s
[31/260] hst_13691_29_acs_wfc_f814w_jcnw29r3_chip2.fits: 265155 px CR (3.16%) en 4s
[32/260] hst_13691_29_acs_wfc_f814w_jcnw29rl_chip2.fits: 396971 px CR (4.73%) en 4s
[33/260] hst_13691_29_acs_wfc_f814w_jcnw29rs_chip2.fits: 404770 px CR (4.83%) en 4s
[34/260] hst_13691_29_acs_wfc_f814w_jcnw29qz_chip2.fits: 301053 px CR (3.59%) en 4s
[35/260] hst_13691_29_acs_wfc_f814w_jcnw29ra_chip2.fits: 268128 px CR (3.20%) en 4s
[36/260] hst_13691_29_acs_wfc_f814w_jcnw29ro_chip2.fits: 270758 px CR (3.23%) en 4s
[37/260] hst_13691_29_acs_wfc_f814w_jcnw29rd_chip2.fits: 383029 px CR (4.57%) en 4s
[38/260] hst_13691_29_acs_wfc_f814w_jcnw29rh_chip2.fits: 269653 px CR (3.21%) en 4s
[39/260] hst_13691_29_acs_wfc_f814w_jcnw29r6_chip2.fits: 351474 px CR (4.19%) en 4s
[40/260] hst_13691_29_acs_wfc_f814w_jcnw29qx_chip2.fits: 278379 px CR (3.32%) en 4s
[41/260] hst_17079_01_acs_wfc_f814w_jeyr01ca_chip1.fits: 221629 px CR (2.64%) en 4s
[42/260] hst_17079_01_acs_wfc_f814w_jeyr01c6_chip1.fits: 297874 px CR (3.55%) en 4s
[43/260] hst_17079_01_acs_wfc_f814w_jeyr01bz_chip1.fits: 308778 px CR (3.68%) en 4s
[44/260] hst_17079_01_acs_wfc_f814w_jeyr01bv_chip1.fits: 258077 px CR (3.08%) en 4s
[45/260] hst_17079_01_acs_wfc_f814w_jeyr01bi_chip1.fits: 300406 px CR (3.58%) en 4s
[46/260] hst_17079_01_acs_wfc_f814w_jeyr01c3_chip1.fits: 236827 px CR (2.82%) en 4s
[47/260] hst_17079_03_acs_wfc_f814w_jeyr03tm_chip1.fits: 167212 px CR (1.99%) en 4s
[48/260] hst_17079_03_acs_wfc_f814w_jeyr03tk_chip1.fits: 170865 px CR (2.04%) en 4s
[49/260] hst_17079_03_acs_wfc_f814w_jeyr03tp_chip1.fits: 212409 px CR (2.53%) en 4s
[50/260] hst_17079_03_acs_wfc_f814w_jeyr03tt_chip1.fits: 187235 px CR (2.23%) en 4s
[51/260] hst_17079_52_acs_wfc_f814w_jeyr52ee_chip1.fits: 179644 px CR (2.14%) en 4s
[52/260] hst_17079_52_acs_wfc_f814w_jeyr52e0_chip1.fits: 177365 px CR (2.11%) en 4s
[53/260] hst_17079_52_acs_wfc_f814w_jeyr52ej_chip1.fits: 209433 px CR (2.50%) en 4s
[54/260] hst_17079_52_acs_wfc_f814w_jeyr52e4_chip1.fits: 130017 px CR (1.55%) en 4s
[55/260] hst_17079_52_acs_wfc_f814w_jeyr52dx_chip1.fits: 174767 px CR (2.08%) en 4s
[56/260] hst_17079_52_acs_wfc_f814w_jeyr52e8_chip1.fits: 180680 px CR (2.15%) en 4s
[57/260] hst_17079_01_acs_wfc_f814w_jeyr01ca_chip2.fits: 220378 px CR (2.63%) en 4s
[58/260] hst_17079_01_acs_wfc_f814w_jeyr01c6_chip2.fits: 311846 px CR (3.72%) en 4s
[59/260] hst_17079_01_acs_wfc_f814w_jeyr01bz_chip2.fits: 309943 px CR (3.69%) en 4s
[60/260] hst_17079_01_acs_wfc_f814w_jeyr01bv_chip2.fits: 252566 px CR (3.01%) en 4s
[61/260] hst_17079_01_acs_wfc_f814w_jeyr01bi_chip2.fits: 309879 px CR (3.69%) en 4s
[62/260] hst_17079_01_acs_wfc_f814w_jeyr01c3_chip2.fits: 236006 px CR (2.81%) en 4s
[63/260] hst_17079_03_acs_wfc_f814w_jeyr03tm_chip2.fits: 167668 px CR (2.00%) en 4s
[64/260] hst_17079_03_acs_wfc_f814w_jeyr03tk_chip2.fits: 177098 px CR (2.11%) en 4s
[65/260] hst_17079_03_acs_wfc_f814w_jeyr03tp_chip2.fits: 228874 px CR (2.73%) en 4s
[66/260] hst_17079_03_acs_wfc_f814w_jeyr03tt_chip2.fits: 194963 px CR (2.32%) en 4s
[67/260] hst_17079_52_acs_wfc_f814w_jeyr52ee_chip2.fits: 187091 px CR (2.23%) en 4s
[68/260] hst_17079_52_acs_wfc_f814w_jeyr52e0_chip2.fits: 176395 px CR (2.10%) en 4s
[69/260] hst_17079_52_acs_wfc_f814w_jeyr52ej_chip2.fits: 208632 px CR (2.49%) en 4s
[70/260] hst_17079_52_acs_wfc_f814w_jeyr52e4_chip2.fits: 136648 px CR (1.63%) en 4s
[71/260] hst_17079_52_acs_wfc_f814w_jeyr52dx_chip2.fits: 175550 px CR (2.09%) en 4s
[72/260] hst_17079_52_acs_wfc_f814w_jeyr52e8_chip2.fits: 182739 px CR (2.18%) en 4s
[73/260] hst_9796_04_acs_wfc_f435w_j8ol04gb_chip1.fits: 160879 px CR (1.92%) en 4s
[74/260] hst_9796_04_acs_wfc_f435w_j8ol04h5_chip1.fits: 119194 px CR (1.42%) en 4s
[75/260] hst_9796_04_acs_wfc_f435w_j8ol04fd_chip1.fits: 133874 px CR (1.60%) en 4s
[76/260] hst_9796_04_acs_wfc_f435w_j8ol04gz_chip1.fits: 173820 px CR (2.07%) en 4s
[77/260] hst_9796_04_acs_wfc_f435w_j8ol04fr_chip1.fits: 140056 px CR (1.67%) en 4s
[78/260] hst_9796_04_acs_wfc_f435w_j8ol04gj_chip1.fits: 113788 px CR (1.36%) en 4s
[79/260] hst_9796_04_acs_wfc_f435w_j8ol04fx_chip1.fits: 123465 px CR (1.47%) en 4s
[80/260] hst_9796_04_acs_wfc_f435w_j8ol04f4_chip1.fits: 131747 px CR (1.57%) en 4s
[81/260] hst_10402_22_acs_wfc_f435w_j96r22r9_chip1.fits: 94970 px CR (1.13%) en 4s
[82/260] hst_10402_22_acs_wfc_f435w_j96r22ra_chip1.fits: 105103 px CR (1.25%) en 4s
[83/260] hst_9796_04_acs_wfc_f435w_j8ol04gb_chip2.fits: 189778 px CR (2.26%) en 4s
[84/260] hst_9796_04_acs_wfc_f435w_j8ol04h5_chip2.fits: 141007 px CR (1.68%) en 4s
[85/260] hst_9796_04_acs_wfc_f435w_j8ol04fd_chip2.fits: 136438 px CR (1.63%) en 4s
[86/260] hst_9796_04_acs_wfc_f435w_j8ol04gz_chip2.fits: 186680 px CR (2.23%) en 4s
[87/260] hst_9796_04_acs_wfc_f435w_j8ol04fr_chip2.fits: 157452 px CR (1.88%) en 4s
[88/260] hst_9796_04_acs_wfc_f435w_j8ol04gj_chip2.fits: 117224 px CR (1.40%) en 4s
[89/260] hst_9796_04_acs_wfc_f435w_j8ol04fx_chip2.fits: 128988 px CR (1.54%) en 4s
[90/260] hst_9796_04_acs_wfc_f435w_j8ol04f4_chip2.fits: 140905 px CR (1.68%) en 4s
[91/260] hst_10402_22_acs_wfc_f435w_j96r22r9_chip2.fits: 85469 px CR (1.02%) en 4s
[92/260] hst_10402_22_acs_wfc_f435w_j96r22ra_chip2.fits: 95510 px CR (1.14%) en 4s
[93/260] hst_9796_04_acs_wfc_f555w_j8ol04fl_chip1.fits: 110143 px CR (1.31%) en 4s
[94/260] hst_9796_04_acs_wfc_f555w_j8ol04f1_chip1.fits: 112528 px CR (1.34%) en 4s
[95/260] hst_9796_04_acs_wfc_f555w_j8ol04g6_chip1.fits: 133333 px CR (1.59%) en 4s
[96/260] hst_9796_04_acs_wfc_f555w_j8ol04gs_chip1.fits: 165036 px CR (1.97%) en 4s
[97/260] hst_9796_08_acs_wfc_f555w_j8ol08em_chip1.fits: 174689 px CR (2.08%) en 4s
[98/260] hst_9796_08_acs_wfc_f555w_j8ol08ef_chip1.fits: 118346 px CR (1.41%) en 4s
[99/260] hst_9796_08_acs_wfc_f555w_j8ol08ei_chip1.fits: 183520 px CR (2.19%) en 4s
[100/260] hst_9796_08_acs_wfc_f555w_j8ol08ed_chip1.fits: 104402 px CR (1.24%) en 4s
[101/260] hst_10402_22_acs_wfc_f555w_j96r22rg_chip1.fits: 77257 px CR (0.92%) en 4s
[102/260] hst_9796_04_acs_wfc_f555w_j8ol04fl_chip2.fits: 116906 px CR (1.39%) en 4s
[103/260] hst_9796_04_acs_wfc_f555w_j8ol04f1_chip2.fits: 117047 px CR (1.40%) en 4s
[104/260] hst_9796_04_acs_wfc_f555w_j8ol04g6_chip2.fits: 133184 px CR (1.59%) en 4s
[105/260] hst_9796_04_acs_wfc_f555w_j8ol04gs_chip2.fits: 171611 px CR (2.05%) en 4s
[106/260] hst_9796_08_acs_wfc_f555w_j8ol08em_chip2.fits: 174539 px CR (2.08%) en 4s
[107/260] hst_9796_08_acs_wfc_f555w_j8ol08ef_chip2.fits: 125842 px CR (1.50%) en 4s
[108/260] hst_9796_08_acs_wfc_f555w_j8ol08ei_chip2.fits: 189345 px CR (2.26%) en 4s
[109/260] hst_9796_08_acs_wfc_f555w_j8ol08ed_chip2.fits: 102539 px CR (1.22%) en 4s
[110/260] hst_10402_22_acs_wfc_f555w_j96r22rg_chip2.fits: 82173 px CR (0.98%) en 4s
[111/260] hst_17079_03_acs_wfc_f606w_jeyr03tx_chip1.fits: 179041 px CR (2.13%) en 4s
[112/260] hst_17079_04_acs_wfc_f606w_jeyr04u6_chip1.fits: 189079 px CR (2.25%) en 4s
[113/260] hst_17079_04_acs_wfc_f606w_jeyr04uc_chip1.fits: 249944 px CR (2.98%) en 4s
[114/260] hst_17079_03_acs_wfc_f606w_jeyr03u1_chip1.fits: 218280 px CR (2.60%) en 4s
[115/260] hst_17079_04_acs_wfc_f606w_jeyr04u8_chip1.fits: 180287 px CR (2.15%) en 4s
[116/260] hst_17079_04_acs_wfc_f606w_jeyr04uo_chip1.fits: 169944 px CR (2.03%) en 4s
[117/260] hst_17079_04_acs_wfc_f606w_jeyr04uv_chip1.fits: 292897 px CR (3.49%) en 4s
[118/260] hst_17079_04_acs_wfc_f606w_jeyr04uh_chip1.fits: 208861 px CR (2.49%) en 4s
[119/260] hst_17079_03_acs_wfc_f606w_jeyr03tx_chip2.fits: 186428 px CR (2.22%) en 4s
[120/260] hst_17079_04_acs_wfc_f606w_jeyr04u6_chip2.fits: 192300 px CR (2.29%) en 4s
[121/260] hst_17079_04_acs_wfc_f606w_jeyr04uc_chip2.fits: 247265 px CR (2.95%) en 4s
[122/260] hst_17079_03_acs_wfc_f606w_jeyr03u1_chip2.fits: 220888 px CR (2.63%) en 4s
[123/260] hst_17079_04_acs_wfc_f606w_jeyr04u8_chip2.fits: 187322 px CR (2.23%) en 4s
[124/260] hst_17079_04_acs_wfc_f606w_jeyr04uo_chip2.fits: 170682 px CR (2.03%) en 4s
[125/260] hst_17079_04_acs_wfc_f606w_jeyr04uv_chip2.fits: 295300 px CR (3.52%) en 4s
[126/260] hst_17079_04_acs_wfc_f606w_jeyr04uh_chip2.fits: 223242 px CR (2.66%) en 4s
[127/260] hst_9796_04_acs_wfc_f814w_j8ol04f0_chip1.fits: already done, skipped
[128/260] hst_9796_04_acs_wfc_f814w_j8ol04gq_chip1.fits: 78875 px CR (0.94%) en 4s
[129/260] hst_9796_04_acs_wfc_f814w_j8ol04g4_chip1.fits: 83677 px CR (1.00%) en 4s
[130/260] hst_9796_04_acs_wfc_f814w_j8ol04fj_chip1.fits: 75096 px CR (0.90%) en 4s
[131/260] hst_10402_22_acs_wfc_f814w_j96r22rc_chip1.fits: 82657 px CR (0.99%) en 4s
[132/260] hst_10402_22_acs_wfc_f814w_j96r22re_chip1.fits: 74986 px CR (0.89%) en 4s
[133/260] hst_9796_04_acs_wfc_f814w_j8ol04f0_chip2.fits: 83720 px CR (1.00%) en 4s
[134/260] hst_9796_04_acs_wfc_f814w_j8ol04gq_chip2.fits: 84313 px CR (1.01%) en 4s
[135/260] hst_9796_04_acs_wfc_f814w_j8ol04g4_chip2.fits: 88722 px CR (1.06%) en 4s
[136/260] hst_9796_04_acs_wfc_f814w_j8ol04fj_chip2.fits: 92801 px CR (1.11%) en 4s
[137/260] hst_10402_22_acs_wfc_f814w_j96r22rc_chip2.fits: 73617 px CR (0.88%) en 4s
[138/260] hst_10402_22_acs_wfc_f814w_j96r22re_chip2.fits: 73931 px CR (0.88%) en 4s
[139/260] hst_15645_41_acs_wfc_f814w_jdxk41gh_chip1.fits: 106332 px CR (1.27%) en 4s
[140/260] hst_15645_41_acs_wfc_f814w_jdxk41gd_chip1.fits: 85420 px CR (1.02%) en 4s
[141/260] hst_15645_41_acs_wfc_f814w_jdxk41gf_chip1.fits: 102779 px CR (1.23%) en 4s
[142/260] hst_15645_41_acs_wfc_f814w_jdxk41gb_chip1.fits: 84164 px CR (1.00%) en 4s
[143/260] hst_15645_41_acs_wfc_f814w_jdxk41gh_chip2.fits: 103707 px CR (1.24%) en 4s
[144/260] hst_15645_41_acs_wfc_f814w_jdxk41gd_chip2.fits: 90011 px CR (1.07%) en 4s
[145/260] hst_15645_41_acs_wfc_f814w_jdxk41gf_chip2.fits: 107405 px CR (1.28%) en 4s
[146/260] hst_15645_41_acs_wfc_f814w_jdxk41gb_chip2.fits: 83653 px CR (1.00%) en 4s
[147/260] hst_15645_40_acs_wfc_f814w_jdxk40co_chip1.fits: 104262 px CR (1.24%) en 4s
[148/260] hst_15645_40_acs_wfc_f814w_jdxk40ci_chip1.fits: 95790 px CR (1.14%) en 4s
[149/260] hst_15645_40_acs_wfc_f814w_jdxk40cj_chip1.fits: 95137 px CR (1.13%) en 4s
[150/260] hst_15645_40_acs_wfc_f814w_jdxk40cm_chip1.fits: 100767 px CR (1.20%) en 4s
[151/260] hst_15645_40_acs_wfc_f814w_jdxk40co_chip2.fits: 125260 px CR (1.49%) en 4s
[152/260] hst_15645_40_acs_wfc_f814w_jdxk40ci_chip2.fits: 113760 px CR (1.36%) en 4s
[153/260] hst_15645_40_acs_wfc_f814w_jdxk40cj_chip2.fits: 117910 px CR (1.41%) en 4s
[154/260] hst_15645_40_acs_wfc_f814w_jdxk40cm_chip2.fits: 126729 px CR (1.51%) en 4s
[155/260] hst_14786_07_acs_wfc_f435w_jd9g07sg_chip1.fits: 167930 px CR (2.00%) en 4s
[156/260] hst_14786_07_acs_wfc_f435w_jd9g07sk_chip1.fits: 157121 px CR (1.87%) en 4s
[157/260] hst_14786_07_acs_wfc_f435w_jd9g07sd_chip1.fits: 119154 px CR (1.42%) en 4s
[158/260] hst_14786_07_acs_wfc_f435w_jd9g07so_chip1.fits: 110794 px CR (1.32%) en 4s
[159/260] hst_14786_07_acs_wfc_f435w_jd9g07sg_chip2.fits: 174213 px CR (2.08%) en 4s
[160/260] hst_14786_07_acs_wfc_f435w_jd9g07sk_chip2.fits: 165760 px CR (1.98%) en 4s
[161/260] hst_14786_07_acs_wfc_f435w_jd9g07sd_chip2.fits: 124062 px CR (1.48%) en 4s
[162/260] hst_14786_07_acs_wfc_f435w_jd9g07so_chip2.fits: 115753 px CR (1.38%) en 4s
[163/260] hst_15645_23_acs_wfc_f814w_jdxk23ez_chip1.fits: 132907 px CR (1.58%) en 4s
[164/260] hst_15645_23_acs_wfc_f814w_jdxk23f4_chip1.fits: 87904 px CR (1.05%) en 4s
[165/260] hst_15645_23_acs_wfc_f814w_jdxk23f2_chip1.fits: 77092 px CR (0.92%) en 4s
[166/260] hst_15645_23_acs_wfc_f814w_jdxk23f0_chip1.fits: 78013 px CR (0.93%) en 4s
[167/260] hst_15645_23_acs_wfc_f814w_jdxk23ez_chip2.fits: 149348 px CR (1.78%) en 4s
[168/260] hst_15645_23_acs_wfc_f814w_jdxk23f4_chip2.fits: 104751 px CR (1.25%) en 4s
[169/260] hst_15645_23_acs_wfc_f814w_jdxk23f2_chip2.fits: 84319 px CR (1.01%) en 4s
[170/260] hst_15645_23_acs_wfc_f814w_jdxk23f0_chip2.fits: 99880 px CR (1.19%) en 4s
[171/260] hst_15645_22_acs_wfc_f814w_jdxk22fm_chip1.fits: 122487 px CR (1.46%) en 4s
[172/260] hst_15645_22_acs_wfc_f814w_jdxk22fj_chip1.fits: 92858 px CR (1.11%) en 4s
[173/260] hst_15645_22_acs_wfc_f814w_jdxk22fk_chip1.fits: 92492 px CR (1.10%) en 4s
[174/260] hst_15645_22_acs_wfc_f814w_jdxk22fo_chip1.fits: 133524 px CR (1.59%) en 4s
[175/260] hst_15645_22_acs_wfc_f814w_jdxk22fm_chip2.fits: 109848 px CR (1.31%) en 4s
[176/260] hst_15645_22_acs_wfc_f814w_jdxk22fj_chip2.fits: 85733 px CR (1.02%) en 4s
[177/260] hst_15645_22_acs_wfc_f814w_jdxk22fk_chip2.fits: 86440 px CR (1.03%) en 4s
[178/260] hst_15645_22_acs_wfc_f814w_jdxk22fo_chip2.fits: 127361 px CR (1.52%) en 4s
[179/260] hst_14786_07_acs_wfc_f606w_jd9g07s1_chip1.fits: 144782 px CR (1.73%) en 4s
[180/260] hst_14786_07_acs_wfc_f606w_jd9g07rz_chip1.fits: 92845 px CR (1.11%) en 4s
[181/260] hst_14786_07_acs_wfc_f606w_jd9g07s9_chip1.fits: 92647 px CR (1.10%) en 4s
[182/260] hst_14786_07_acs_wfc_f606w_jd9g07s5_chip1.fits: 134848 px CR (1.61%) en 4s
[183/260] hst_14786_07_acs_wfc_f606w_jd9g07s1_chip2.fits: 148876 px CR (1.77%) en 4s
[184/260] hst_14786_07_acs_wfc_f606w_jd9g07rz_chip2.fits: 96454 px CR (1.15%) en 4s
[185/260] hst_14786_07_acs_wfc_f606w_jd9g07s9_chip2.fits: 85160 px CR (1.02%) en 4s
[186/260] hst_14786_07_acs_wfc_f606w_jd9g07s5_chip2.fits: 131339 px CR (1.57%) en 4s
[187/260] hst_15654_09_acs_wfc_f814w_jdxr09yx_chip1.fits: 220375 px CR (2.63%) en 4s
[188/260] hst_15654_09_acs_wfc_f814w_jdxr09z3_chip1.fits: 283001 px CR (3.37%) en 4s
[189/260] hst_15654_09_acs_wfc_f814w_jdxr09zq_chip1.fits: 189703 px CR (2.26%) en 4s
[190/260] hst_15654_09_acs_wfc_f814w_jdxr09yx_chip2.fits: 224752 px CR (2.68%) en 4s
[191/260] hst_15654_09_acs_wfc_f814w_jdxr09z3_chip2.fits: 273605 px CR (3.26%) en 4s
[192/260] hst_15654_09_acs_wfc_f814w_jdxr09zq_chip2.fits: 203771 px CR (2.43%) en 4s
[193/260] hst_15654_13_acs_wfc_f606w_jdxr13jy_chip1.fits: 215216 px CR (2.57%) en 4s
[194/260] hst_15654_13_acs_wfc_f606w_jdxr13l8_chip1.fits: 198519 px CR (2.37%) en 4s
[195/260] hst_15654_13_acs_wfc_f606w_jdxr13ki_chip1.fits: 363232 px CR (4.33%) en 4s
[196/260] hst_15654_13_acs_wfc_f606w_jdxr13jy_chip2.fits: 209871 px CR (2.50%) en 4s
[197/260] hst_15654_13_acs_wfc_f606w_jdxr13l8_chip2.fits: 201550 px CR (2.40%) en 4s
[198/260] hst_15654_13_acs_wfc_f606w_jdxr13ki_chip2.fits: 348678 px CR (4.16%) en 4s
[199/260] hst_15654_12_acs_wfc_f606w_jdxr12a2_chip1.fits: 203798 px CR (2.43%) en 4s
[200/260] hst_15654_12_acs_wfc_f606w_jdxr12bj_chip1.fits: 207040 px CR (2.47%) en 4s
[201/260] hst_15654_12_acs_wfc_f606w_jdxr12b3_chip1.fits: 391524 px CR (4.67%) en 4s
[202/260] hst_15654_12_acs_wfc_f606w_jdxr12a2_chip2.fits: 212978 px CR (2.54%) en 4s
[203/260] hst_15654_12_acs_wfc_f606w_jdxr12bj_chip2.fits: 214451 px CR (2.56%) en 4s
[204/260] hst_15654_12_acs_wfc_f606w_jdxr12b3_chip2.fits: 393294 px CR (4.69%) en 4s
[205/260] hst_12999_04_acs_wfc_f435w_jc2l04u4_chip1.fits: 121027 px CR (1.44%) en 4s
[206/260] hst_12999_04_acs_wfc_f435w_jc2l04u5_chip1.fits: 111294 px CR (1.33%) en 4s
[207/260] hst_12999_04_acs_wfc_f435w_jc2l04u4_chip2.fits: 116832 px CR (1.39%) en 4s
[208/260] hst_12999_04_acs_wfc_f435w_jc2l04u5_chip2.fits: 112466 px CR (1.34%) en 4s
[209/260] hst_12999_04_acs_wfc_f625w_jc2l04uh_chip1.fits: 100202 px CR (1.19%) en 4s
[210/260] hst_12999_04_acs_wfc_f625w_jc2l04uf_chip1.fits: 81237 px CR (0.97%) en 4s
[211/260] hst_12999_04_acs_wfc_f625w_jc2l04uh_chip2.fits: 103446 px CR (1.23%) en 4s
[212/260] hst_12999_04_acs_wfc_f625w_jc2l04uf_chip2.fits: 76604 px CR (0.91%) en 4s
[213/260] hst_12999_04_acs_wfc_f814w_jc2l04ub_chip1.fits: 102856 px CR (1.23%) en 4s
[214/260] hst_12999_04_acs_wfc_f814w_jc2l04ud_chip1.fits: 142452 px CR (1.70%) en 4s
[215/260] hst_12999_04_acs_wfc_f814w_jc2l04ub_chip2.fits: 95168 px CR (1.13%) en 4s
[216/260] hst_12999_04_acs_wfc_f814w_jc2l04ud_chip2.fits: 128396 px CR (1.53%) en 4s
[217/260] hst_12999_04_acs_wfc_f555w_jc2l04u9_chip1.fits: 91200 px CR (1.09%) en 4s
[218/260] hst_12999_04_acs_wfc_f555w_jc2l04u7_chip1.fits: 130547 px CR (1.56%) en 4s
[219/260] hst_12999_04_acs_wfc_f555w_jc2l04u9_chip2.fits: 91466 px CR (1.09%) en 4s
[220/260] hst_12999_04_acs_wfc_f555w_jc2l04u7_chip2.fits: 128475 px CR (1.53%) en 4s
[221/260] hst_10402_24_acs_wfc_f435w_j96r24rj_chip1.fits: 94822 px CR (1.13%) en 4s
[222/260] hst_10402_24_acs_wfc_f435w_j96r24rk_chip1.fits: 105087 px CR (1.25%) en 4s
[223/260] hst_10402_24_acs_wfc_f435w_j96r24rj_chip2.fits: 90254 px CR (1.08%) en 4s
[224/260] hst_10402_24_acs_wfc_f435w_j96r24rk_chip2.fits: 104727 px CR (1.25%) en 4s
[225/260] hst_10402_21_acs_wfc_f435w_j96r21j4_chip1.fits: 112313 px CR (1.34%) en 4s
[226/260] hst_10402_21_acs_wfc_f435w_j96r21j3_chip1.fits: 98125 px CR (1.17%) en 4s
[227/260] hst_10402_21_acs_wfc_f435w_j96r21j4_chip2.fits: 115621 px CR (1.38%) en 4s
[228/260] hst_10402_21_acs_wfc_f435w_j96r21j3_chip2.fits: 106757 px CR (1.27%) en 4s
[229/260] hst_10402_23_acs_wfc_f435w_j96r23b6_chip1.fits: 172279 px CR (2.05%) en 4s
[230/260] hst_10402_23_acs_wfc_f435w_j96r23b7_chip1.fits: 119741 px CR (1.43%) en 4s
[231/260] hst_10402_23_acs_wfc_f435w_j96r23b6_chip2.fits: 174824 px CR (2.08%) en 4s
[232/260] hst_10402_23_acs_wfc_f435w_j96r23b7_chip2.fits: 113861 px CR (1.36%) en 4s
[233/260] hst_10402_23_acs_wfc_f814w_j96r23bj_chip1.fits: 95669 px CR (1.14%) en 4s
[234/260] hst_10402_23_acs_wfc_f814w_j96r23bh_chip1.fits: 77684 px CR (0.93%) en 4s
[235/260] hst_10402_23_acs_wfc_f814w_j96r23bj_chip2.fits: 84546 px CR (1.01%) en 4s
[236/260] hst_10402_23_acs_wfc_f814w_j96r23bh_chip2.fits: 72883 px CR (0.87%) en 4s
[237/260] hst_10402_21_acs_wfc_f814w_j96r21jg_chip1.fits: 95831 px CR (1.14%) en 4s
[238/260] hst_10402_21_acs_wfc_f814w_j96r21je_chip1.fits: 96742 px CR (1.15%) en 4s
[239/260] hst_10402_21_acs_wfc_f814w_j96r21jg_chip2.fits: 91266 px CR (1.09%) en 4s
[240/260] hst_10402_21_acs_wfc_f814w_j96r21je_chip2.fits: 94843 px CR (1.13%) en 4s
[241/260] hst_13804_01_acs_wfc_f814w_jcmx01bl_chip1.fits: 286714 px CR (3.42%) en 4s
[242/260] hst_13804_01_acs_wfc_f814w_jcmx01bs_chip1.fits: 273398 px CR (3.26%) en 4s
[243/260] hst_13804_01_acs_wfc_f814w_jcmx01bl_chip2.fits: 264090 px CR (3.15%) en 4s
[244/260] hst_13804_01_acs_wfc_f814w_jcmx01bs_chip2.fits: 254634 px CR (3.04%) en 4s
[245/260] hst_10402_24_acs_wfc_f814w_j96r24rm_chip1.fits: 81063 px CR (0.97%) en 4s
[246/260] hst_10402_24_acs_wfc_f814w_j96r24ro_chip1.fits: 71408 px CR (0.85%) en 4s
[247/260] hst_10402_24_acs_wfc_f814w_j96r24rm_chip2.fits: 87350 px CR (1.04%) en 4s
[248/260] hst_10402_24_acs_wfc_f814w_j96r24ro_chip2.fits: 82389 px CR (0.98%) en 4s
[249/260] hst_13804_01_acs_wfc_f606w_jcmx01bo_chip1.fits: 170613 px CR (2.03%) en 4s
[250/260] hst_13804_01_acs_wfc_f606w_jcmx01bj_chip1.fits: 180196 px CR (2.15%) en 4s
[251/260] hst_13804_01_acs_wfc_f606w_jcmx01bo_chip2.fits: 163697 px CR (1.95%) en 4s
[252/260] hst_13804_01_acs_wfc_f606w_jcmx01bj_chip2.fits: 166301 px CR (1.98%) en 4s
[253/260] hst_10402_23_acs_wfc_f555w_j96r23bb_chip1.fits: 122455 px CR (1.46%) en 4s
[254/260] hst_10402_23_acs_wfc_f555w_j96r23b9_chip1.fits: 97581 px CR (1.16%) en 4s
[255/260] hst_10402_23_acs_wfc_f555w_j96r23bb_chip2.fits: 112878 px CR (1.35%) en 4s
[256/260] hst_10402_23_acs_wfc_f555w_j96r23b9_chip2.fits: 93638 px CR (1.12%) en 4s
[257/260] hst_10402_21_acs_wfc_f555w_j96r21j8_chip1.fits: 118715 px CR (1.42%) en 4s
[258/260] hst_10402_21_acs_wfc_f555w_j96r21j6_chip1.fits: 117925 px CR (1.41%) en 4s
[259/260] hst_10402_21_acs_wfc_f555w_j96r21j8_chip2.fits: 124099 px CR (1.48%) en 4s
[260/260] hst_10402_21_acs_wfc_f555w_j96r21j6_chip2.fits: 121627 px CR (1.45%) en 4s
Catalogue écrit: /Volumes/MacStudio_SideCar/TheGrandDenoise/AstroSURE/training_data_crclean/pairs_catalog_crclean.json
