Device: mps | mode: stack2 | checkpoints: checkpoints_run8
Dropped 96 rotated pairs (relative roll > 0.1 deg)
WCS offsets loaded: 116 exposures (40 above 0.3 px)
Stack dataset: 43 units (>=3 same-roll exposures), sizes 3-20, 34 clusters dropped (<3 files)
Slots: 43 total, 34 train, 9 val
Samples: 4352 train, 1152 val
Model: 989,617 parameters
  batch 1/544  loss=0.508408
  batch 50/544  loss=0.075969
  batch 100/544  loss=0.059305
  batch 150/544  loss=0.046631
  batch 200/544  loss=0.059702
  batch 250/544  loss=0.053348
  batch 300/544  loss=0.044547
  batch 350/544  loss=0.038946
  batch 400/544  loss=0.032737
  batch 450/544  loss=0.041111
  batch 500/544  loss=0.045728
Epoch   1/50 | train 0.056783 | val 0.045021 | PSNR 21.77 dB | lr 1.0e-04 | 176s
  -> saved best.pth (val_loss=0.045021)
  batch 1/544  loss=0.046575
  batch 50/544  loss=0.042613
  batch 100/544  loss=0.037178
  batch 150/544  loss=0.037573
  batch 200/544  loss=0.048284
  batch 250/544  loss=0.042843
  batch 300/544  loss=0.033219
  batch 350/544  loss=0.043477
  batch 400/544  loss=0.034226
  batch 450/544  loss=0.036720
  batch 500/544  loss=0.043154
Epoch   2/50 | train 0.040699 | val 0.044723 | PSNR 21.96 dB | lr 1.0e-04 | 163s
  -> saved best.pth (val_loss=0.044723)
  batch 1/544  loss=0.034728
  batch 50/544  loss=0.033978
  batch 100/544  loss=0.036124
  batch 150/544  loss=0.046145
  batch 200/544  loss=0.034004
  batch 250/544  loss=0.056690
  batch 300/544  loss=0.033605
  batch 350/544  loss=0.048651
  batch 400/544  loss=0.024752
  batch 450/544  loss=0.028037
  batch 500/544  loss=0.046693
Epoch   3/50 | train 0.038667 | val 0.041490 | PSNR 22.84 dB | lr 1.0e-04 | 163s
  -> saved best.pth (val_loss=0.041490)
  batch 1/544  loss=0.039004
  batch 50/544  loss=0.038945
  batch 100/544  loss=0.045483
  batch 150/544  loss=0.034136
  batch 200/544  loss=0.036047
  batch 250/544  loss=0.029090
  batch 300/544  loss=0.046787
  batch 350/544  loss=0.032273
  batch 400/544  loss=0.043151
  batch 450/544  loss=0.021090
  batch 500/544  loss=0.035690
Epoch   4/50 | train 0.037248 | val 0.043549 | PSNR 22.54 dB | lr 1.0e-04 | 163s
  batch 1/544  loss=0.042150
  batch 50/544  loss=0.030668
  batch 100/544  loss=0.031520
  batch 150/544  loss=0.022059
  batch 200/544  loss=0.031688
  batch 250/544  loss=0.028060
  batch 300/544  loss=0.031464
  batch 350/544  loss=0.038460
  batch 400/544  loss=0.029569
  batch 450/544  loss=0.031678
  batch 500/544  loss=0.022071
Epoch   5/50 | train 0.035933 | val 0.038900 | PSNR 23.16 dB | lr 1.0e-04 | 163s
  -> saved best.pth (val_loss=0.038900)
  batch 1/544  loss=0.029419
  batch 50/544  loss=0.042804
  batch 100/544  loss=0.036918
  batch 150/544  loss=0.036739
  batch 200/544  loss=0.029771
  batch 250/544  loss=0.032812
  batch 300/544  loss=0.039419
  batch 350/544  loss=0.035954
  batch 400/544  loss=0.028035
  batch 450/544  loss=0.024496
  batch 500/544  loss=0.031418
Epoch   6/50 | train 0.035856 | val 0.039187 | PSNR 23.31 dB | lr 1.0e-04 | 163s
  batch 1/544  loss=0.033908
  batch 50/544  loss=0.039935
  batch 100/544  loss=0.029759
  batch 150/544  loss=0.033461
  batch 200/544  loss=0.039943
  batch 250/544  loss=0.032147
  batch 300/544  loss=0.029107
  batch 350/544  loss=0.034352
  batch 400/544  loss=0.043409
  batch 450/544  loss=0.039455
  batch 500/544  loss=0.046990
Epoch   7/50 | train 0.035978 | val 0.039993 | PSNR 22.94 dB | lr 1.0e-04 | 163s
  batch 1/544  loss=0.047709
  batch 50/544  loss=0.041691
  batch 100/544  loss=0.036354
  batch 150/544  loss=0.036057
  batch 200/544  loss=0.045010
  batch 250/544  loss=0.035322
  batch 300/544  loss=0.031274
  batch 350/544  loss=0.041448
  batch 400/544  loss=0.041604
  batch 450/544  loss=0.037128
  batch 500/544  loss=0.030430
Epoch   8/50 | train 0.035404 | val 0.038823 | PSNR 23.21 dB | lr 1.0e-04 | 163s
  -> saved best.pth (val_loss=0.038823)
  batch 1/544  loss=0.040002
  batch 50/544  loss=0.037367
  batch 100/544  loss=0.047338
  batch 150/544  loss=0.037209
  batch 200/544  loss=0.030140
  batch 250/544  loss=0.034584
  batch 300/544  loss=0.041994
  batch 350/544  loss=0.057102
  batch 400/544  loss=0.040917
  batch 450/544  loss=0.038703
  batch 500/544  loss=0.031678
Epoch   9/50 | train 0.035239 | val 0.038556 | PSNR 23.07 dB | lr 1.0e-04 | 163s
  -> saved best.pth (val_loss=0.038556)
  batch 1/544  loss=0.035600
  batch 50/544  loss=0.032917
  batch 100/544  loss=0.041248
  batch 150/544  loss=0.031761
  batch 200/544  loss=0.044601
  batch 250/544  loss=0.039584
  batch 300/544  loss=0.034924
  batch 350/544  loss=0.022683
  batch 400/544  loss=0.040215
  batch 450/544  loss=0.021388
  batch 500/544  loss=0.025085
Epoch  10/50 | train 0.034697 | val 0.037739 | PSNR 23.38 dB | lr 1.0e-04 | 163s
  -> saved best.pth (val_loss=0.037739)
  batch 1/544  loss=0.034836
  batch 50/544  loss=0.027184
  batch 100/544  loss=0.046895
  batch 150/544  loss=0.030066
  batch 200/544  loss=0.034459
  batch 250/544  loss=0.024157
  batch 300/544  loss=0.028958
  batch 350/544  loss=0.036174
  batch 400/544  loss=0.035796
  batch 450/544  loss=0.039780
  batch 500/544  loss=0.042770
Epoch  11/50 | train 0.034679 | val 0.037994 | PSNR 23.30 dB | lr 1.0e-04 | 164s
  batch 1/544  loss=0.027765
  batch 50/544  loss=0.041279
  batch 100/544  loss=0.037333
  batch 150/544  loss=0.028723
  batch 200/544  loss=0.039669
  batch 250/544  loss=0.037838
  batch 300/544  loss=0.049405
  batch 350/544  loss=0.035703
  batch 400/544  loss=0.033624
  batch 450/544  loss=0.042050
  batch 500/544  loss=0.023377
Epoch  12/50 | train 0.034747 | val 0.037961 | PSNR 23.32 dB | lr 1.0e-04 | 163s
  batch 1/544  loss=0.031895
  batch 50/544  loss=0.035678
  batch 100/544  loss=0.040607
  batch 150/544  loss=0.024497
  batch 200/544  loss=0.034073
  batch 250/544  loss=0.031278
  batch 300/544  loss=0.039719
  batch 350/544  loss=0.030340
  batch 400/544  loss=0.036310
  batch 450/544  loss=0.030207
  batch 500/544  loss=0.042992
Epoch  13/50 | train 0.034201 | val 0.038715 | PSNR 23.18 dB | lr 1.0e-04 | 163s
  batch 1/544  loss=0.038593
  batch 50/544  loss=0.027388
  batch 100/544  loss=0.031761
  batch 150/544  loss=0.037279
  batch 200/544  loss=0.044842
  batch 250/544  loss=0.031583
  batch 300/544  loss=0.046911
  batch 350/544  loss=0.033230
  batch 400/544  loss=0.019313
  batch 450/544  loss=0.021175
  batch 500/544  loss=0.040230
Epoch  14/50 | train 0.034430 | val 0.038203 | PSNR 23.27 dB | lr 1.0e-04 | 163s
  batch 1/544  loss=0.037357
  batch 50/544  loss=0.027013
  batch 100/544  loss=0.046353
  batch 150/544  loss=0.022269
  batch 200/544  loss=0.035978
  batch 250/544  loss=0.039536
  batch 300/544  loss=0.037931
  batch 350/544  loss=0.019215
  batch 400/544  loss=0.026981
  batch 450/544  loss=0.037609
  batch 500/544  loss=0.057328
Epoch  15/50 | train 0.034803 | val 0.038319 | PSNR 23.28 dB | lr 1.0e-04 | 163s
  batch 1/544  loss=0.034131
  batch 50/544  loss=0.035629
  batch 100/544  loss=0.030913
  batch 150/544  loss=0.041806
  batch 200/544  loss=0.037383
  batch 250/544  loss=0.044857
  batch 300/544  loss=0.029582
  batch 350/544  loss=0.038550
  batch 400/544  loss=0.045961
  batch 450/544  loss=0.035071
  batch 500/544  loss=0.037173
Epoch  16/50 | train 0.034545 | val 0.037642 | PSNR 23.50 dB | lr 1.0e-04 | 163s
  -> saved best.pth (val_loss=0.037642)
  batch 1/544  loss=0.026462
  batch 50/544  loss=0.025257
  batch 100/544  loss=0.036099
  batch 150/544  loss=0.027822
  batch 200/544  loss=0.027207
  batch 250/544  loss=0.023363
  batch 300/544  loss=0.029452
  batch 350/544  loss=0.023491
  batch 400/544  loss=0.032180
  batch 450/544  loss=0.036921
  batch 500/544  loss=0.034054
Epoch  17/50 | train 0.033893 | val 0.038342 | PSNR 23.37 dB | lr 1.0e-04 | 163s
  batch 1/544  loss=0.023453
  batch 50/544  loss=0.025934
  batch 100/544  loss=0.027372
  batch 150/544  loss=0.046128
  batch 200/544  loss=0.039946
  batch 250/544  loss=0.025078
  batch 300/544  loss=0.042607
  batch 350/544  loss=0.028955
  batch 400/544  loss=0.029736
  batch 450/544  loss=0.039863
  batch 500/544  loss=0.029296
Epoch  18/50 | train 0.034195 | val 0.037908 | PSNR 23.43 dB | lr 1.0e-04 | 163s
  batch 1/544  loss=0.032119
  batch 50/544  loss=0.029897
  batch 100/544  loss=0.035411
  batch 150/544  loss=0.038213
  batch 200/544  loss=0.022934
  batch 250/544  loss=0.039905
  batch 300/544  loss=0.032919
  batch 350/544  loss=0.042520
  batch 400/544  loss=0.039554
  batch 450/544  loss=0.029642
  batch 500/544  loss=0.039919
Epoch  19/50 | train 0.033990 | val 0.037717 | PSNR 23.42 dB | lr 1.0e-04 | 163s
  batch 1/544  loss=0.022793
  batch 50/544  loss=0.039838
  batch 100/544  loss=0.022832
  batch 150/544  loss=0.033731
  batch 200/544  loss=0.014984
  batch 250/544  loss=0.029928
  batch 300/544  loss=0.029530
  batch 350/544  loss=0.034781
  batch 400/544  loss=0.026348
  batch 450/544  loss=0.044290
  batch 500/544  loss=0.030247
Epoch  20/50 | train 0.033762 | val 0.037621 | PSNR 23.35 dB | lr 1.0e-04 | 163s
  -> saved best.pth (val_loss=0.037621)
  batch 1/544  loss=0.026503
  batch 50/544  loss=0.025932
  batch 100/544  loss=0.023351
  batch 150/544  loss=0.039719
  batch 200/544  loss=0.033910
  batch 250/544  loss=0.037923
  batch 300/544  loss=0.025683
  batch 350/544  loss=0.039237
  batch 400/544  loss=0.020033
  batch 450/544  loss=0.045054
  batch 500/544  loss=0.032972
Epoch  21/50 | train 0.034368 | val 0.038017 | PSNR 23.42 dB | lr 1.0e-04 | 163s
  batch 1/544  loss=0.038275
  batch 50/544  loss=0.033984
  batch 100/544  loss=0.034058
  batch 150/544  loss=0.038897
  batch 200/544  loss=0.047355
  batch 250/544  loss=0.030471
  batch 300/544  loss=0.029525
  batch 350/544  loss=0.037652
  batch 400/544  loss=0.029046
  batch 450/544  loss=0.034004
  batch 500/544  loss=0.032047
Epoch  22/50 | train 0.033635 | val 0.038469 | PSNR 23.32 dB | lr 1.0e-04 | 163s
  batch 1/544  loss=0.016741
  batch 50/544  loss=0.053591
  batch 100/544  loss=0.042208
  batch 150/544  loss=0.030959
  batch 200/544  loss=0.039043
  batch 250/544  loss=0.045409
  batch 300/544  loss=0.035336
  batch 350/544  loss=0.035800
  batch 400/544  loss=0.030523
  batch 450/544  loss=0.040815
  batch 500/544  loss=0.030512
Epoch  23/50 | train 0.034327 | val 0.037776 | PSNR 23.40 dB | lr 1.0e-04 | 163s
  batch 1/544  loss=0.030338
  batch 50/544  loss=0.031052
  batch 100/544  loss=0.043656
  batch 150/544  loss=0.032568
  batch 200/544  loss=0.035897
  batch 250/544  loss=0.024363
  batch 300/544  loss=0.044700
  batch 350/544  loss=0.028790
  batch 400/544  loss=0.033240
  batch 450/544  loss=0.023616
  batch 500/544  loss=0.026557
Epoch  24/50 | train 0.034058 | val 0.038000 | PSNR 23.43 dB | lr 1.0e-04 | 164s
  batch 1/544  loss=0.034484
  batch 50/544  loss=0.037569
  batch 100/544  loss=0.040012
  batch 150/544  loss=0.038052
  batch 200/544  loss=0.033215
  batch 250/544  loss=0.036093
  batch 300/544  loss=0.034167
  batch 350/544  loss=0.045684
  batch 400/544  loss=0.039602
  batch 450/544  loss=0.026456
  batch 500/544  loss=0.031582
Epoch  25/50 | train 0.033507 | val 0.037366 | PSNR 23.46 dB | lr 1.0e-04 | 164s
  -> saved best.pth (val_loss=0.037366)
  batch 1/544  loss=0.028437
  batch 50/544  loss=0.037892
  batch 100/544  loss=0.035055
  batch 150/544  loss=0.034942
  batch 200/544  loss=0.028334
  batch 250/544  loss=0.022552
  batch 300/544  loss=0.038487
  batch 350/544  loss=0.030274
  batch 400/544  loss=0.036828
  batch 450/544  loss=0.041456
  batch 500/544  loss=0.049284
Epoch  26/50 | train 0.033954 | val 0.037705 | PSNR 23.42 dB | lr 1.0e-04 | 163s
  batch 1/544  loss=0.037818
  batch 50/544  loss=0.045438
  batch 100/544  loss=0.037951
  batch 150/544  loss=0.017571
  batch 200/544  loss=0.044488
  batch 250/544  loss=0.037589
  batch 300/544  loss=0.028103
  batch 350/544  loss=0.035790
  batch 400/544  loss=0.045148
  batch 450/544  loss=0.039303
  batch 500/544  loss=0.031905
Epoch  27/50 | train 0.034117 | val 0.037480 | PSNR 23.36 dB | lr 1.0e-04 | 163s
  batch 1/544  loss=0.027040
  batch 50/544  loss=0.030412
  batch 100/544  loss=0.027441
  batch 150/544  loss=0.030030
  batch 200/544  loss=0.027736
  batch 250/544  loss=0.042161
  batch 300/544  loss=0.024138
  batch 350/544  loss=0.039934
  batch 400/544  loss=0.026221
  batch 450/544  loss=0.029079
  batch 500/544  loss=0.032073
Epoch  28/50 | train 0.033633 | val 0.037308 | PSNR 23.52 dB | lr 1.0e-04 | 167s
  -> saved best.pth (val_loss=0.037308)
  batch 1/544  loss=0.020260
  batch 50/544  loss=0.041524
  batch 100/544  loss=0.021697
  batch 150/544  loss=0.030880
  batch 200/544  loss=0.026415
  batch 250/544  loss=0.040647
  batch 300/544  loss=0.043865
  batch 350/544  loss=0.033971
  batch 400/544  loss=0.033248
  batch 450/544  loss=0.035212
  batch 500/544  loss=0.049081
Epoch  29/50 | train 0.033687 | val 0.037425 | PSNR 23.44 dB | lr 1.0e-04 | 171s
  batch 1/544  loss=0.041385
  batch 50/544  loss=0.043236
  batch 100/544  loss=0.035975
  batch 150/544  loss=0.052951
  batch 200/544  loss=0.042778
  batch 250/544  loss=0.035315
  batch 300/544  loss=0.031658
  batch 350/544  loss=0.032068
  batch 400/544  loss=0.029205
  batch 450/544  loss=0.026912
  batch 500/544  loss=0.034084
Epoch  30/50 | train 0.033993 | val 0.036673 | PSNR 23.58 dB | lr 1.0e-04 | 171s
  -> saved best.pth (val_loss=0.036673)
  batch 1/544  loss=0.021269
  batch 50/544  loss=0.031651
  batch 100/544  loss=0.027306
  batch 150/544  loss=0.034052
  batch 200/544  loss=0.035054
  batch 250/544  loss=0.030554
  batch 300/544  loss=0.034676
  batch 350/544  loss=0.034550
  batch 400/544  loss=0.041765
  batch 450/544  loss=0.033183
  batch 500/544  loss=0.033350
Epoch  31/50 | train 0.033852 | val 0.037605 | PSNR 23.60 dB | lr 1.0e-04 | 170s
  batch 1/544  loss=0.022358
  batch 50/544  loss=0.037336
  batch 100/544  loss=0.037351
  batch 150/544  loss=0.023461
  batch 200/544  loss=0.043905
  batch 250/544  loss=0.035682
  batch 300/544  loss=0.042111
  batch 350/544  loss=0.037312
  batch 400/544  loss=0.030590
  batch 450/544  loss=0.026840
  batch 500/544  loss=0.035075
Epoch  32/50 | train 0.033643 | val 0.037088 | PSNR 23.51 dB | lr 1.0e-04 | 168s
  batch 1/544  loss=0.034464
  batch 50/544  loss=0.030200
  batch 100/544  loss=0.033874
  batch 150/544  loss=0.035848
  batch 200/544  loss=0.042218
  batch 250/544  loss=0.023504
  batch 300/544  loss=0.028601
  batch 350/544  loss=0.024268
  batch 400/544  loss=0.018441
  batch 450/544  loss=0.038553
  batch 500/544  loss=0.030420
Epoch  33/50 | train 0.033673 | val 0.036847 | PSNR 23.84 dB | lr 1.0e-04 | 172s
  batch 1/544  loss=0.028231
  batch 50/544  loss=0.026628
  batch 100/544  loss=0.035968
  batch 150/544  loss=0.031619
  batch 200/544  loss=0.044378
  batch 250/544  loss=0.036360
  batch 300/544  loss=0.036485
  batch 350/544  loss=0.032323
  batch 400/544  loss=0.025565
  batch 450/544  loss=0.042332
  batch 500/544  loss=0.036453
Epoch  34/50 | train 0.033601 | val 0.037352 | PSNR 23.54 dB | lr 1.0e-04 | 171s
  batch 1/544  loss=0.028801
  batch 50/544  loss=0.040120
  batch 100/544  loss=0.030701
  batch 150/544  loss=0.027676
  batch 200/544  loss=0.027279
  batch 250/544  loss=0.030140
  batch 300/544  loss=0.034637
  batch 350/544  loss=0.029480
  batch 400/544  loss=0.016635
  batch 450/544  loss=0.048183
  batch 500/544  loss=0.034783
Epoch  35/50 | train 0.033489 | val 0.036354 | PSNR 23.58 dB | lr 1.0e-04 | 171s
  -> saved best.pth (val_loss=0.036354)
  batch 1/544  loss=0.024987
  batch 50/544  loss=0.031119
  batch 100/544  loss=0.024039
  batch 150/544  loss=0.038927
  batch 200/544  loss=0.046065
  batch 250/544  loss=0.037054
  batch 300/544  loss=0.024671
  batch 350/544  loss=0.033846
  batch 400/544  loss=0.042651
  batch 450/544  loss=0.030133
  batch 500/544  loss=0.034393
Epoch  36/50 | train 0.033677 | val 0.037572 | PSNR 23.61 dB | lr 1.0e-04 | 176s
  batch 1/544  loss=0.044656
  batch 50/544  loss=0.036744
  batch 100/544  loss=0.027128
  batch 150/544  loss=0.047917
  batch 200/544  loss=0.032800
  batch 250/544  loss=0.032065
  batch 300/544  loss=0.027480
  batch 350/544  loss=0.035110
  batch 400/544  loss=0.034898
  batch 450/544  loss=0.040098
  batch 500/544  loss=0.049884
Epoch  37/50 | train 0.033852 | val 0.036315 | PSNR 23.72 dB | lr 1.0e-04 | 179s
  -> saved best.pth (val_loss=0.036315)
  batch 1/544  loss=0.041048
  batch 50/544  loss=0.036982
  batch 100/544  loss=0.048500
  batch 150/544  loss=0.040153
  batch 200/544  loss=0.028736
  batch 250/544  loss=0.043308
  batch 300/544  loss=0.039356
  batch 350/544  loss=0.029247
  batch 400/544  loss=0.040801
  batch 450/544  loss=0.024936
  batch 500/544  loss=0.033870
Epoch  38/50 | train 0.033463 | val 0.037021 | PSNR 23.65 dB | lr 1.0e-04 | 169s
  batch 1/544  loss=0.032483
  batch 50/544  loss=0.034542
  batch 100/544  loss=0.019773
  batch 150/544  loss=0.024362
  batch 200/544  loss=0.030837
  batch 250/544  loss=0.033203
  batch 300/544  loss=0.034143
  batch 350/544  loss=0.026757
  batch 400/544  loss=0.036172
  batch 450/544  loss=0.035482
  batch 500/544  loss=0.040576
Epoch  39/50 | train 0.033280 | val 0.036833 | PSNR 23.73 dB | lr 1.0e-04 | 168s
  batch 1/544  loss=0.030402
  batch 50/544  loss=0.033911
  batch 100/544  loss=0.020613
  batch 150/544  loss=0.029244
  batch 200/544  loss=0.046579
  batch 250/544  loss=0.040938
  batch 300/544  loss=0.042264
  batch 350/544  loss=0.038923
  batch 400/544  loss=0.025400
  batch 450/544  loss=0.029919
  batch 500/544  loss=0.027730
Epoch  40/50 | train 0.033566 | val 0.036952 | PSNR 23.63 dB | lr 1.0e-04 | 170s
  batch 1/544  loss=0.044111
  batch 50/544  loss=0.042746
  batch 100/544  loss=0.031768
  batch 150/544  loss=0.033382
  batch 200/544  loss=0.022206
  batch 250/544  loss=0.039728
  batch 300/544  loss=0.049223
  batch 350/544  loss=0.040064
  batch 400/544  loss=0.061314
  batch 450/544  loss=0.027247
  batch 500/544  loss=0.027882
Epoch  41/50 | train 0.033353 | val 0.037900 | PSNR 23.55 dB | lr 1.0e-04 | 169s
  batch 1/544  loss=0.038149
  batch 50/544  loss=0.030362
  batch 100/544  loss=0.035532
  batch 150/544  loss=0.012375
  batch 200/544  loss=0.041968
  batch 250/544  loss=0.026265
  batch 300/544  loss=0.045626
  batch 350/544  loss=0.040544
  batch 400/544  loss=0.033387
  batch 450/544  loss=0.046401
  batch 500/544  loss=0.032823
Epoch  42/50 | train 0.033685 | val 0.037533 | PSNR 23.55 dB | lr 1.0e-04 | 170s
  batch 1/544  loss=0.024084
  batch 50/544  loss=0.028009
  batch 100/544  loss=0.034772
  batch 150/544  loss=0.028585
  batch 200/544  loss=0.040506
  batch 250/544  loss=0.030086
  batch 300/544  loss=0.035873
  batch 350/544  loss=0.029603
  batch 400/544  loss=0.042005
  batch 450/544  loss=0.046719
  batch 500/544  loss=0.020844
Epoch  43/50 | train 0.033850 | val 0.036963 | PSNR 23.63 dB | lr 5.0e-05 | 170s
  batch 1/544  loss=0.025539
  batch 50/544  loss=0.043162
  batch 100/544  loss=0.038800
  batch 150/544  loss=0.030755
  batch 200/544  loss=0.030106
  batch 250/544  loss=0.031703
  batch 300/544  loss=0.022956
  batch 350/544  loss=0.029135
  batch 400/544  loss=0.028051
  batch 450/544  loss=0.027887
  batch 500/544  loss=0.020040
Epoch  44/50 | train 0.033359 | val 0.036795 | PSNR 23.73 dB | lr 5.0e-05 | 170s
  batch 1/544  loss=0.033921
  batch 50/544  loss=0.034560
  batch 100/544  loss=0.031219
  batch 150/544  loss=0.041368
  batch 200/544  loss=0.035019
  batch 250/544  loss=0.037932
  batch 300/544  loss=0.033747
  batch 350/544  loss=0.033499
  batch 400/544  loss=0.020806
  batch 450/544  loss=0.035110
  batch 500/544  loss=0.032608
Epoch  45/50 | train 0.033220 | val 0.037337 | PSNR 23.48 dB | lr 5.0e-05 | 170s
  batch 1/544  loss=0.033130
  batch 50/544  loss=0.032047
  batch 100/544  loss=0.032624
  batch 150/544  loss=0.022716
  batch 200/544  loss=0.019576
  batch 250/544  loss=0.026051
  batch 300/544  loss=0.033187
  batch 350/544  loss=0.052607
  batch 400/544  loss=0.032805
  batch 450/544  loss=0.030522
  batch 500/544  loss=0.031883
Epoch  46/50 | train 0.033364 | val 0.036953 | PSNR 23.63 dB | lr 5.0e-05 | 171s
  batch 1/544  loss=0.029524
  batch 50/544  loss=0.043068
  batch 100/544  loss=0.040712
  batch 150/544  loss=0.033423
  batch 200/544  loss=0.030689
  batch 250/544  loss=0.030217
  batch 300/544  loss=0.039690
  batch 350/544  loss=0.033065
  batch 400/544  loss=0.040617
  batch 450/544  loss=0.039594
  batch 500/544  loss=0.043349
Epoch  47/50 | train 0.033467 | val 0.036688 | PSNR 23.57 dB | lr 5.0e-05 | 171s
  batch 1/544  loss=0.025167
  batch 50/544  loss=0.038533
  batch 100/544  loss=0.040212
  batch 150/544  loss=0.024140
  batch 200/544  loss=0.030986
  batch 250/544  loss=0.023485
  batch 300/544  loss=0.035026
  batch 350/544  loss=0.034914
  batch 400/544  loss=0.038761
  batch 450/544  loss=0.027259
  batch 500/544  loss=0.022773
Epoch  48/50 | train 0.033560 | val 0.036786 | PSNR 23.53 dB | lr 5.0e-05 | 170s
  batch 1/544  loss=0.035725
  batch 50/544  loss=0.043190
  batch 100/544  loss=0.032633
  batch 150/544  loss=0.033866
  batch 200/544  loss=0.036235
  batch 250/544  loss=0.016992
  batch 300/544  loss=0.033172
  batch 350/544  loss=0.030765
  batch 400/544  loss=0.031843
  batch 450/544  loss=0.035275
  batch 500/544  loss=0.039069
Epoch  49/50 | train 0.033515 | val 0.037405 | PSNR 23.34 dB | lr 2.5e-05 | 170s
  batch 1/544  loss=0.046502
  batch 50/544  loss=0.065163
  batch 100/544  loss=0.028006
  batch 150/544  loss=0.035481
  batch 200/544  loss=0.031024
  batch 250/544  loss=0.035077
  batch 300/544  loss=0.041281
  batch 350/544  loss=0.027538
  batch 400/544  loss=0.035182
  batch 450/544  loss=0.033606
  batch 500/544  loss=0.013700
Epoch  50/50 | train 0.033360 | val 0.037509 | PSNR 23.66 dB | lr 2.5e-05 | 171s
Training complete.
