Device: mps
Pairs: 986 total, 788 train, 198 val
Samples: 6304 train, 1584 val
Model: 988,609 parameters
  batch 1/788  loss=0.092895
  batch 50/788  loss=0.037571
  batch 100/788  loss=0.019405
  batch 150/788  loss=0.018604
  batch 200/788  loss=0.016853
  batch 250/788  loss=0.025617
  batch 300/788  loss=0.024865
  batch 350/788  loss=0.025975
  batch 400/788  loss=0.035106
  batch 450/788  loss=0.038529
  batch 500/788  loss=0.026986
  batch 550/788  loss=0.046787
  batch 600/788  loss=0.034561
  batch 650/788  loss=0.016859
  batch 700/788  loss=0.033248
  batch 750/788  loss=0.029572
Epoch   1/50 | train 0.032442 | val 0.034469 | PSNR 16.68 dB | lr 1.0e-04 | 162s
  -> saved best.pth (val_loss=0.034469)
  batch 1/788  loss=0.018778
  batch 50/788  loss=0.029882
  batch 100/788  loss=0.071162
  batch 150/788  loss=0.014549
  batch 200/788  loss=0.014229
  batch 250/788  loss=0.048044
  batch 300/788  loss=0.039261
  batch 350/788  loss=0.032482
  batch 400/788  loss=0.059806
  batch 450/788  loss=0.057562
  batch 500/788  loss=0.019470
  batch 550/788  loss=0.028271
  batch 600/788  loss=0.116378
  batch 650/788  loss=0.026493
  batch 700/788  loss=0.012468
  batch 750/788  loss=0.047466
Epoch   2/50 | train 0.030049 | val 0.034808 | PSNR 16.99 dB | lr 1.0e-04 | 132s
  batch 1/788  loss=0.020568
  batch 50/788  loss=0.055892
  batch 100/788  loss=0.019955
  batch 150/788  loss=0.027268
  batch 200/788  loss=0.028331
  batch 250/788  loss=0.058247
  batch 300/788  loss=0.015326
  batch 350/788  loss=0.037774
  batch 400/788  loss=0.030860
  batch 450/788  loss=0.011430
  batch 500/788  loss=0.018657
  batch 550/788  loss=0.019553
  batch 600/788  loss=0.036144
  batch 650/788  loss=0.024758
  batch 700/788  loss=0.016828
  batch 750/788  loss=0.031172
Epoch   3/50 | train 0.028849 | val 0.027469 | PSNR 17.46 dB | lr 1.0e-04 | 133s
  -> saved best.pth (val_loss=0.027469)
  batch 1/788  loss=0.038079
  batch 50/788  loss=0.016783
  batch 100/788  loss=0.033304
  batch 150/788  loss=0.040147
  batch 200/788  loss=0.056890
  batch 250/788  loss=0.018027
  batch 300/788  loss=0.017043
  batch 350/788  loss=0.056747
  batch 400/788  loss=0.015965
  batch 450/788  loss=0.017175
  batch 500/788  loss=0.018683
  batch 550/788  loss=0.017250
  batch 600/788  loss=0.033720
  batch 650/788  loss=0.024258
  batch 700/788  loss=0.016037
  batch 750/788  loss=0.012736
Epoch   4/50 | train 0.027127 | val 0.024343 | PSNR 17.72 dB | lr 1.0e-04 | 133s
  -> saved best.pth (val_loss=0.024343)
  batch 1/788  loss=0.019001
  batch 50/788  loss=0.016235
  batch 100/788  loss=0.018518
  batch 150/788  loss=0.016209
  batch 200/788  loss=0.026559
  batch 250/788  loss=0.011644
  batch 300/788  loss=0.026668
  batch 350/788  loss=0.036233
  batch 400/788  loss=0.021319
  batch 450/788  loss=0.035693
  batch 500/788  loss=0.029747
  batch 550/788  loss=0.023499
  batch 600/788  loss=0.023603
  batch 650/788  loss=0.019080
  batch 700/788  loss=0.013609
  batch 750/788  loss=0.019194
Epoch   5/50 | train 0.024469 | val 0.023326 | PSNR 17.90 dB | lr 1.0e-04 | 141s
  -> saved best.pth (val_loss=0.023326)
  batch 1/788  loss=0.013736
  batch 50/788  loss=0.013201
  batch 100/788  loss=0.036110
  batch 150/788  loss=0.015944
  batch 200/788  loss=0.037478
  batch 250/788  loss=0.028413
  batch 300/788  loss=0.022494
  batch 350/788  loss=0.058639
  batch 400/788  loss=0.017340
  batch 450/788  loss=0.019431
  batch 500/788  loss=0.009982
  batch 550/788  loss=0.015198
  batch 600/788  loss=0.068206
  batch 650/788  loss=0.023045
  batch 700/788  loss=0.047457
  batch 750/788  loss=0.012941
Epoch   6/50 | train 0.024147 | val 0.021921 | PSNR 17.86 dB | lr 1.0e-04 | 131s
  -> saved best.pth (val_loss=0.021921)
  batch 1/788  loss=0.019656
  batch 50/788  loss=0.015883
  batch 100/788  loss=0.014965
  batch 150/788  loss=0.033509
  batch 200/788  loss=0.024787
  batch 250/788  loss=0.020766
  batch 300/788  loss=0.020463
  batch 350/788  loss=0.036949
  batch 400/788  loss=0.022135
  batch 450/788  loss=0.040303
  batch 500/788  loss=0.021631
  batch 550/788  loss=0.021865
  batch 600/788  loss=0.017215
  batch 650/788  loss=0.034025
  batch 700/788  loss=0.019112
  batch 750/788  loss=0.030801
Epoch   7/50 | train 0.023752 | val 0.027233 | PSNR 17.76 dB | lr 1.0e-04 | 131s
  batch 1/788  loss=0.025364
  batch 50/788  loss=0.016149
  batch 100/788  loss=0.065212
  batch 150/788  loss=0.014388
  batch 200/788  loss=0.023289
  batch 250/788  loss=0.017056
  batch 300/788  loss=0.011542
  batch 350/788  loss=0.021756
  batch 400/788  loss=0.020876
  batch 450/788  loss=0.025015
  batch 500/788  loss=0.055622
  batch 550/788  loss=0.014987
  batch 600/788  loss=0.025547
  batch 650/788  loss=0.030319
  batch 700/788  loss=0.037918
  batch 750/788  loss=0.066853
Epoch   8/50 | train 0.022992 | val 0.022732 | PSNR 17.73 dB | lr 1.0e-04 | 131s
  batch 1/788  loss=0.025646
  batch 50/788  loss=0.019658
  batch 100/788  loss=0.064493
  batch 150/788  loss=0.020659
  batch 200/788  loss=0.020216
  batch 250/788  loss=0.014804
  batch 300/788  loss=0.018819
  batch 350/788  loss=0.031405
  batch 400/788  loss=0.018868
  batch 450/788  loss=0.015590
  batch 500/788  loss=0.023980
  batch 550/788  loss=0.011179
  batch 600/788  loss=0.024779
  batch 650/788  loss=0.017203
  batch 700/788  loss=0.007705
  batch 750/788  loss=0.029559
Epoch   9/50 | train 0.022637 | val 0.021927 | PSNR 18.45 dB | lr 1.0e-04 | 131s
  batch 1/788  loss=0.014697
  batch 50/788  loss=0.015610
  batch 100/788  loss=0.013914
  batch 150/788  loss=0.014010
  batch 200/788  loss=0.014305
  batch 250/788  loss=0.014215
  batch 300/788  loss=0.028914
  batch 350/788  loss=0.012867
  batch 400/788  loss=0.015508
  batch 450/788  loss=0.011976
  batch 500/788  loss=0.012541
  batch 550/788  loss=0.025342
  batch 600/788  loss=0.022064
  batch 650/788  loss=0.023009
  batch 700/788  loss=0.033365
  batch 750/788  loss=0.013924
Epoch  10/50 | train 0.022180 | val 0.020566 | PSNR 18.05 dB | lr 1.0e-04 | 131s
  -> saved best.pth (val_loss=0.020566)
  batch 1/788  loss=0.021906
  batch 50/788  loss=0.021501
  batch 100/788  loss=0.014187
  batch 150/788  loss=0.027574
  batch 200/788  loss=0.020708
  batch 250/788  loss=0.015004
  batch 300/788  loss=0.015294
  batch 350/788  loss=0.020520
  batch 400/788  loss=0.016438
  batch 450/788  loss=0.013577
  batch 500/788  loss=0.025597
  batch 550/788  loss=0.021319
  batch 600/788  loss=0.012481
  batch 650/788  loss=0.035736
  batch 700/788  loss=0.014174
  batch 750/788  loss=0.013173
Epoch  11/50 | train 0.021363 | val 0.021401 | PSNR 17.86 dB | lr 1.0e-04 | 131s
  batch 1/788  loss=0.017025
  batch 50/788  loss=0.013985
  batch 100/788  loss=0.014243
  batch 150/788  loss=0.013510
  batch 200/788  loss=0.014129
  batch 250/788  loss=0.017517
  batch 300/788  loss=0.024142
  batch 350/788  loss=0.020723
  batch 400/788  loss=0.017528
  batch 450/788  loss=0.017292
  batch 500/788  loss=0.040751
  batch 550/788  loss=0.015664
  batch 600/788  loss=0.014361
  batch 650/788  loss=0.013805
  batch 700/788  loss=0.012157
  batch 750/788  loss=0.023912
Epoch  12/50 | train 0.020813 | val 0.023141 | PSNR 17.98 dB | lr 1.0e-04 | 131s
  batch 1/788  loss=0.018848
  batch 50/788  loss=0.028562
  batch 100/788  loss=0.034251
  batch 150/788  loss=0.013504
  batch 200/788  loss=0.017543
  batch 250/788  loss=0.013550
  batch 300/788  loss=0.022656
  batch 350/788  loss=0.034476
  batch 400/788  loss=0.024894
  batch 450/788  loss=0.015596
  batch 500/788  loss=0.025055
  batch 550/788  loss=0.019862
  batch 600/788  loss=0.017113
  batch 650/788  loss=0.020423
  batch 700/788  loss=0.025875
  batch 750/788  loss=0.015025
Epoch  13/50 | train 0.020296 | val 0.020002 | PSNR 18.33 dB | lr 1.0e-04 | 131s
  -> saved best.pth (val_loss=0.020002)
  batch 1/788  loss=0.019095
  batch 50/788  loss=0.021267
  batch 100/788  loss=0.024297
  batch 150/788  loss=0.025668
  batch 200/788  loss=0.028773
  batch 250/788  loss=0.026750
  batch 300/788  loss=0.057341
  batch 350/788  loss=0.045264
  batch 400/788  loss=0.015118
  batch 450/788  loss=0.017567
  batch 500/788  loss=0.017677
  batch 550/788  loss=0.012518
  batch 600/788  loss=0.020195
  batch 650/788  loss=0.022451
  batch 700/788  loss=0.032040
  batch 750/788  loss=0.024443
Epoch  14/50 | train 0.020654 | val 0.020625 | PSNR 18.01 dB | lr 1.0e-04 | 131s
  batch 1/788  loss=0.016904
  batch 50/788  loss=0.039215
  batch 100/788  loss=0.015840
  batch 150/788  loss=0.019216
  batch 200/788  loss=0.014194
  batch 250/788  loss=0.031402
  batch 300/788  loss=0.027369
  batch 350/788  loss=0.017881
  batch 400/788  loss=0.022467
  batch 450/788  loss=0.019157
  batch 500/788  loss=0.016650
  batch 550/788  loss=0.018472
  batch 600/788  loss=0.014644
  batch 650/788  loss=0.016161
  batch 700/788  loss=0.016001
  batch 750/788  loss=0.016748
Epoch  15/50 | train 0.020523 | val 0.023858 | PSNR 18.38 dB | lr 1.0e-04 | 131s
  batch 1/788  loss=0.016285
  batch 50/788  loss=0.018830
  batch 100/788  loss=0.030569
  batch 150/788  loss=0.016355
  batch 200/788  loss=0.019605
  batch 250/788  loss=0.014603
  batch 300/788  loss=0.023539
  batch 350/788  loss=0.028098
  batch 400/788  loss=0.016100
  batch 450/788  loss=0.022396
  batch 500/788  loss=0.028960
  batch 550/788  loss=0.018967
  batch 600/788  loss=0.014769
  batch 650/788  loss=0.027733
  batch 700/788  loss=0.030103
  batch 750/788  loss=0.013158
Epoch  16/50 | train 0.020758 | val 0.020887 | PSNR 18.60 dB | lr 1.0e-04 | 131s
  batch 1/788  loss=0.019287
  batch 50/788  loss=0.019283
  batch 100/788  loss=0.012781
  batch 150/788  loss=0.013794
  batch 200/788  loss=0.042779
  batch 250/788  loss=0.010334
  batch 300/788  loss=0.011990
  batch 350/788  loss=0.023692
  batch 400/788  loss=0.014170
  batch 450/788  loss=0.020976
  batch 500/788  loss=0.017743
  batch 550/788  loss=0.014506
  batch 600/788  loss=0.016186
  batch 650/788  loss=0.011214
  batch 700/788  loss=0.023592
  batch 750/788  loss=0.019205
Epoch  17/50 | train 0.020097 | val 0.020787 | PSNR 18.59 dB | lr 1.0e-04 | 131s
  batch 1/788  loss=0.016989
  batch 50/788  loss=0.013571
  batch 100/788  loss=0.015508
  batch 150/788  loss=0.031209
  batch 200/788  loss=0.071879
  batch 250/788  loss=0.011251
  batch 300/788  loss=0.023147
  batch 350/788  loss=0.016689
  batch 400/788  loss=0.012354
  batch 450/788  loss=0.016093
  batch 500/788  loss=0.020353
  batch 550/788  loss=0.022006
  batch 600/788  loss=0.013475
  batch 650/788  loss=0.016343
  batch 700/788  loss=0.015098
  batch 750/788  loss=0.013815
Epoch  18/50 | train 0.019771 | val 0.020908 | PSNR 18.29 dB | lr 1.0e-04 | 131s
  batch 1/788  loss=0.021622
  batch 50/788  loss=0.023631
  batch 100/788  loss=0.016153
  batch 150/788  loss=0.017429
  batch 200/788  loss=0.023685
  batch 250/788  loss=0.019584
  batch 300/788  loss=0.018724
  batch 350/788  loss=0.017139
  batch 400/788  loss=0.014019
  batch 450/788  loss=0.018851
  batch 500/788  loss=0.026377
  batch 550/788  loss=0.024825
  batch 600/788  loss=0.017688
  batch 650/788  loss=0.021789
  batch 700/788  loss=0.039762
  batch 750/788  loss=0.030784
Epoch  19/50 | train 0.019895 | val 0.024534 | PSNR 18.00 dB | lr 5.0e-05 | 131s
  batch 1/788  loss=0.013029
  batch 50/788  loss=0.022867
  batch 100/788  loss=0.015845
  batch 150/788  loss=0.019181
  batch 200/788  loss=0.010071
  batch 250/788  loss=0.013527
  batch 300/788  loss=0.011700
  batch 350/788  loss=0.022331
  batch 400/788  loss=0.014515
  batch 450/788  loss=0.017290
  batch 500/788  loss=0.012396
  batch 550/788  loss=0.017938
  batch 600/788  loss=0.013116
  batch 650/788  loss=0.013178
  batch 700/788  loss=0.010252
  batch 750/788  loss=0.010286
Epoch  20/50 | train 0.018542 | val 0.018252 | PSNR 18.93 dB | lr 5.0e-05 | 131s
  -> saved best.pth (val_loss=0.018252)
  batch 1/788  loss=0.018280
  batch 50/788  loss=0.014460
  batch 100/788  loss=0.013471
  batch 150/788  loss=0.023080
  batch 200/788  loss=0.023618
  batch 250/788  loss=0.014660
  batch 300/788  loss=0.017454
  batch 350/788  loss=0.017001
  batch 400/788  loss=0.017594
  batch 450/788  loss=0.013378
  batch 500/788  loss=0.029816
  batch 550/788  loss=0.012634
  batch 600/788  loss=0.018842
  batch 650/788  loss=0.014693
  batch 700/788  loss=0.023597
  batch 750/788  loss=0.026340
Epoch  21/50 | train 0.018570 | val 0.018494 | PSNR 18.82 dB | lr 5.0e-05 | 131s
  batch 1/788  loss=0.013543
  batch 50/788  loss=0.028509
  batch 100/788  loss=0.013821
  batch 150/788  loss=0.011482
  batch 200/788  loss=0.020547
  batch 250/788  loss=0.012675
  batch 300/788  loss=0.019217
  batch 350/788  loss=0.021105
  batch 400/788  loss=0.013882
  batch 450/788  loss=0.012551
  batch 500/788  loss=0.020778
  batch 550/788  loss=0.014389
  batch 600/788  loss=0.012077
  batch 650/788  loss=0.010992
  batch 700/788  loss=0.020228
  batch 750/788  loss=0.013006
Epoch  22/50 | train 0.018341 | val 0.020158 | PSNR 18.60 dB | lr 5.0e-05 | 131s
  batch 1/788  loss=0.024733
  batch 50/788  loss=0.017170
  batch 100/788  loss=0.013371
  batch 150/788  loss=0.011601
  batch 200/788  loss=0.012163
  batch 250/788  loss=0.011676
  batch 300/788  loss=0.013545
  batch 350/788  loss=0.024003
  batch 400/788  loss=0.016039
  batch 450/788  loss=0.031220
  batch 500/788  loss=0.018141
  batch 550/788  loss=0.020955
  batch 600/788  loss=0.018240
  batch 650/788  loss=0.021218
  batch 700/788  loss=0.026585
  batch 750/788  loss=0.017407
Epoch  23/50 | train 0.018653 | val 0.018031 | PSNR 18.94 dB | lr 5.0e-05 | 131s
  -> saved best.pth (val_loss=0.018031)
  batch 1/788  loss=0.021928
  batch 50/788  loss=0.023951
  batch 100/788  loss=0.013080
  batch 150/788  loss=0.013958
  batch 200/788  loss=0.017721
  batch 250/788  loss=0.011995
  batch 300/788  loss=0.010112
  batch 350/788  loss=0.014114
  batch 400/788  loss=0.014081
  batch 450/788  loss=0.017014
  batch 500/788  loss=0.013260
  batch 550/788  loss=0.029576
  batch 600/788  loss=0.012721
  batch 650/788  loss=0.015836
  batch 700/788  loss=0.016115
  batch 750/788  loss=0.015003
Epoch  24/50 | train 0.018249 | val 0.018296 | PSNR 18.93 dB | lr 5.0e-05 | 131s
  batch 1/788  loss=0.013339
  batch 50/788  loss=0.037835
  batch 100/788  loss=0.029351
  batch 150/788  loss=0.013946
  batch 200/788  loss=0.016719
  batch 250/788  loss=0.015313
  batch 300/788  loss=0.013182
  batch 350/788  loss=0.028651
  batch 400/788  loss=0.038854
  batch 450/788  loss=0.013845
  batch 500/788  loss=0.016509
  batch 550/788  loss=0.018073
  batch 600/788  loss=0.013229
  batch 650/788  loss=0.034433
  batch 700/788  loss=0.020504
  batch 750/788  loss=0.012368
Epoch  25/50 | train 0.017948 | val 0.019968 | PSNR 18.88 dB | lr 5.0e-05 | 131s
  batch 1/788  loss=0.014296
  batch 50/788  loss=0.042692
  batch 100/788  loss=0.008514
  batch 150/788  loss=0.015729
  batch 200/788  loss=0.016922
  batch 250/788  loss=0.016398
  batch 300/788  loss=0.018997
  batch 350/788  loss=0.022579
  batch 400/788  loss=0.017436
  batch 450/788  loss=0.015331
  batch 500/788  loss=0.013258
  batch 550/788  loss=0.015341
  batch 600/788  loss=0.019503
  batch 650/788  loss=0.017834
  batch 700/788  loss=0.015432
  batch 750/788  loss=0.015004
Epoch  26/50 | train 0.018985 | val 0.018054 | PSNR 18.83 dB | lr 5.0e-05 | 131s
  batch 1/788  loss=0.022903
  batch 50/788  loss=0.017016
  batch 100/788  loss=0.043703
  batch 150/788  loss=0.024544
  batch 200/788  loss=0.015520
  batch 250/788  loss=0.017554
  batch 300/788  loss=0.015201
  batch 350/788  loss=0.016778
  batch 400/788  loss=0.016136
  batch 450/788  loss=0.012489
  batch 500/788  loss=0.023131
  batch 550/788  loss=0.014334
  batch 600/788  loss=0.017075
  batch 650/788  loss=0.015704
  batch 700/788  loss=0.014863
  batch 750/788  loss=0.015836
Epoch  27/50 | train 0.018446 | val 0.018166 | PSNR 19.15 dB | lr 5.0e-05 | 131s
  batch 1/788  loss=0.017626
  batch 50/788  loss=0.017752
  batch 100/788  loss=0.039332
  batch 150/788  loss=0.020853
  batch 200/788  loss=0.022174
  batch 250/788  loss=0.017466
  batch 300/788  loss=0.015219
  batch 350/788  loss=0.024200
  batch 400/788  loss=0.014582
  batch 450/788  loss=0.014567
  batch 500/788  loss=0.010517
  batch 550/788  loss=0.011637
  batch 600/788  loss=0.017500
  batch 650/788  loss=0.037523
  batch 700/788  loss=0.012293
  batch 750/788  loss=0.015331
Epoch  28/50 | train 0.017959 | val 0.018467 | PSNR 18.94 dB | lr 5.0e-05 | 132s
  batch 1/788  loss=0.021181
  batch 50/788  loss=0.021376
  batch 100/788  loss=0.018107
  batch 150/788  loss=0.014116
  batch 200/788  loss=0.017155
  batch 250/788  loss=0.016443
  batch 300/788  loss=0.017872
  batch 350/788  loss=0.020797
  batch 400/788  loss=0.011257
  batch 450/788  loss=0.015114
  batch 500/788  loss=0.021980
  batch 550/788  loss=0.015734
  batch 600/788  loss=0.011727
  batch 650/788  loss=0.015574
  batch 700/788  loss=0.016084
  batch 750/788  loss=0.014817
Epoch  29/50 | train 0.018001 | val 0.017838 | PSNR 18.93 dB | lr 5.0e-05 | 134s
  -> saved best.pth (val_loss=0.017838)
  batch 1/788  loss=0.032328
  batch 50/788  loss=0.013543
  batch 100/788  loss=0.015902
  batch 150/788  loss=0.013705
  batch 200/788  loss=0.014730
  batch 250/788  loss=0.012588
  batch 300/788  loss=0.015718
  batch 350/788  loss=0.016156
  batch 400/788  loss=0.016761
  batch 450/788  loss=0.015516
  batch 500/788  loss=0.020002
  batch 550/788  loss=0.030254
  batch 600/788  loss=0.011714
  batch 650/788  loss=0.016548
  batch 700/788  loss=0.016827
  batch 750/788  loss=0.015817
Epoch  30/50 | train 0.017788 | val 0.017903 | PSNR 18.96 dB | lr 5.0e-05 | 131s
  batch 1/788  loss=0.022270
  batch 50/788  loss=0.017208
  batch 100/788  loss=0.013133
  batch 150/788  loss=0.013358
  batch 200/788  loss=0.011999
  batch 250/788  loss=0.015333
  batch 300/788  loss=0.012166
  batch 350/788  loss=0.017061
  batch 400/788  loss=0.016147
  batch 450/788  loss=0.014683
  batch 500/788  loss=0.015905
  batch 550/788  loss=0.013015
  batch 600/788  loss=0.010220
  batch 650/788  loss=0.015661
  batch 700/788  loss=0.012143
  batch 750/788  loss=0.013164
Epoch  31/50 | train 0.017979 | val 0.019576 | PSNR 18.64 dB | lr 5.0e-05 | 132s
  batch 1/788  loss=0.023019
  batch 50/788  loss=0.011632
  batch 100/788  loss=0.011412
  batch 150/788  loss=0.020803
  batch 200/788  loss=0.017163
  batch 250/788  loss=0.010889
  batch 300/788  loss=0.026020
  batch 350/788  loss=0.018752
  batch 400/788  loss=0.012451
  batch 450/788  loss=0.048705
  batch 500/788  loss=0.019053
  batch 550/788  loss=0.014795
  batch 600/788  loss=0.013844
  batch 650/788  loss=0.019822
  batch 700/788  loss=0.013051
  batch 750/788  loss=0.027094
Epoch  32/50 | train 0.017915 | val 0.019648 | PSNR 18.88 dB | lr 5.0e-05 | 131s
  batch 1/788  loss=0.013637
  batch 50/788  loss=0.014230
  batch 100/788  loss=0.017621
  batch 150/788  loss=0.026821
  batch 200/788  loss=0.019062
  batch 250/788  loss=0.017519
  batch 300/788  loss=0.014666
  batch 350/788  loss=0.016559
  batch 400/788  loss=0.019353
  batch 450/788  loss=0.015624
  batch 500/788  loss=0.014663
  batch 550/788  loss=0.034149
  batch 600/788  loss=0.019744
  batch 650/788  loss=0.015966
  batch 700/788  loss=0.018063
  batch 750/788  loss=0.018046
Epoch  33/50 | train 0.017945 | val 0.018555 | PSNR 18.99 dB | lr 5.0e-05 | 132s
  batch 1/788  loss=0.014995
  batch 50/788  loss=0.018591
  batch 100/788  loss=0.015941
  batch 150/788  loss=0.032084
  batch 200/788  loss=0.012908
  batch 250/788  loss=0.031479
  batch 300/788  loss=0.017753
  batch 350/788  loss=0.013195
  batch 400/788  loss=0.017667
  batch 450/788  loss=0.012831
  batch 500/788  loss=0.020863
  batch 550/788  loss=0.021235
  batch 600/788  loss=0.012847
  batch 650/788  loss=0.010918
  batch 700/788  loss=0.024516
  batch 750/788  loss=0.012393
Epoch  34/50 | train 0.017563 | val 0.018033 | PSNR 19.06 dB | lr 5.0e-05 | 132s
  batch 1/788  loss=0.017044
  batch 50/788  loss=0.013119
  batch 100/788  loss=0.011669
  batch 150/788  loss=0.019226
  batch 200/788  loss=0.014866
  batch 250/788  loss=0.014701
  batch 300/788  loss=0.015079
  batch 350/788  loss=0.013625
  batch 400/788  loss=0.035054
  batch 450/788  loss=0.024867
  batch 500/788  loss=0.024037
  batch 550/788  loss=0.010945
  batch 600/788  loss=0.016529
  batch 650/788  loss=0.023075
  batch 700/788  loss=0.026319
  batch 750/788  loss=0.015667
Epoch  35/50 | train 0.017791 | val 0.018274 | PSNR 18.87 dB | lr 2.5e-05 | 131s
  batch 1/788  loss=0.025659
  batch 50/788  loss=0.016736
  batch 100/788  loss=0.013823
  batch 150/788  loss=0.018500
  batch 200/788  loss=0.016866
  batch 250/788  loss=0.013558
  batch 300/788  loss=0.034095
  batch 350/788  loss=0.014009
  batch 400/788  loss=0.015384
  batch 450/788  loss=0.033676
  batch 500/788  loss=0.018240
  batch 550/788  loss=0.016239
  batch 600/788  loss=0.017207
  batch 650/788  loss=0.020552
  batch 700/788  loss=0.014248
  batch 750/788  loss=0.017296
Epoch  36/50 | train 0.017190 | val 0.017499 | PSNR 19.15 dB | lr 2.5e-05 | 131s
  -> saved best.pth (val_loss=0.017499)
  batch 1/788  loss=0.011699
  batch 50/788  loss=0.017439
  batch 100/788  loss=0.023181
  batch 150/788  loss=0.013105
  batch 200/788  loss=0.010733
  batch 250/788  loss=0.014341
  batch 300/788  loss=0.020978
  batch 350/788  loss=0.014589
  batch 400/788  loss=0.012925
  batch 450/788  loss=0.012239
  batch 500/788  loss=0.015563
  batch 550/788  loss=0.016445
  batch 600/788  loss=0.012718
  batch 650/788  loss=0.008925
  batch 700/788  loss=0.011583
  batch 750/788  loss=0.016509
Epoch  37/50 | train 0.017318 | val 0.017538 | PSNR 19.14 dB | lr 2.5e-05 | 131s
  batch 1/788  loss=0.013418
  batch 50/788  loss=0.014852
  batch 100/788  loss=0.032994
  batch 150/788  loss=0.020261
  batch 200/788  loss=0.018461
  batch 250/788  loss=0.017183
  batch 300/788  loss=0.018224
  batch 350/788  loss=0.012909
  batch 400/788  loss=0.018760
  batch 450/788  loss=0.037870
  batch 500/788  loss=0.018299
  batch 550/788  loss=0.011386
  batch 600/788  loss=0.017484
  batch 650/788  loss=0.019077
  batch 700/788  loss=0.015810
  batch 750/788  loss=0.023244
Epoch  38/50 | train 0.017062 | val 0.017938 | PSNR 19.04 dB | lr 2.5e-05 | 131s
  batch 1/788  loss=0.015434
  batch 50/788  loss=0.020297
  batch 100/788  loss=0.034662
  batch 150/788  loss=0.021399
  batch 200/788  loss=0.019835
  batch 250/788  loss=0.013441
  batch 300/788  loss=0.018122
  batch 350/788  loss=0.012292
  batch 400/788  loss=0.015335
  batch 450/788  loss=0.012249
  batch 500/788  loss=0.019546
  batch 550/788  loss=0.012511
  batch 600/788  loss=0.018769
  batch 650/788  loss=0.019821
  batch 700/788  loss=0.014589
  batch 750/788  loss=0.034572
Epoch  39/50 | train 0.017045 | val 0.019652 | PSNR 18.84 dB | lr 2.5e-05 | 131s
  batch 1/788  loss=0.014937
  batch 50/788  loss=0.016112
  batch 100/788  loss=0.011759
  batch 150/788  loss=0.013147
  batch 200/788  loss=0.021553
  batch 250/788  loss=0.012458
  batch 300/788  loss=0.017116
  batch 350/788  loss=0.015661
  batch 400/788  loss=0.011960
  batch 450/788  loss=0.023000
  batch 500/788  loss=0.020074
  batch 550/788  loss=0.017291
  batch 600/788  loss=0.014088
  batch 650/788  loss=0.012377
  batch 700/788  loss=0.013044
  batch 750/788  loss=0.024055
Epoch  40/50 | train 0.016964 | val 0.017622 | PSNR 19.09 dB | lr 2.5e-05 | 131s
  batch 1/788  loss=0.013733
  batch 50/788  loss=0.013978
  batch 100/788  loss=0.016281
  batch 150/788  loss=0.013041
  batch 200/788  loss=0.014789
  batch 250/788  loss=0.016288
  batch 300/788  loss=0.023310
  batch 350/788  loss=0.020770
  batch 400/788  loss=0.010136
  batch 450/788  loss=0.016091
  batch 500/788  loss=0.021774
  batch 550/788  loss=0.019074
  batch 600/788  loss=0.014614
  batch 650/788  loss=0.017261
  batch 700/788  loss=0.033344
  batch 750/788  loss=0.013552
Epoch  41/50 | train 0.016835 | val 0.017472 | PSNR 19.16 dB | lr 2.5e-05 | 132s
  -> saved best.pth (val_loss=0.017472)
  batch 1/788  loss=0.021122
  batch 50/788  loss=0.012362
  batch 100/788  loss=0.015708
  batch 150/788  loss=0.015883
  batch 200/788  loss=0.023680
  batch 250/788  loss=0.012433
  batch 300/788  loss=0.014012
  batch 350/788  loss=0.030717
  batch 400/788  loss=0.029148
  batch 450/788  loss=0.012491
  batch 500/788  loss=0.017242
  batch 550/788  loss=0.011023
  batch 600/788  loss=0.019557
  batch 650/788  loss=0.028815
  batch 700/788  loss=0.016650
  batch 750/788  loss=0.022239
Epoch  42/50 | train 0.017020 | val 0.017700 | PSNR 19.01 dB | lr 2.5e-05 | 131s
  batch 1/788  loss=0.017327
  batch 50/788  loss=0.022187
  batch 100/788  loss=0.016708
  batch 150/788  loss=0.018827
  batch 200/788  loss=0.011104
  batch 250/788  loss=0.019548
  batch 300/788  loss=0.012573
  batch 350/788  loss=0.013949
  batch 400/788  loss=0.011379
  batch 450/788  loss=0.010138
  batch 500/788  loss=0.015761
  batch 550/788  loss=0.041723
  batch 600/788  loss=0.014865
  batch 650/788  loss=0.013347
  batch 700/788  loss=0.016267
  batch 750/788  loss=0.029284
Epoch  43/50 | train 0.016945 | val 0.017599 | PSNR 18.95 dB | lr 2.5e-05 | 131s
  batch 1/788  loss=0.017290
  batch 50/788  loss=0.016902
  batch 100/788  loss=0.022728
  batch 150/788  loss=0.018498
  batch 200/788  loss=0.011630
  batch 250/788  loss=0.032217
  batch 300/788  loss=0.021762
  batch 350/788  loss=0.013021
  batch 400/788  loss=0.024766
  batch 450/788  loss=0.014690
  batch 500/788  loss=0.012811
  batch 550/788  loss=0.016144
  batch 600/788  loss=0.014063
  batch 650/788  loss=0.012073
  batch 700/788  loss=0.014734
  batch 750/788  loss=0.024165
Epoch  44/50 | train 0.017016 | val 0.017939 | PSNR 18.89 dB | lr 2.5e-05 | 132s
  batch 1/788  loss=0.017090
  batch 50/788  loss=0.013121
  batch 100/788  loss=0.010526
  batch 150/788  loss=0.010243
  batch 200/788  loss=0.010459
  batch 250/788  loss=0.015041
  batch 300/788  loss=0.013768
  batch 350/788  loss=0.024008
  batch 400/788  loss=0.024516
  batch 450/788  loss=0.008605
  batch 500/788  loss=0.018211
  batch 550/788  loss=0.011192
  batch 600/788  loss=0.015951
  batch 650/788  loss=0.021555
  batch 700/788  loss=0.016135
  batch 750/788  loss=0.029508
Epoch  45/50 | train 0.016848 | val 0.018502 | PSNR 18.96 dB | lr 2.5e-05 | 131s
  batch 1/788  loss=0.022949
  batch 50/788  loss=0.021170
  batch 100/788  loss=0.024347
  batch 150/788  loss=0.018556
  batch 200/788  loss=0.012798
  batch 250/788  loss=0.013493
  batch 300/788  loss=0.012941
  batch 350/788  loss=0.022210
  batch 400/788  loss=0.011832
  batch 450/788  loss=0.013171
  batch 500/788  loss=0.015788
  batch 550/788  loss=0.035390
  batch 600/788  loss=0.034304
  batch 650/788  loss=0.012748
  batch 700/788  loss=0.021121
  batch 750/788  loss=0.020328
Epoch  46/50 | train 0.016921 | val 0.017439 | PSNR 19.13 dB | lr 2.5e-05 | 131s
  -> saved best.pth (val_loss=0.017439)
  batch 1/788  loss=0.019838
  batch 50/788  loss=0.022402
  batch 100/788  loss=0.017742
  batch 150/788  loss=0.019820
  batch 200/788  loss=0.011776
  batch 250/788  loss=0.015442
  batch 300/788  loss=0.025033
  batch 350/788  loss=0.009080
  batch 400/788  loss=0.035980
  batch 450/788  loss=0.011459
  batch 500/788  loss=0.013048
  batch 550/788  loss=0.012616
  batch 600/788  loss=0.023837
  batch 650/788  loss=0.013993
  batch 700/788  loss=0.011098
  batch 750/788  loss=0.018839
Epoch  47/50 | train 0.016664 | val 0.017816 | PSNR 19.10 dB | lr 2.5e-05 | 131s
  batch 1/788  loss=0.017718
  batch 50/788  loss=0.017181
  batch 100/788  loss=0.019846
  batch 150/788  loss=0.013509
  batch 200/788  loss=0.015111
  batch 250/788  loss=0.013415
  batch 300/788  loss=0.012797
  batch 350/788  loss=0.028681
  batch 400/788  loss=0.020688
  batch 450/788  loss=0.011234
  batch 500/788  loss=0.013239
  batch 550/788  loss=0.011676
  batch 600/788  loss=0.015031
  batch 650/788  loss=0.012904
  batch 700/788  loss=0.016142
  batch 750/788  loss=0.013017
Epoch  48/50 | train 0.016866 | val 0.016999 | PSNR 18.93 dB | lr 2.5e-05 | 132s
  -> saved best.pth (val_loss=0.016999)
  batch 1/788  loss=0.013180
  batch 50/788  loss=0.016097
  batch 100/788  loss=0.014507
  batch 150/788  loss=0.015358
  batch 200/788  loss=0.022056
  batch 250/788  loss=0.016392
  batch 300/788  loss=0.012358
  batch 350/788  loss=0.019682
  batch 400/788  loss=0.025333
  batch 450/788  loss=0.014918
  batch 500/788  loss=0.013960
  batch 550/788  loss=0.015598
  batch 600/788  loss=0.031961
  batch 650/788  loss=0.019131
  batch 700/788  loss=0.027218
  batch 750/788  loss=0.016726
Epoch  49/50 | train 0.016798 | val 0.017527 | PSNR 19.14 dB | lr 2.5e-05 | 131s
  batch 1/788  loss=0.011629
  batch 50/788  loss=0.012211
  batch 100/788  loss=0.021902
  batch 150/788  loss=0.011520
  batch 200/788  loss=0.013982
  batch 250/788  loss=0.025794
  batch 300/788  loss=0.016105
  batch 350/788  loss=0.018321
  batch 400/788  loss=0.014502
  batch 450/788  loss=0.013390
  batch 500/788  loss=0.015758
  batch 550/788  loss=0.018599
  batch 600/788  loss=0.010841
  batch 650/788  loss=0.030664
  batch 700/788  loss=0.015266
  batch 750/788  loss=0.015386
Epoch  50/50 | train 0.016858 | val 0.017201 | PSNR 19.15 dB | lr 2.5e-05 | 131s
Training complete.
