Device: mps
Dropped 96 rotated pairs (relative roll > 0.1 deg)
Pairs: 890 total, 712 train, 178 val
Samples: 5696 train, 1424 val
Model: 988,609 parameters
  batch 1/712  loss=0.785143
  batch 50/712  loss=0.117436
  batch 100/712  loss=0.122898
  batch 150/712  loss=0.110978
  batch 200/712  loss=0.119978
  batch 250/712  loss=0.081123
  batch 300/712  loss=0.100877
  batch 350/712  loss=0.126481
  batch 400/712  loss=0.099475
  batch 450/712  loss=0.109434
  batch 500/712  loss=0.112117
  batch 550/712  loss=0.124647
  batch 600/712  loss=0.116376
  batch 650/712  loss=0.109025
  batch 700/712  loss=0.098992
Epoch   1/50 | train 0.108927 | val 0.105791 | PSNR 16.34 dB | lr 1.0e-04 | 158s
  -> saved best.pth (val_loss=0.105791)
  batch 1/712  loss=0.108259
  batch 50/712  loss=0.103985
  batch 100/712  loss=0.085890
  batch 150/712  loss=0.112794
  batch 200/712  loss=0.091089
  batch 250/712  loss=0.107249
  batch 300/712  loss=0.078175
  batch 350/712  loss=0.095932
  batch 400/712  loss=0.101508
  batch 450/712  loss=0.101794
  batch 500/712  loss=0.109377
  batch 550/712  loss=0.095681
  batch 600/712  loss=0.124608
  batch 650/712  loss=0.087974
  batch 700/712  loss=0.110087
Epoch   2/50 | train 0.104752 | val 0.104789 | PSNR 16.48 dB | lr 1.0e-04 | 132s
  -> saved best.pth (val_loss=0.104789)
  batch 1/712  loss=0.088060
  batch 50/712  loss=0.120480
  batch 100/712  loss=0.096826
  batch 150/712  loss=0.116661
  batch 200/712  loss=0.102243
  batch 250/712  loss=0.112808
  batch 300/712  loss=0.107306
  batch 350/712  loss=0.112619
  batch 400/712  loss=0.112887
  batch 450/712  loss=0.101877
  batch 500/712  loss=0.119611
  batch 550/712  loss=0.104710
  batch 600/712  loss=0.090097
  batch 650/712  loss=0.112241
  batch 700/712  loss=0.103990
Epoch   3/50 | train 0.104179 | val 0.102961 | PSNR 16.61 dB | lr 1.0e-04 | 132s
  -> saved best.pth (val_loss=0.102961)
  batch 1/712  loss=0.090583
  batch 50/712  loss=0.110190
  batch 100/712  loss=0.070390
  batch 150/712  loss=0.104645
  batch 200/712  loss=0.098600
  batch 250/712  loss=0.101340
  batch 300/712  loss=0.096840
  batch 350/712  loss=0.104110
  batch 400/712  loss=0.090783
  batch 450/712  loss=0.087394
  batch 500/712  loss=0.100718
  batch 550/712  loss=0.100070
  batch 600/712  loss=0.104378
  batch 650/712  loss=0.111094
  batch 700/712  loss=0.085614
Epoch   4/50 | train 0.103992 | val 0.105772 | PSNR 16.41 dB | lr 1.0e-04 | 132s
  batch 1/712  loss=0.103872
  batch 50/712  loss=0.078483
  batch 100/712  loss=0.111966
  batch 150/712  loss=0.091645
  batch 200/712  loss=0.116646
  batch 250/712  loss=0.092628
  batch 300/712  loss=0.084763
  batch 350/712  loss=0.114346
  batch 400/712  loss=0.086016
  batch 450/712  loss=0.101333
  batch 500/712  loss=0.102262
  batch 550/712  loss=0.106236
  batch 600/712  loss=0.116387
  batch 650/712  loss=0.094500
  batch 700/712  loss=0.099089
Epoch   5/50 | train 0.103737 | val 0.104224 | PSNR 16.50 dB | lr 1.0e-04 | 132s
  batch 1/712  loss=0.119343
  batch 50/712  loss=0.090987
  batch 100/712  loss=0.082234
  batch 150/712  loss=0.070870
  batch 200/712  loss=0.095309
  batch 250/712  loss=0.101708
  batch 300/712  loss=0.093833
  batch 350/712  loss=0.085465
  batch 400/712  loss=0.111957
  batch 450/712  loss=0.101492
  batch 500/712  loss=0.115286
  batch 550/712  loss=0.103042
  batch 600/712  loss=0.089055
  batch 650/712  loss=0.096041
  batch 700/712  loss=0.106662
Epoch   6/50 | train 0.103454 | val 0.105023 | PSNR 16.51 dB | lr 1.0e-04 | 132s
  batch 1/712  loss=0.111279
  batch 50/712  loss=0.104624
  batch 100/712  loss=0.092751
  batch 150/712  loss=0.106269
  batch 200/712  loss=0.115297
  batch 250/712  loss=0.114612
  batch 300/712  loss=0.105237
  batch 350/712  loss=0.107440
  batch 400/712  loss=0.091563
  batch 450/712  loss=0.122290
  batch 500/712  loss=0.103863
  batch 550/712  loss=0.099612
  batch 600/712  loss=0.111551
  batch 650/712  loss=0.107881
  batch 700/712  loss=0.117068
Epoch   7/50 | train 0.103189 | val 0.104961 | PSNR 16.51 dB | lr 1.0e-04 | 132s
  batch 1/712  loss=0.103654
  batch 50/712  loss=0.114368
  batch 100/712  loss=0.086110
  batch 150/712  loss=0.104982
  batch 200/712  loss=0.097700
  batch 250/712  loss=0.104236
  batch 300/712  loss=0.117708
  batch 350/712  loss=0.085834
  batch 400/712  loss=0.087325
  batch 450/712  loss=0.107200
  batch 500/712  loss=0.110156
  batch 550/712  loss=0.099859
  batch 600/712  loss=0.113909
  batch 650/712  loss=0.106910
  batch 700/712  loss=0.115614
Epoch   8/50 | train 0.103444 | val 0.105259 | PSNR 16.50 dB | lr 1.0e-04 | 132s
  batch 1/712  loss=0.099495
  batch 50/712  loss=0.107122
  batch 100/712  loss=0.105585
  batch 150/712  loss=0.087199
  batch 200/712  loss=0.111359
  batch 250/712  loss=0.101676
  batch 300/712  loss=0.105817
  batch 350/712  loss=0.108316
  batch 400/712  loss=0.111282
  batch 450/712  loss=0.098545
  batch 500/712  loss=0.102359
  batch 550/712  loss=0.106020
  batch 600/712  loss=0.098327
  batch 650/712  loss=0.116316
  batch 700/712  loss=0.111221
Epoch   9/50 | train 0.102887 | val 0.104115 | PSNR 16.53 dB | lr 5.0e-05 | 132s
  batch 1/712  loss=0.120236
  batch 50/712  loss=0.111610
  batch 100/712  loss=0.118608
  batch 150/712  loss=0.089186
  batch 200/712  loss=0.128964
  batch 250/712  loss=0.120243
  batch 300/712  loss=0.105085
  batch 350/712  loss=0.114927
  batch 400/712  loss=0.107724
  batch 450/712  loss=0.101690
  batch 500/712  loss=0.104934
  batch 550/712  loss=0.108614
  batch 600/712  loss=0.109619
  batch 650/712  loss=0.096494
  batch 700/712  loss=0.091597
Epoch  10/50 | train 0.103690 | val 0.104187 | PSNR 16.55 dB | lr 5.0e-05 | 132s
  batch 1/712  loss=0.107021
  batch 50/712  loss=0.123070
  batch 100/712  loss=0.093045
  batch 150/712  loss=0.082801
  batch 200/712  loss=0.112337
  batch 250/712  loss=0.087863
  batch 300/712  loss=0.110321
  batch 350/712  loss=0.105286
  batch 400/712  loss=0.094708
  batch 450/712  loss=0.104997
  batch 500/712  loss=0.118756
  batch 550/712  loss=0.092433
  batch 600/712  loss=0.095965
  batch 650/712  loss=0.082216
  batch 700/712  loss=0.112719
Epoch  11/50 | train 0.102733 | val 0.104335 | PSNR 16.50 dB | lr 5.0e-05 | 132s
  batch 1/712  loss=0.112051
  batch 50/712  loss=0.112502
  batch 100/712  loss=0.099537
  batch 150/712  loss=0.095750
  batch 200/712  loss=0.117447
  batch 250/712  loss=0.121672
  batch 300/712  loss=0.100167
  batch 350/712  loss=0.113470
  batch 400/712  loss=0.091886
  batch 450/712  loss=0.100763
  batch 500/712  loss=0.097932
  batch 550/712  loss=0.116016
  batch 600/712  loss=0.108082
  batch 650/712  loss=0.118314
  batch 700/712  loss=0.096362
Epoch  12/50 | train 0.103053 | val 0.104200 | PSNR 16.56 dB | lr 5.0e-05 | 132s
  batch 1/712  loss=0.089724
  batch 50/712  loss=0.106815
  batch 100/712  loss=0.111533
  batch 150/712  loss=0.105494
  batch 200/712  loss=0.114879
  batch 250/712  loss=0.119414
  batch 300/712  loss=0.079892
  batch 350/712  loss=0.097797
  batch 400/712  loss=0.142244
  batch 450/712  loss=0.103106
  batch 500/712  loss=0.077831
  batch 550/712  loss=0.096181
  batch 600/712  loss=0.099768
  batch 650/712  loss=0.102915
  batch 700/712  loss=0.097560
Epoch  13/50 | train 0.103004 | val 0.104261 | PSNR 16.56 dB | lr 5.0e-05 | 132s
  batch 1/712  loss=0.108242
  batch 50/712  loss=0.123259
  batch 100/712  loss=0.125150
  batch 150/712  loss=0.131301
  batch 200/712  loss=0.119364
  batch 250/712  loss=0.102817
  batch 300/712  loss=0.117390
  batch 350/712  loss=0.092162
  batch 400/712  loss=0.088704
  batch 450/712  loss=0.104868
  batch 500/712  loss=0.106047
  batch 550/712  loss=0.085826
  batch 600/712  loss=0.114095
  batch 650/712  loss=0.083502
  batch 700/712  loss=0.093181
Epoch  14/50 | train 0.102647 | val 0.102373 | PSNR 16.65 dB | lr 5.0e-05 | 133s
  -> saved best.pth (val_loss=0.102373)
  batch 1/712  loss=0.112538
  batch 50/712  loss=0.104826
  batch 100/712  loss=0.086085
  batch 150/712  loss=0.084102
  batch 200/712  loss=0.125830
  batch 250/712  loss=0.120427
  batch 300/712  loss=0.111856
  batch 350/712  loss=0.098980
  batch 400/712  loss=0.087838
  batch 450/712  loss=0.094247
  batch 500/712  loss=0.114331
  batch 550/712  loss=0.104474
  batch 600/712  loss=0.110924
  batch 650/712  loss=0.086866
  batch 700/712  loss=0.096862
Epoch  15/50 | train 0.103322 | val 0.103705 | PSNR 16.58 dB | lr 5.0e-05 | 132s
  batch 1/712  loss=0.089473
  batch 50/712  loss=0.095678
  batch 100/712  loss=0.113109
  batch 150/712  loss=0.114872
  batch 200/712  loss=0.101098
  batch 250/712  loss=0.081046
  batch 300/712  loss=0.111328
  batch 350/712  loss=0.098055
  batch 400/712  loss=0.109901
  batch 450/712  loss=0.097998
  batch 500/712  loss=0.100191
  batch 550/712  loss=0.093929
  batch 600/712  loss=0.111877
  batch 650/712  loss=0.079684
  batch 700/712  loss=0.118496
Epoch  16/50 | train 0.102883 | val 0.103820 | PSNR 16.61 dB | lr 5.0e-05 | 136s
  batch 1/712  loss=0.104826
  batch 50/712  loss=0.097616
  batch 100/712  loss=0.108151
  batch 150/712  loss=0.112937
  batch 200/712  loss=0.108094
  batch 250/712  loss=0.104303
  batch 300/712  loss=0.103657
  batch 350/712  loss=0.093824
  batch 400/712  loss=0.092428
  batch 450/712  loss=0.087675
  batch 500/712  loss=0.101603
  batch 550/712  loss=0.099005
  batch 600/712  loss=0.096616
  batch 650/712  loss=0.095242
  batch 700/712  loss=0.111316
Epoch  17/50 | train 0.103305 | val 0.103843 | PSNR 16.55 dB | lr 5.0e-05 | 134s
  batch 1/712  loss=0.104404
  batch 50/712  loss=0.099748
  batch 100/712  loss=0.099907
  batch 150/712  loss=0.111352
  batch 200/712  loss=0.119137
  batch 250/712  loss=0.092801
  batch 300/712  loss=0.108146
  batch 350/712  loss=0.093836
  batch 400/712  loss=0.099166
  batch 450/712  loss=0.103837
  batch 500/712  loss=0.116923
  batch 550/712  loss=0.121780
  batch 600/712  loss=0.110432
  batch 650/712  loss=0.109924
  batch 700/712  loss=0.118397
Epoch  18/50 | train 0.102807 | val 0.103743 | PSNR 16.58 dB | lr 5.0e-05 | 132s
  batch 1/712  loss=0.102018
  batch 50/712  loss=0.116684
  batch 100/712  loss=0.118259
  batch 150/712  loss=0.102499
  batch 200/712  loss=0.099629
  batch 250/712  loss=0.105507
  batch 300/712  loss=0.136357
  batch 350/712  loss=0.109010
  batch 400/712  loss=0.114018
  batch 450/712  loss=0.083488
  batch 500/712  loss=0.096734
  batch 550/712  loss=0.089936
  batch 600/712  loss=0.114023
  batch 650/712  loss=0.096156
  batch 700/712  loss=0.112836
Epoch  19/50 | train 0.103409 | val 0.102577 | PSNR 16.68 dB | lr 5.0e-05 | 133s
  batch 1/712  loss=0.115841
  batch 50/712  loss=0.111334
  batch 100/712  loss=0.113320
  batch 150/712  loss=0.076276
  batch 200/712  loss=0.123179
  batch 250/712  loss=0.104820
  batch 300/712  loss=0.106943
  batch 350/712  loss=0.112326
  batch 400/712  loss=0.117735
  batch 450/712  loss=0.100390
  batch 500/712  loss=0.116617
  batch 550/712  loss=0.105188
  batch 600/712  loss=0.070495
  batch 650/712  loss=0.094425
  batch 700/712  loss=0.081394
Epoch  20/50 | train 0.102599 | val 0.103962 | PSNR 16.61 dB | lr 2.5e-05 | 132s
  batch 1/712  loss=0.091137
  batch 50/712  loss=0.101174
  batch 100/712  loss=0.106768
  batch 150/712  loss=0.115096
  batch 200/712  loss=0.082077
  batch 250/712  loss=0.077387
  batch 300/712  loss=0.103653
  batch 350/712  loss=0.109915
  batch 400/712  loss=0.097822
  batch 450/712  loss=0.090951
  batch 500/712  loss=0.111328
  batch 550/712  loss=0.099580
  batch 600/712  loss=0.099685
  batch 650/712  loss=0.105047
  batch 700/712  loss=0.102085
Epoch  21/50 | train 0.102383 | val 0.104073 | PSNR 16.61 dB | lr 2.5e-05 | 133s
  batch 1/712  loss=0.092914
  batch 50/712  loss=0.107735
  batch 100/712  loss=0.100124
  batch 150/712  loss=0.103831
  batch 200/712  loss=0.108619
  batch 250/712  loss=0.104916
  batch 300/712  loss=0.090187
  batch 350/712  loss=0.101261
  batch 400/712  loss=0.111641
  batch 450/712  loss=0.099402
  batch 500/712  loss=0.105350
  batch 550/712  loss=0.099356
  batch 600/712  loss=0.111999
  batch 650/712  loss=0.105659
  batch 700/712  loss=0.089406
Epoch  22/50 | train 0.103012 | val 0.102860 | PSNR 16.66 dB | lr 2.5e-05 | 133s
  batch 1/712  loss=0.107844
  batch 50/712  loss=0.118184
  batch 100/712  loss=0.105507
  batch 150/712  loss=0.098767
  batch 200/712  loss=0.090821
  batch 250/712  loss=0.095918
  batch 300/712  loss=0.109906
  batch 350/712  loss=0.123501
  batch 400/712  loss=0.106598
  batch 450/712  loss=0.109165
  batch 500/712  loss=0.116436
  batch 550/712  loss=0.076825
  batch 600/712  loss=0.111450
  batch 650/712  loss=0.108096
  batch 700/712  loss=0.095430
Epoch  23/50 | train 0.102820 | val 0.103729 | PSNR 16.60 dB | lr 2.5e-05 | 132s
  batch 1/712  loss=0.096742
  batch 50/712  loss=0.097308
  batch 100/712  loss=0.104972
  batch 150/712  loss=0.082589
  batch 200/712  loss=0.101114
  batch 250/712  loss=0.100444
  batch 300/712  loss=0.092838
  batch 350/712  loss=0.106835
  batch 400/712  loss=0.105530
  batch 450/712  loss=0.103256
  batch 500/712  loss=0.120313
  batch 550/712  loss=0.081142
  batch 600/712  loss=0.115889
  batch 650/712  loss=0.114219
  batch 700/712  loss=0.092948
Epoch  24/50 | train 0.102743 | val 0.104399 | PSNR 16.53 dB | lr 2.5e-05 | 132s
  batch 1/712  loss=0.094118
  batch 50/712  loss=0.089744
  batch 100/712  loss=0.105668
  batch 150/712  loss=0.088510
  batch 200/712  loss=0.113653
  batch 250/712  loss=0.093441
  batch 300/712  loss=0.113351
  batch 350/712  loss=0.079861
  batch 400/712  loss=0.079384
  batch 450/712  loss=0.102709
  batch 500/712  loss=0.104242
  batch 550/712  loss=0.110000
  batch 600/712  loss=0.107118
  batch 650/712  loss=0.098962
  batch 700/712  loss=0.102000
Epoch  25/50 | train 0.102291 | val 0.104099 | PSNR 16.60 dB | lr 2.5e-05 | 133s
  batch 1/712  loss=0.109936
  batch 50/712  loss=0.107374
  batch 100/712  loss=0.106410
  batch 150/712  loss=0.108712
  batch 200/712  loss=0.090132
  batch 250/712  loss=0.105554
  batch 300/712  loss=0.111953
  batch 350/712  loss=0.097903
  batch 400/712  loss=0.088388
  batch 450/712  loss=0.109469
  batch 500/712  loss=0.115673
  batch 550/712  loss=0.095473
  batch 600/712  loss=0.104988
  batch 650/712  loss=0.080634
  batch 700/712  loss=0.100990
Epoch  26/50 | train 0.102942 | val 0.102822 | PSNR 16.62 dB | lr 1.3e-05 | 136s
  batch 1/712  loss=0.099905
  batch 50/712  loss=0.099387
  batch 100/712  loss=0.103427
  batch 150/712  loss=0.092037
  batch 200/712  loss=0.083242
  batch 250/712  loss=0.104150
  batch 300/712  loss=0.106562
  batch 350/712  loss=0.096121
  batch 400/712  loss=0.096024
  batch 450/712  loss=0.102227
  batch 500/712  loss=0.118667
  batch 550/712  loss=0.094302
  batch 600/712  loss=0.106331
  batch 650/712  loss=0.107098
  batch 700/712  loss=0.103068
Epoch  27/50 | train 0.103463 | val 0.103624 | PSNR 16.62 dB | lr 1.3e-05 | 153s
  batch 1/712  loss=0.112060
  batch 50/712  loss=0.097706
  batch 100/712  loss=0.087418
  batch 150/712  loss=0.113305
  batch 200/712  loss=0.106386
  batch 250/712  loss=0.103875
  batch 300/712  loss=0.103962
  batch 350/712  loss=0.100341
  batch 400/712  loss=0.082993
  batch 450/712  loss=0.121213
  batch 500/712  loss=0.109524
  batch 550/712  loss=0.082030
  batch 600/712  loss=0.093571
  batch 650/712  loss=0.103883
  batch 700/712  loss=0.099691
Epoch  28/50 | train 0.102366 | val 0.104597 | PSNR 16.52 dB | lr 1.3e-05 | 153s
  batch 1/712  loss=0.100258
  batch 50/712  loss=0.088570
  batch 100/712  loss=0.092880
  batch 150/712  loss=0.112245
  batch 200/712  loss=0.117715
  batch 250/712  loss=0.106809
  batch 300/712  loss=0.125265
  batch 350/712  loss=0.112437
  batch 400/712  loss=0.102680
  batch 450/712  loss=0.094108
  batch 500/712  loss=0.092218
  batch 550/712  loss=0.091750
  batch 600/712  loss=0.094708
  batch 650/712  loss=0.112054
  batch 700/712  loss=0.101893
Epoch  29/50 | train 0.102658 | val 0.102601 | PSNR 16.67 dB | lr 1.3e-05 | 148s
  batch 1/712  loss=0.090206
  batch 50/712  loss=0.111413
  batch 100/712  loss=0.110457
  batch 150/712  loss=0.110029
  batch 200/712  loss=0.105041
  batch 250/712  loss=0.105028
  batch 300/712  loss=0.085463
  batch 350/712  loss=0.107000
  batch 400/712  loss=0.115705
  batch 450/712  loss=0.100639
  batch 500/712  loss=0.105449
  batch 550/712  loss=0.086618
  batch 600/712  loss=0.069819
  batch 650/712  loss=0.083189
  batch 700/712  loss=0.093052
Epoch  30/50 | train 0.102615 | val 0.103055 | PSNR 16.65 dB | lr 1.3e-05 | 133s
  batch 1/712  loss=0.075076
  batch 50/712  loss=0.092841
  batch 100/712  loss=0.087740
  batch 150/712  loss=0.088899
  batch 200/712  loss=0.115065
  batch 250/712  loss=0.100625
  batch 300/712  loss=0.108840
  batch 350/712  loss=0.114372
  batch 400/712  loss=0.102791
  batch 450/712  loss=0.105500
  batch 500/712  loss=0.118883
  batch 550/712  loss=0.124715
  batch 600/712  loss=0.097243
  batch 650/712  loss=0.116071
  batch 700/712  loss=0.085958
Epoch  31/50 | train 0.102490 | val 0.102864 | PSNR 16.63 dB | lr 1.3e-05 | 132s
  batch 1/712  loss=0.101182
  batch 50/712  loss=0.086313
  batch 100/712  loss=0.120364
  batch 150/712  loss=0.100021
  batch 200/712  loss=0.099686
  batch 250/712  loss=0.127951
  batch 300/712  loss=0.108135
  batch 350/712  loss=0.107030
  batch 400/712  loss=0.100326
  batch 450/712  loss=0.101364
  batch 500/712  loss=0.091546
  batch 550/712  loss=0.107321
  batch 600/712  loss=0.095808
  batch 650/712  loss=0.093745
  batch 700/712  loss=0.098044
Epoch  32/50 | train 0.102108 | val 0.102839 | PSNR 16.64 dB | lr 6.3e-06 | 132s
  batch 1/712  loss=0.116374
  batch 50/712  loss=0.112627
  batch 100/712  loss=0.093000
  batch 150/712  loss=0.107090
  batch 200/712  loss=0.089680
  batch 250/712  loss=0.093191
  batch 300/712  loss=0.088673
  batch 350/712  loss=0.100971
  batch 400/712  loss=0.107738
  batch 450/712  loss=0.107242
  batch 500/712  loss=0.106864
  batch 550/712  loss=0.099584
  batch 600/712  loss=0.103538
  batch 650/712  loss=0.080525
  batch 700/712  loss=0.098906
Epoch  33/50 | train 0.102806 | val 0.104554 | PSNR 16.47 dB | lr 6.3e-06 | 132s
  batch 1/712  loss=0.101341
  batch 50/712  loss=0.100177
  batch 100/712  loss=0.112398
  batch 150/712  loss=0.095465
  batch 200/712  loss=0.089457
  batch 250/712  loss=0.102839
  batch 300/712  loss=0.095463
  batch 350/712  loss=0.103952
  batch 400/712  loss=0.098861
  batch 450/712  loss=0.101170
  batch 500/712  loss=0.111300
  batch 550/712  loss=0.092717
  batch 600/712  loss=0.116751
  batch 650/712  loss=0.106498
  batch 700/712  loss=0.096179
Epoch  34/50 | train 0.102423 | val 0.103330 | PSNR 16.62 dB | lr 6.3e-06 | 132s
  batch 1/712  loss=0.099765
  batch 50/712  loss=0.090651
  batch 100/712  loss=0.105303
  batch 150/712  loss=0.104479
  batch 200/712  loss=0.133874
  batch 250/712  loss=0.084064
  batch 300/712  loss=0.104980
  batch 350/712  loss=0.102290
  batch 400/712  loss=0.097650
  batch 450/712  loss=0.096594
  batch 500/712  loss=0.106375
  batch 550/712  loss=0.098253
  batch 600/712  loss=0.097210
  batch 650/712  loss=0.111510
  batch 700/712  loss=0.094371
Epoch  35/50 | train 0.102865 | val 0.103875 | PSNR 16.59 dB | lr 6.3e-06 | 132s
  batch 1/712  loss=0.116225
  batch 50/712  loss=0.097546
  batch 100/712  loss=0.100357
  batch 150/712  loss=0.095334
  batch 200/712  loss=0.111347
  batch 250/712  loss=0.090535
  batch 300/712  loss=0.109684
  batch 350/712  loss=0.100581
  batch 400/712  loss=0.094852
  batch 450/712  loss=0.084959
  batch 500/712  loss=0.092981
  batch 550/712  loss=0.110494
  batch 600/712  loss=0.101304
  batch 650/712  loss=0.110437
  batch 700/712  loss=0.103281
Epoch  36/50 | train 0.103104 | val 0.102835 | PSNR 16.68 dB | lr 6.3e-06 | 133s
  batch 1/712  loss=0.113578
  batch 50/712  loss=0.105905
  batch 100/712  loss=0.105728
  batch 150/712  loss=0.094432
  batch 200/712  loss=0.087129
  batch 250/712  loss=0.115197
  batch 300/712  loss=0.087283
  batch 350/712  loss=0.124851
  batch 400/712  loss=0.119833
  batch 450/712  loss=0.102507
  batch 500/712  loss=0.089848
  batch 550/712  loss=0.099681
  batch 600/712  loss=0.100945
  batch 650/712  loss=0.092249
  batch 700/712  loss=0.106683
Epoch  37/50 | train 0.102284 | val 0.102794 | PSNR 16.69 dB | lr 6.3e-06 | 132s
  batch 1/712  loss=0.096785
  batch 50/712  loss=0.111574
  batch 100/712  loss=0.115668
  batch 150/712  loss=0.110719
  batch 200/712  loss=0.106056
  batch 250/712  loss=0.115857
  batch 300/712  loss=0.105005
  batch 350/712  loss=0.099472
  batch 400/712  loss=0.088282
  batch 450/712  loss=0.093243
  batch 500/712  loss=0.092160
  batch 550/712  loss=0.089663
  batch 600/712  loss=0.103458
  batch 650/712  loss=0.092857
  batch 700/712  loss=0.091707
Epoch  38/50 | train 0.102845 | val 0.102242 | PSNR 16.72 dB | lr 6.3e-06 | 133s
  -> saved best.pth (val_loss=0.102242)
  batch 1/712  loss=0.092621
  batch 50/712  loss=0.097326
  batch 100/712  loss=0.098557
  batch 150/712  loss=0.119765
  batch 200/712  loss=0.112614
  batch 250/712  loss=0.095528
  batch 300/712  loss=0.089409
  batch 350/712  loss=0.098632
  batch 400/712  loss=0.094491
  batch 450/712  loss=0.101993
  batch 500/712  loss=0.111879
  batch 550/712  loss=0.123019
  batch 600/712  loss=0.088066
  batch 650/712  loss=0.089913
  batch 700/712  loss=0.075515
Epoch  39/50 | train 0.101657 | val 0.103860 | PSNR 16.62 dB | lr 6.3e-06 | 133s
  batch 1/712  loss=0.102528
  batch 50/712  loss=0.106405
  batch 100/712  loss=0.108641
  batch 150/712  loss=0.104466
  batch 200/712  loss=0.104803
  batch 250/712  loss=0.108396
  batch 300/712  loss=0.101208
  batch 350/712  loss=0.111624
  batch 400/712  loss=0.106487
  batch 450/712  loss=0.104448
  batch 500/712  loss=0.106893
  batch 550/712  loss=0.084837
  batch 600/712  loss=0.101001
  batch 650/712  loss=0.121892
  batch 700/712  loss=0.113424
Epoch  40/50 | train 0.102475 | val 0.103554 | PSNR 16.56 dB | lr 6.3e-06 | 133s
  batch 1/712  loss=0.116793
  batch 50/712  loss=0.098768
  batch 100/712  loss=0.088264
  batch 150/712  loss=0.102554
  batch 200/712  loss=0.114579
  batch 250/712  loss=0.109033
  batch 300/712  loss=0.096572
  batch 350/712  loss=0.082258
  batch 400/712  loss=0.106206
  batch 450/712  loss=0.083054
  batch 500/712  loss=0.093040
  batch 550/712  loss=0.121412
  batch 600/712  loss=0.084308
  batch 650/712  loss=0.094326
  batch 700/712  loss=0.109181
Epoch  41/50 | train 0.101960 | val 0.102315 | PSNR 16.70 dB | lr 6.3e-06 | 133s
  batch 1/712  loss=0.091708
  batch 50/712  loss=0.112347
  batch 100/712  loss=0.089859
  batch 150/712  loss=0.110215
  batch 200/712  loss=0.107537
  batch 250/712  loss=0.104628
  batch 300/712  loss=0.127747
  batch 350/712  loss=0.097543
  batch 400/712  loss=0.101815
  batch 450/712  loss=0.108353
  batch 500/712  loss=0.105930
  batch 550/712  loss=0.095443
  batch 600/712  loss=0.101726
  batch 650/712  loss=0.114557
  batch 700/712  loss=0.106214
Epoch  42/50 | train 0.102589 | val 0.102642 | PSNR 16.70 dB | lr 6.3e-06 | 133s
  batch 1/712  loss=0.096389
  batch 50/712  loss=0.100757
  batch 100/712  loss=0.112720
  batch 150/712  loss=0.088118
  batch 200/712  loss=0.116082
  batch 250/712  loss=0.113820
  batch 300/712  loss=0.085143
  batch 350/712  loss=0.085287
  batch 400/712  loss=0.107006
  batch 450/712  loss=0.114445
  batch 500/712  loss=0.124627
  batch 550/712  loss=0.093047
  batch 600/712  loss=0.110397
  batch 650/712  loss=0.127837
  batch 700/712  loss=0.102373
Epoch  43/50 | train 0.103308 | val 0.103512 | PSNR 16.63 dB | lr 6.3e-06 | 133s
  batch 1/712  loss=0.118456
  batch 50/712  loss=0.118562
  batch 100/712  loss=0.082856
  batch 150/712  loss=0.119047
  batch 200/712  loss=0.110862
  batch 250/712  loss=0.093626
  batch 300/712  loss=0.115464
  batch 350/712  loss=0.108460
  batch 400/712  loss=0.110043
  batch 450/712  loss=0.099078
  batch 500/712  loss=0.091336
  batch 550/712  loss=0.121333
  batch 600/712  loss=0.100572
  batch 650/712  loss=0.108470
  batch 700/712  loss=0.093448
Epoch  44/50 | train 0.102034 | val 0.103903 | PSNR 16.62 dB | lr 3.1e-06 | 133s
  batch 1/712  loss=0.101977
  batch 50/712  loss=0.091771
  batch 100/712  loss=0.101661
  batch 150/712  loss=0.118355
  batch 200/712  loss=0.104630
  batch 250/712  loss=0.103843
  batch 300/712  loss=0.101209
  batch 350/712  loss=0.093915
  batch 400/712  loss=0.108992
  batch 450/712  loss=0.109086
  batch 500/712  loss=0.097370
  batch 550/712  loss=0.109594
  batch 600/712  loss=0.076111
  batch 650/712  loss=0.085607
  batch 700/712  loss=0.105224
Epoch  45/50 | train 0.102306 | val 0.103740 | PSNR 16.57 dB | lr 3.1e-06 | 134s
  batch 1/712  loss=0.103518
  batch 50/712  loss=0.097846
  batch 100/712  loss=0.098808
  batch 150/712  loss=0.097273
  batch 200/712  loss=0.087475
  batch 250/712  loss=0.075541
  batch 300/712  loss=0.090905
  batch 350/712  loss=0.108839
  batch 400/712  loss=0.102342
  batch 450/712  loss=0.088570
  batch 500/712  loss=0.115576
  batch 550/712  loss=0.111453
  batch 600/712  loss=0.107970
  batch 650/712  loss=0.103169
  batch 700/712  loss=0.109737
Epoch  46/50 | train 0.102021 | val 0.103041 | PSNR 16.59 dB | lr 3.1e-06 | 132s
  batch 1/712  loss=0.100751
  batch 50/712  loss=0.112679
  batch 100/712  loss=0.103015
  batch 150/712  loss=0.112011
  batch 200/712  loss=0.097036
  batch 250/712  loss=0.086104
  batch 300/712  loss=0.100772
  batch 350/712  loss=0.093568
  batch 400/712  loss=0.109822
  batch 450/712  loss=0.103347
  batch 500/712  loss=0.089066
  batch 550/712  loss=0.112259
  batch 600/712  loss=0.112022
  batch 650/712  loss=0.106160
  batch 700/712  loss=0.113091
Epoch  47/50 | train 0.102081 | val 0.103279 | PSNR 16.65 dB | lr 3.1e-06 | 132s
  batch 1/712  loss=0.090030
  batch 50/712  loss=0.087695
  batch 100/712  loss=0.110991
  batch 150/712  loss=0.099381
  batch 200/712  loss=0.104523
  batch 250/712  loss=0.093903
  batch 300/712  loss=0.081971
  batch 350/712  loss=0.109649
  batch 400/712  loss=0.079426
  batch 450/712  loss=0.117995
  batch 500/712  loss=0.112390
  batch 550/712  loss=0.075948
  batch 600/712  loss=0.103956
  batch 650/712  loss=0.099542
  batch 700/712  loss=0.092779
Epoch  48/50 | train 0.102452 | val 0.103145 | PSNR 16.65 dB | lr 3.1e-06 | 132s
  batch 1/712  loss=0.096062
  batch 50/712  loss=0.082609
  batch 100/712  loss=0.088694
  batch 150/712  loss=0.091551
  batch 200/712  loss=0.112809
  batch 250/712  loss=0.114535
  batch 300/712  loss=0.094460
  batch 350/712  loss=0.088681
  batch 400/712  loss=0.092721
  batch 450/712  loss=0.095056
  batch 500/712  loss=0.093821
  batch 550/712  loss=0.097738
  batch 600/712  loss=0.113972
  batch 650/712  loss=0.098830
  batch 700/712  loss=0.088058
Epoch  49/50 | train 0.102102 | val 0.104045 | PSNR 16.60 dB | lr 3.1e-06 | 132s
  batch 1/712  loss=0.106656
  batch 50/712  loss=0.114669
  batch 100/712  loss=0.111164
  batch 150/712  loss=0.098513
  batch 200/712  loss=0.096380
  batch 250/712  loss=0.099840
  batch 300/712  loss=0.105605
  batch 350/712  loss=0.098387
  batch 400/712  loss=0.109326
  batch 450/712  loss=0.100469
  batch 500/712  loss=0.110162
  batch 550/712  loss=0.107180
  batch 600/712  loss=0.098103
  batch 650/712  loss=0.114102
  batch 700/712  loss=0.104138
Epoch  50/50 | train 0.102771 | val 0.103973 | PSNR 16.60 dB | lr 1.6e-06 | 132s
Training complete.
