Device: mps
Pairs: 986 total, 788 train, 198 val
Samples: 6304 train, 1584 val
Model: 988,609 parameters
  batch 1/788  loss=3.293867
  batch 50/788  loss=0.110964
  batch 100/788  loss=0.095663
  batch 150/788  loss=0.095952
  batch 200/788  loss=0.072928
  batch 250/788  loss=0.096993
  batch 300/788  loss=0.114020
  batch 350/788  loss=0.135353
  batch 400/788  loss=0.078569
  batch 450/788  loss=0.133470
  batch 500/788  loss=0.104231
  batch 550/788  loss=0.078845
  batch 600/788  loss=0.108657
  batch 650/788  loss=0.089376
  batch 700/788  loss=0.130446
  batch 750/788  loss=0.133445
Epoch   1/50 | train 0.122844 | val 0.098670 | PSNR 0.87 dB | lr 1.0e-04 | 143s
  -> saved best.pth (val_loss=0.098670)
  batch 1/788  loss=0.102195
  batch 50/788  loss=0.082492
  batch 100/788  loss=0.097210
  batch 150/788  loss=0.102629
  batch 200/788  loss=0.102962
  batch 250/788  loss=0.091614
  batch 300/788  loss=0.084936
  batch 350/788  loss=0.127200
  batch 400/788  loss=0.078358
  batch 450/788  loss=0.093651
  batch 500/788  loss=0.079958
  batch 550/788  loss=0.112216
  batch 600/788  loss=0.069007
  batch 650/788  loss=0.097189
  batch 700/788  loss=0.098176
  batch 750/788  loss=0.126032
Epoch   2/50 | train 0.094597 | val 0.096346 | PSNR 0.94 dB | lr 1.0e-04 | 131s
  -> saved best.pth (val_loss=0.096346)
  batch 1/788  loss=0.096898
  batch 50/788  loss=0.096547
  batch 100/788  loss=0.094924
  batch 150/788  loss=0.109058
  batch 200/788  loss=0.088300
  batch 250/788  loss=0.083777
  batch 300/788  loss=0.079909
  batch 350/788  loss=0.085841
  batch 400/788  loss=0.085412
  batch 450/788  loss=0.081274
  batch 500/788  loss=0.086003
  batch 550/788  loss=0.095255
  batch 600/788  loss=0.086198
  batch 650/788  loss=0.083832
  batch 700/788  loss=0.075537
  batch 750/788  loss=0.107970
Epoch   3/50 | train 0.093640 | val 0.097438 | PSNR 0.82 dB | lr 1.0e-04 | 131s
  batch 1/788  loss=0.081076
  batch 50/788  loss=0.133157
  batch 100/788  loss=0.165173
  batch 150/788  loss=0.093994
  batch 200/788  loss=0.084458
  batch 250/788  loss=0.104206
  batch 300/788  loss=0.097899
  batch 350/788  loss=0.091043
  batch 400/788  loss=0.129490
  batch 450/788  loss=0.101949
  batch 500/788  loss=0.072031
  batch 550/788  loss=0.074339
  batch 600/788  loss=0.095962
  batch 650/788  loss=0.098617
  batch 700/788  loss=0.114612
  batch 750/788  loss=0.081674
Epoch   4/50 | train 0.093332 | val 0.096938 | PSNR 0.26 dB | lr 1.0e-04 | 131s
  batch 1/788  loss=0.076882
  batch 50/788  loss=0.084329
  batch 100/788  loss=0.075259
  batch 150/788  loss=0.090356
  batch 200/788  loss=0.100071
  batch 250/788  loss=0.086661
  batch 300/788  loss=0.074208
  batch 350/788  loss=0.080309
  batch 400/788  loss=0.108504
  batch 450/788  loss=0.090763
  batch 500/788  loss=0.101733
  batch 550/788  loss=0.083961
  batch 600/788  loss=0.069583
  batch 650/788  loss=0.079988
  batch 700/788  loss=0.067651
  batch 750/788  loss=0.091455
Epoch   5/50 | train 0.092563 | val 0.095971 | PSNR 0.78 dB | lr 1.0e-04 | 131s
  -> saved best.pth (val_loss=0.095971)
  batch 1/788  loss=0.117279
  batch 50/788  loss=0.098284
  batch 100/788  loss=0.097087
  batch 150/788  loss=0.084299
  batch 200/788  loss=0.105424
  batch 250/788  loss=0.079100
  batch 300/788  loss=0.074938
  batch 350/788  loss=0.105154
  batch 400/788  loss=0.103499
  batch 450/788  loss=0.110426
  batch 500/788  loss=0.104000
  batch 550/788  loss=0.083920
  batch 600/788  loss=0.094047
  batch 650/788  loss=0.089792
  batch 700/788  loss=0.123515
  batch 750/788  loss=0.094627
Epoch   6/50 | train 0.093053 | val 0.095623 | PSNR 1.17 dB | lr 1.0e-04 | 131s
  -> saved best.pth (val_loss=0.095623)
  batch 1/788  loss=0.088119
  batch 50/788  loss=0.097095
  batch 100/788  loss=0.115633
  batch 150/788  loss=0.097026
  batch 200/788  loss=0.082277
  batch 250/788  loss=0.082438
  batch 300/788  loss=0.087475
  batch 350/788  loss=0.100520
  batch 400/788  loss=0.062039
  batch 450/788  loss=0.101140
  batch 500/788  loss=0.088264
  batch 550/788  loss=0.089166
  batch 600/788  loss=0.093874
  batch 650/788  loss=0.064607
  batch 700/788  loss=0.117723
  batch 750/788  loss=0.104797
Epoch   7/50 | train 0.092205 | val 0.095900 | PSNR 0.72 dB | lr 1.0e-04 | 131s
  batch 1/788  loss=0.097826
  batch 50/788  loss=0.100217
  batch 100/788  loss=0.099928
  batch 150/788  loss=0.081056
  batch 200/788  loss=0.098777
  batch 250/788  loss=0.101086
  batch 300/788  loss=0.088680
  batch 350/788  loss=0.085762
  batch 400/788  loss=0.074817
  batch 450/788  loss=0.087976
  batch 500/788  loss=0.069228
  batch 550/788  loss=0.089278
  batch 600/788  loss=0.093546
  batch 650/788  loss=0.071175
  batch 700/788  loss=0.084382
  batch 750/788  loss=0.091991
Epoch   8/50 | train 0.092378 | val 0.097068 | PSNR 0.43 dB | lr 1.0e-04 | 131s
  batch 1/788  loss=0.082650
  batch 50/788  loss=0.072113
  batch 100/788  loss=0.088168
  batch 150/788  loss=0.079508
  batch 200/788  loss=0.090576
  batch 250/788  loss=0.087013
  batch 300/788  loss=0.092660
  batch 350/788  loss=0.098347
  batch 400/788  loss=0.089104
  batch 450/788  loss=0.099784
  batch 500/788  loss=0.104108
  batch 550/788  loss=0.091439
  batch 600/788  loss=0.094858
  batch 650/788  loss=0.096222
  batch 700/788  loss=0.091668
  batch 750/788  loss=0.107313
Epoch   9/50 | train 0.092275 | val 0.096874 | PSNR 0.95 dB | lr 1.0e-04 | 131s
  batch 1/788  loss=0.080088
  batch 50/788  loss=0.110159
  batch 100/788  loss=0.078556
  batch 150/788  loss=0.079223
  batch 200/788  loss=0.082965
  batch 250/788  loss=0.103172
  batch 300/788  loss=0.090019
  batch 350/788  loss=0.089593
  batch 400/788  loss=0.070132
  batch 450/788  loss=0.105340
  batch 500/788  loss=0.098773
  batch 550/788  loss=0.100657
  batch 600/788  loss=0.096078
  batch 650/788  loss=0.104140
  batch 700/788  loss=0.115362
  batch 750/788  loss=0.120638
Epoch  10/50 | train 0.092489 | val 0.096122 | PSNR 0.79 dB | lr 1.0e-04 | 131s
  batch 1/788  loss=0.102466
  batch 50/788  loss=0.079065
  batch 100/788  loss=0.069439
  batch 150/788  loss=0.082110
  batch 200/788  loss=0.102576
  batch 250/788  loss=0.091553
  batch 300/788  loss=0.098587
  batch 350/788  loss=0.088824
  batch 400/788  loss=0.135291
  batch 450/788  loss=0.098263
  batch 500/788  loss=0.090158
  batch 550/788  loss=0.105609
  batch 600/788  loss=0.099031
  batch 650/788  loss=0.086347
  batch 700/788  loss=0.079646
  batch 750/788  loss=0.084779
Epoch  11/50 | train 0.092060 | val 0.095434 | PSNR 0.95 dB | lr 1.0e-04 | 131s
  -> saved best.pth (val_loss=0.095434)
  batch 1/788  loss=0.076124
  batch 50/788  loss=0.075659
  batch 100/788  loss=0.083804
  batch 150/788  loss=0.090266
  batch 200/788  loss=0.096135
  batch 250/788  loss=0.092546
  batch 300/788  loss=0.087390
  batch 350/788  loss=0.089715
  batch 400/788  loss=0.092837
  batch 450/788  loss=0.096983
  batch 500/788  loss=0.098501
  batch 550/788  loss=0.098774
  batch 600/788  loss=0.085051
  batch 650/788  loss=0.120450
  batch 700/788  loss=0.077404
  batch 750/788  loss=0.104728
Epoch  12/50 | train 0.092201 | val 0.095667 | PSNR 0.88 dB | lr 1.0e-04 | 131s
  batch 1/788  loss=0.063326
  batch 50/788  loss=0.095384
  batch 100/788  loss=0.083946
  batch 150/788  loss=0.082838
  batch 200/788  loss=0.098491
  batch 250/788  loss=0.087825
  batch 300/788  loss=0.100557
  batch 350/788  loss=0.084798
  batch 400/788  loss=0.100905
  batch 450/788  loss=0.107259
  batch 500/788  loss=0.093752
  batch 550/788  loss=0.114374
  batch 600/788  loss=0.090470
  batch 650/788  loss=0.082274
  batch 700/788  loss=0.083900
  batch 750/788  loss=0.078825
Epoch  13/50 | train 0.092190 | val 0.093979 | PSNR 1.18 dB | lr 1.0e-04 | 131s
  -> saved best.pth (val_loss=0.093979)
  batch 1/788  loss=0.094050
  batch 50/788  loss=0.109231
  batch 100/788  loss=0.092938
  batch 150/788  loss=0.068892
  batch 200/788  loss=0.081219
  batch 250/788  loss=0.063191
  batch 300/788  loss=0.073631
  batch 350/788  loss=0.073194
  batch 400/788  loss=0.090301
  batch 450/788  loss=0.088132
  batch 500/788  loss=0.081556
  batch 550/788  loss=0.106875
  batch 600/788  loss=0.089585
  batch 650/788  loss=0.065328
  batch 700/788  loss=0.093855
  batch 750/788  loss=0.087289
Epoch  14/50 | train 0.092430 | val 0.096569 | PSNR 0.83 dB | lr 1.0e-04 | 131s
  batch 1/788  loss=0.081987
  batch 50/788  loss=0.077779
  batch 100/788  loss=0.091153
  batch 150/788  loss=0.077352
  batch 200/788  loss=0.055524
  batch 250/788  loss=0.088482
  batch 300/788  loss=0.080764
  batch 350/788  loss=0.075936
  batch 400/788  loss=0.081834
  batch 450/788  loss=0.077098
  batch 500/788  loss=0.091722
  batch 550/788  loss=0.088951
  batch 600/788  loss=0.105211
  batch 650/788  loss=0.084467
  batch 700/788  loss=0.079594
  batch 750/788  loss=0.092199
Epoch  15/50 | train 0.092073 | val 0.095581 | PSNR 0.95 dB | lr 1.0e-04 | 131s
  batch 1/788  loss=0.065052
  batch 50/788  loss=0.075339
  batch 100/788  loss=0.077618
  batch 150/788  loss=0.063041
  batch 200/788  loss=0.102484
  batch 250/788  loss=0.104776
  batch 300/788  loss=0.074394
  batch 350/788  loss=0.080405
  batch 400/788  loss=0.087348
  batch 450/788  loss=0.078123
  batch 500/788  loss=0.085045
  batch 550/788  loss=0.085276
  batch 600/788  loss=0.104332
  batch 650/788  loss=0.088082
  batch 700/788  loss=0.086515
  batch 750/788  loss=0.097835
Epoch  16/50 | train 0.091824 | val 0.094068 | PSNR 0.83 dB | lr 1.0e-04 | 131s
  batch 1/788  loss=0.070741
  batch 50/788  loss=0.070389
  batch 100/788  loss=0.088349
  batch 150/788  loss=0.088031
  batch 200/788  loss=0.069050
  batch 250/788  loss=0.073909
  batch 300/788  loss=0.108750
  batch 350/788  loss=0.081034
  batch 400/788  loss=0.091534
  batch 450/788  loss=0.077097
  batch 500/788  loss=0.129148
  batch 550/788  loss=0.095361
  batch 600/788  loss=0.089631
  batch 650/788  loss=0.076695
  batch 700/788  loss=0.109034
  batch 750/788  loss=0.099079
Epoch  17/50 | train 0.091535 | val 0.094538 | PSNR 1.19 dB | lr 1.0e-04 | 131s
  batch 1/788  loss=0.082070
  batch 50/788  loss=0.094554
  batch 100/788  loss=0.084652
  batch 150/788  loss=0.130226
  batch 200/788  loss=0.068376
  batch 250/788  loss=0.132654
  batch 300/788  loss=0.063007
  batch 350/788  loss=0.124134
  batch 400/788  loss=0.118145
  batch 450/788  loss=0.108361
  batch 500/788  loss=0.082035
  batch 550/788  loss=0.057660
  batch 600/788  loss=0.075709
  batch 650/788  loss=0.104475
  batch 700/788  loss=0.065756
  batch 750/788  loss=0.090408
Epoch  18/50 | train 0.091786 | val 0.095059 | PSNR 0.94 dB | lr 1.0e-04 | 131s
  batch 1/788  loss=0.089975
  batch 50/788  loss=0.090315
  batch 100/788  loss=0.084396
  batch 150/788  loss=0.095608
  batch 200/788  loss=0.104788
  batch 250/788  loss=0.096574
  batch 300/788  loss=0.070773
  batch 350/788  loss=0.111331
  batch 400/788  loss=0.098417
  batch 450/788  loss=0.076038
  batch 500/788  loss=0.098387
  batch 550/788  loss=0.096995
  batch 600/788  loss=0.109462
  batch 650/788  loss=0.090495
  batch 700/788  loss=0.092903
  batch 750/788  loss=0.069181
Epoch  19/50 | train 0.091604 | val 0.094919 | PSNR 0.58 dB | lr 5.0e-05 | 131s
  batch 1/788  loss=0.072734
  batch 50/788  loss=0.066893
  batch 100/788  loss=0.128484
  batch 150/788  loss=0.094983
  batch 200/788  loss=0.084183
  batch 250/788  loss=0.084448
  batch 300/788  loss=0.120165
  batch 350/788  loss=0.083626
  batch 400/788  loss=0.099681
  batch 450/788  loss=0.104497
  batch 500/788  loss=0.073670
  batch 550/788  loss=0.070655
  batch 600/788  loss=0.109906
  batch 650/788  loss=0.115584
  batch 700/788  loss=0.105316
  batch 750/788  loss=0.124729
Epoch  20/50 | train 0.092011 | val 0.095031 | PSNR 1.13 dB | lr 5.0e-05 | 131s
  batch 1/788  loss=0.081982
  batch 50/788  loss=0.097732
  batch 100/788  loss=0.090786
  batch 150/788  loss=0.112939
  batch 200/788  loss=0.074779
  batch 250/788  loss=0.075413
  batch 300/788  loss=0.078955
  batch 350/788  loss=0.089868
  batch 400/788  loss=0.069916
  batch 450/788  loss=0.085002
  batch 500/788  loss=0.110049
  batch 550/788  loss=0.076788
  batch 600/788  loss=0.100660
  batch 650/788  loss=0.077412
  batch 700/788  loss=0.083299
  batch 750/788  loss=0.109597
Epoch  21/50 | train 0.091290 | val 0.094429 | PSNR 0.94 dB | lr 5.0e-05 | 131s
  batch 1/788  loss=0.100917
  batch 50/788  loss=0.085726
  batch 100/788  loss=0.070667
  batch 150/788  loss=0.101017
  batch 200/788  loss=0.102585
  batch 250/788  loss=0.079846
  batch 300/788  loss=0.086060
  batch 350/788  loss=0.070638
  batch 400/788  loss=0.102302
  batch 450/788  loss=0.087608
  batch 500/788  loss=0.104442
  batch 550/788  loss=0.092350
  batch 600/788  loss=0.123194
  batch 650/788  loss=0.085874
  batch 700/788  loss=0.100276
  batch 750/788  loss=0.079832
Epoch  22/50 | train 0.091666 | val 0.095159 | PSNR 0.90 dB | lr 5.0e-05 | 131s
  batch 1/788  loss=0.080083
  batch 50/788  loss=0.117275
  batch 100/788  loss=0.109829
  batch 150/788  loss=0.094394
  batch 200/788  loss=0.095946
  batch 250/788  loss=0.082677
  batch 300/788  loss=0.075410
  batch 350/788  loss=0.100377
  batch 400/788  loss=0.078311
  batch 450/788  loss=0.096711
  batch 500/788  loss=0.091004
  batch 550/788  loss=0.125963
  batch 600/788  loss=0.094375
  batch 650/788  loss=0.096958
  batch 700/788  loss=0.058535
  batch 750/788  loss=0.052199
Epoch  23/50 | train 0.091600 | val 0.095392 | PSNR 0.58 dB | lr 5.0e-05 | 131s
  batch 1/788  loss=0.068026
  batch 50/788  loss=0.103477
  batch 100/788  loss=0.105671
  batch 150/788  loss=0.105233
  batch 200/788  loss=0.077822
  batch 250/788  loss=0.101152
  batch 300/788  loss=0.095344
  batch 350/788  loss=0.104559
  batch 400/788  loss=0.084462
  batch 450/788  loss=0.105354
  batch 500/788  loss=0.087968
  batch 550/788  loss=0.103899
  batch 600/788  loss=0.114005
  batch 650/788  loss=0.082184
  batch 700/788  loss=0.098673
  batch 750/788  loss=0.090333
Epoch  24/50 | train 0.091628 | val 0.094897 | PSNR 1.14 dB | lr 5.0e-05 | 131s
  batch 1/788  loss=0.177498
  batch 50/788  loss=0.128189
  batch 100/788  loss=0.085303
  batch 150/788  loss=0.094740
  batch 200/788  loss=0.082379
  batch 250/788  loss=0.086208
  batch 300/788  loss=0.073362
  batch 350/788  loss=0.092672
  batch 400/788  loss=0.101675
  batch 450/788  loss=0.087683
  batch 500/788  loss=0.084026
  batch 550/788  loss=0.067860
  batch 600/788  loss=0.077042
  batch 650/788  loss=0.097418
  batch 700/788  loss=0.098148
  batch 750/788  loss=0.149961
Epoch  25/50 | train 0.091556 | val 0.095330 | PSNR 1.21 dB | lr 2.5e-05 | 131s
  batch 1/788  loss=0.089186
  batch 50/788  loss=0.084853
  batch 100/788  loss=0.083888
  batch 150/788  loss=0.095706
  batch 200/788  loss=0.111529
  batch 250/788  loss=0.073076
  batch 300/788  loss=0.087075
  batch 350/788  loss=0.078779
  batch 400/788  loss=0.102916
  batch 450/788  loss=0.109473
  batch 500/788  loss=0.088176
  batch 550/788  loss=0.070545
  batch 600/788  loss=0.104187
  batch 650/788  loss=0.079447
  batch 700/788  loss=0.086731
  batch 750/788  loss=0.088588
Epoch  26/50 | train 0.091828 | val 0.094813 | PSNR 1.31 dB | lr 2.5e-05 | 131s
  batch 1/788  loss=0.134348
  batch 50/788  loss=0.109152
  batch 100/788  loss=0.087302
  batch 150/788  loss=0.072083
  batch 200/788  loss=0.064788
  batch 250/788  loss=0.068647
  batch 300/788  loss=0.079781
  batch 350/788  loss=0.083231
  batch 400/788  loss=0.084160
  batch 450/788  loss=0.122987
  batch 500/788  loss=0.096242
  batch 550/788  loss=0.103642
  batch 600/788  loss=0.090265
  batch 650/788  loss=0.095958
  batch 700/788  loss=0.084650
  batch 750/788  loss=0.103691
Epoch  27/50 | train 0.091650 | val 0.095152 | PSNR 1.38 dB | lr 2.5e-05 | 131s
  batch 1/788  loss=0.083231
  batch 50/788  loss=0.070180
  batch 100/788  loss=0.092129
  batch 150/788  loss=0.106417
  batch 200/788  loss=0.083739
  batch 250/788  loss=0.102279
  batch 300/788  loss=0.097843
  batch 350/788  loss=0.103350
  batch 400/788  loss=0.105286
  batch 450/788  loss=0.109698
  batch 500/788  loss=0.087543
  batch 550/788  loss=0.110569
  batch 600/788  loss=0.080382
  batch 650/788  loss=0.068318
  batch 700/788  loss=0.079998
  batch 750/788  loss=0.068726
Epoch  28/50 | train 0.091897 | val 0.094283 | PSNR 1.41 dB | lr 2.5e-05 | 131s
  batch 1/788  loss=0.105084
  batch 50/788  loss=0.081664
  batch 100/788  loss=0.074508
  batch 150/788  loss=0.104912
  batch 200/788  loss=0.089558
  batch 250/788  loss=0.069536
  batch 300/788  loss=0.112370
  batch 350/788  loss=0.085230
  batch 400/788  loss=0.104870
  batch 450/788  loss=0.095990
  batch 500/788  loss=0.065585
  batch 550/788  loss=0.069554
  batch 600/788  loss=0.097555
  batch 650/788  loss=0.072990
  batch 700/788  loss=0.068978
  batch 750/788  loss=0.076461
Epoch  29/50 | train 0.091114 | val 0.094961 | PSNR 1.17 dB | lr 2.5e-05 | 131s
  batch 1/788  loss=0.103683
  batch 50/788  loss=0.092723
  batch 100/788  loss=0.092854
  batch 150/788  loss=0.089012
  batch 200/788  loss=0.102580
  batch 250/788  loss=0.120972
  batch 300/788  loss=0.078974
  batch 350/788  loss=0.076326
  batch 400/788  loss=0.080910
  batch 450/788  loss=0.108998
  batch 500/788  loss=0.089203
  batch 550/788  loss=0.070573
  batch 600/788  loss=0.094418
  batch 650/788  loss=0.065931
  batch 700/788  loss=0.092696
  batch 750/788  loss=0.103665
Epoch  30/50 | train 0.091459 | val 0.094951 | PSNR 1.41 dB | lr 2.5e-05 | 131s
  batch 1/788  loss=0.108337
  batch 50/788  loss=0.068878
  batch 100/788  loss=0.094113
  batch 150/788  loss=0.090140
  batch 200/788  loss=0.070430
  batch 250/788  loss=0.098950
  batch 300/788  loss=0.058059
  batch 350/788  loss=0.107341
  batch 400/788  loss=0.080853
  batch 450/788  loss=0.106138
  batch 500/788  loss=0.102118
  batch 550/788  loss=0.097073
  batch 600/788  loss=0.076986
  batch 650/788  loss=0.089156
  batch 700/788  loss=0.091484
  batch 750/788  loss=0.094820
Epoch  31/50 | train 0.091102 | val 0.095424 | PSNR 0.94 dB | lr 1.3e-05 | 131s
  batch 1/788  loss=0.101402
  batch 50/788  loss=0.095613
  batch 100/788  loss=0.098290
  batch 150/788  loss=0.058661
  batch 200/788  loss=0.131588
  batch 250/788  loss=0.108418
  batch 300/788  loss=0.121363
  batch 350/788  loss=0.104285
  batch 400/788  loss=0.086978
  batch 450/788  loss=0.092461
  batch 500/788  loss=0.087366
  batch 550/788  loss=0.087194
  batch 600/788  loss=0.083988
  batch 650/788  loss=0.097347
  batch 700/788  loss=0.101022
  batch 750/788  loss=0.090310
Epoch  32/50 | train 0.091213 | val 0.094681 | PSNR 1.31 dB | lr 1.3e-05 | 131s
  batch 1/788  loss=0.090548
  batch 50/788  loss=0.113192
  batch 100/788  loss=0.089154
  batch 150/788  loss=0.126238
  batch 200/788  loss=0.112786
  batch 250/788  loss=0.074575
  batch 300/788  loss=0.074396
  batch 350/788  loss=0.106002
  batch 400/788  loss=0.100052
  batch 450/788  loss=0.101571
  batch 500/788  loss=0.088489
  batch 550/788  loss=0.066567
  batch 600/788  loss=0.095097
  batch 650/788  loss=0.089772
  batch 700/788  loss=0.124007
  batch 750/788  loss=0.093382
Epoch  33/50 | train 0.091489 | val 0.093998 | PSNR 1.48 dB | lr 1.3e-05 | 131s
  batch 1/788  loss=0.087982
  batch 50/788  loss=0.096229
  batch 100/788  loss=0.093723
  batch 150/788  loss=0.083174
  batch 200/788  loss=0.092724
  batch 250/788  loss=0.095613
  batch 300/788  loss=0.079599
  batch 350/788  loss=0.100078
  batch 400/788  loss=0.088172
  batch 450/788  loss=0.066978
  batch 500/788  loss=0.078291
  batch 550/788  loss=0.086129
  batch 600/788  loss=0.069485
  batch 650/788  loss=0.070738
  batch 700/788  loss=0.095961
  batch 750/788  loss=0.057714
Epoch  34/50 | train 0.091530 | val 0.095140 | PSNR 1.26 dB | lr 1.3e-05 | 131s
  batch 1/788  loss=0.083395
  batch 50/788  loss=0.092159
  batch 100/788  loss=0.077965
  batch 150/788  loss=0.110945
  batch 200/788  loss=0.091446
  batch 250/788  loss=0.088311
  batch 300/788  loss=0.106825
  batch 350/788  loss=0.071300
  batch 400/788  loss=0.132737
  batch 450/788  loss=0.097472
  batch 500/788  loss=0.091543
  batch 550/788  loss=0.078469
  batch 600/788  loss=0.102029
  batch 650/788  loss=0.100499
  batch 700/788  loss=0.098525
  batch 750/788  loss=0.102884
Epoch  35/50 | train 0.091844 | val 0.093716 | PSNR 1.55 dB | lr 1.3e-05 | 131s
  -> saved best.pth (val_loss=0.093716)
  batch 1/788  loss=0.091946
  batch 50/788  loss=0.084210
  batch 100/788  loss=0.062483
  batch 150/788  loss=0.100972
  batch 200/788  loss=0.079445
  batch 250/788  loss=0.074582
  batch 300/788  loss=0.088946
  batch 350/788  loss=0.084216
  batch 400/788  loss=0.094184
  batch 450/788  loss=0.118101
  batch 500/788  loss=0.103058
  batch 550/788  loss=0.080669
  batch 600/788  loss=0.085690
  batch 650/788  loss=0.118550
  batch 700/788  loss=0.087946
  batch 750/788  loss=0.087891
Epoch  36/50 | train 0.091364 | val 0.094273 | PSNR 1.43 dB | lr 1.3e-05 | 131s
  batch 1/788  loss=0.085848
  batch 50/788  loss=0.109527
  batch 100/788  loss=0.066293
  batch 150/788  loss=0.116137
  batch 200/788  loss=0.091891
  batch 250/788  loss=0.100770
  batch 300/788  loss=0.096592
  batch 350/788  loss=0.106123
  batch 400/788  loss=0.073589
  batch 450/788  loss=0.067892
  batch 500/788  loss=0.086979
  batch 550/788  loss=0.076770
  batch 600/788  loss=0.112352
  batch 650/788  loss=0.063157
  batch 700/788  loss=0.114743
  batch 750/788  loss=0.077875
Epoch  37/50 | train 0.091881 | val 0.095174 | PSNR 1.08 dB | lr 1.3e-05 | 131s
  batch 1/788  loss=0.071203
  batch 50/788  loss=0.110966
  batch 100/788  loss=0.095029
  batch 150/788  loss=0.060023
  batch 200/788  loss=0.130589
  batch 250/788  loss=0.072061
  batch 300/788  loss=0.125365
  batch 350/788  loss=0.081471
  batch 400/788  loss=0.089626
  batch 450/788  loss=0.073528
  batch 500/788  loss=0.097592
  batch 550/788  loss=0.088675
  batch 600/788  loss=0.103576
  batch 650/788  loss=0.080894
  batch 700/788  loss=0.085633
  batch 750/788  loss=0.089907
Epoch  38/50 | train 0.091620 | val 0.093856 | PSNR 1.53 dB | lr 1.3e-05 | 131s
  batch 1/788  loss=0.080736
  batch 50/788  loss=0.065363
  batch 100/788  loss=0.114961
  batch 150/788  loss=0.088051
  batch 200/788  loss=0.106276
  batch 250/788  loss=0.116947
  batch 300/788  loss=0.107140
  batch 350/788  loss=0.084001
  batch 400/788  loss=0.099203
  batch 450/788  loss=0.089328
  batch 500/788  loss=0.087640
  batch 550/788  loss=0.089520
  batch 600/788  loss=0.102078
  batch 650/788  loss=0.116752
  batch 700/788  loss=0.075761
  batch 750/788  loss=0.063253
Epoch  39/50 | train 0.091370 | val 0.095277 | PSNR 1.25 dB | lr 1.3e-05 | 131s
  batch 1/788  loss=0.082761
  batch 50/788  loss=0.068153
  batch 100/788  loss=0.088297
  batch 150/788  loss=0.092717
  batch 200/788  loss=0.085963
  batch 250/788  loss=0.076858
  batch 300/788  loss=0.087892
  batch 350/788  loss=0.085677
  batch 400/788  loss=0.110576
  batch 450/788  loss=0.100344
  batch 500/788  loss=0.080917
  batch 550/788  loss=0.100470
  batch 600/788  loss=0.066282
  batch 650/788  loss=0.099752
  batch 700/788  loss=0.083496
  batch 750/788  loss=0.118565
Epoch  40/50 | train 0.091210 | val 0.094274 | PSNR 1.07 dB | lr 1.3e-05 | 131s
  batch 1/788  loss=0.081427
  batch 50/788  loss=0.091432
  batch 100/788  loss=0.091340
  batch 150/788  loss=0.096704
  batch 200/788  loss=0.101298
  batch 250/788  loss=0.084065
  batch 300/788  loss=0.095438
  batch 350/788  loss=0.094927
  batch 400/788  loss=0.079869
  batch 450/788  loss=0.090790
  batch 500/788  loss=0.098263
  batch 550/788  loss=0.075229
  batch 600/788  loss=0.091554
  batch 650/788  loss=0.079376
  batch 700/788  loss=0.071359
  batch 750/788  loss=0.065297
Epoch  41/50 | train 0.091635 | val 0.094813 | PSNR 1.26 dB | lr 6.3e-06 | 131s
  batch 1/788  loss=0.087589
  batch 50/788  loss=0.088267
  batch 100/788  loss=0.104599
  batch 150/788  loss=0.102940
  batch 200/788  loss=0.089656
  batch 250/788  loss=0.069059
  batch 300/788  loss=0.103715
  batch 350/788  loss=0.077503
  batch 400/788  loss=0.115437
  batch 450/788  loss=0.088407
  batch 500/788  loss=0.081843
  batch 550/788  loss=0.105632
  batch 600/788  loss=0.090780
  batch 650/788  loss=0.094477
  batch 700/788  loss=0.088362
  batch 750/788  loss=0.081439
Epoch  42/50 | train 0.090995 | val 0.093552 | PSNR 1.62 dB | lr 6.3e-06 | 131s
  -> saved best.pth (val_loss=0.093552)
  batch 1/788  loss=0.096734
  batch 50/788  loss=0.086442
  batch 100/788  loss=0.088399
  batch 150/788  loss=0.133647
  batch 200/788  loss=0.088527
  batch 250/788  loss=0.108905
  batch 300/788  loss=0.090842
  batch 350/788  loss=0.096397
  batch 400/788  loss=0.124179
  batch 450/788  loss=0.076431
  batch 500/788  loss=0.127252
  batch 550/788  loss=0.099940
  batch 600/788  loss=0.087864
  batch 650/788  loss=0.095413
  batch 700/788  loss=0.103618
  batch 750/788  loss=0.078630
Epoch  43/50 | train 0.090943 | val 0.093984 | PSNR 1.61 dB | lr 6.3e-06 | 131s
  batch 1/788  loss=0.083924
  batch 50/788  loss=0.085882
  batch 100/788  loss=0.096426
  batch 150/788  loss=0.064656
  batch 200/788  loss=0.130166
  batch 250/788  loss=0.070132
  batch 300/788  loss=0.089423
  batch 350/788  loss=0.080385
  batch 400/788  loss=0.103283
  batch 450/788  loss=0.091358
  batch 500/788  loss=0.096424
  batch 550/788  loss=0.114558
  batch 600/788  loss=0.115144
  batch 650/788  loss=0.079902
  batch 700/788  loss=0.076344
  batch 750/788  loss=0.122567
Epoch  44/50 | train 0.091432 | val 0.095333 | PSNR 1.37 dB | lr 6.3e-06 | 131s
  batch 1/788  loss=0.074551
  batch 50/788  loss=0.102905
  batch 100/788  loss=0.093342
  batch 150/788  loss=0.093102
  batch 200/788  loss=0.088862
  batch 250/788  loss=0.134768
  batch 300/788  loss=0.089256
  batch 350/788  loss=0.097133
  batch 400/788  loss=0.092659
  batch 450/788  loss=0.099272
  batch 500/788  loss=0.103318
  batch 550/788  loss=0.093519
  batch 600/788  loss=0.095595
  batch 650/788  loss=0.084293
  batch 700/788  loss=0.099976
  batch 750/788  loss=0.090679
Epoch  45/50 | train 0.090800 | val 0.094037 | PSNR 1.65 dB | lr 6.3e-06 | 131s
  batch 1/788  loss=0.087518
  batch 50/788  loss=0.071580
  batch 100/788  loss=0.111293
  batch 150/788  loss=0.081115
  batch 200/788  loss=0.108666
  batch 250/788  loss=0.090170
  batch 300/788  loss=0.084946
  batch 350/788  loss=0.071278
  batch 400/788  loss=0.086294
  batch 450/788  loss=0.064330
  batch 500/788  loss=0.073921
  batch 550/788  loss=0.087090
  batch 600/788  loss=0.077608
  batch 650/788  loss=0.096364
  batch 700/788  loss=0.080927
  batch 750/788  loss=0.096575
Epoch  46/50 | train 0.091135 | val 0.094057 | PSNR 1.59 dB | lr 6.3e-06 | 131s
  batch 1/788  loss=0.065646
  batch 50/788  loss=0.077668
  batch 100/788  loss=0.080724
  batch 150/788  loss=0.105818
  batch 200/788  loss=0.080067
  batch 250/788  loss=0.100658
  batch 300/788  loss=0.074900
  batch 350/788  loss=0.095164
  batch 400/788  loss=0.074930
  batch 450/788  loss=0.087311
  batch 500/788  loss=0.087665
  batch 550/788  loss=0.101089
  batch 600/788  loss=0.095128
  batch 650/788  loss=0.080901
  batch 700/788  loss=0.082701
  batch 750/788  loss=0.098168
Epoch  47/50 | train 0.090954 | val 0.094624 | PSNR 1.21 dB | lr 6.3e-06 | 131s
  batch 1/788  loss=0.090521
  batch 50/788  loss=0.077890
  batch 100/788  loss=0.076189
  batch 150/788  loss=0.090074
  batch 200/788  loss=0.072258
  batch 250/788  loss=0.068818
  batch 300/788  loss=0.105513
  batch 350/788  loss=0.099441
  batch 400/788  loss=0.072924
  batch 450/788  loss=0.101679
  batch 500/788  loss=0.109879
  batch 550/788  loss=0.077324
  batch 600/788  loss=0.092602
  batch 650/788  loss=0.107683
  batch 700/788  loss=0.065370
  batch 750/788  loss=0.131436
Epoch  48/50 | train 0.092131 | val 0.094868 | PSNR 1.32 dB | lr 3.1e-06 | 131s
  batch 1/788  loss=0.094753
  batch 50/788  loss=0.103077
  batch 100/788  loss=0.075726
  batch 150/788  loss=0.055575
  batch 200/788  loss=0.089318
  batch 250/788  loss=0.093995
  batch 300/788  loss=0.095802
  batch 350/788  loss=0.118258
  batch 400/788  loss=0.105392
  batch 450/788  loss=0.095183
  batch 500/788  loss=0.073191
  batch 550/788  loss=0.090975
  batch 600/788  loss=0.115756
  batch 650/788  loss=0.122549
  batch 700/788  loss=0.089169
  batch 750/788  loss=0.117513
Epoch  49/50 | train 0.092069 | val 0.093929 | PSNR 1.74 dB | lr 3.1e-06 | 131s
  batch 1/788  loss=0.087313
  batch 50/788  loss=0.095027
  batch 100/788  loss=0.095764
  batch 150/788  loss=0.098287
  batch 200/788  loss=0.083290
  batch 250/788  loss=0.071340
  batch 300/788  loss=0.107435
  batch 350/788  loss=0.072316
  batch 400/788  loss=0.079738
  batch 450/788  loss=0.071693
  batch 500/788  loss=0.085107
  batch 550/788  loss=0.104902
  batch 600/788  loss=0.068355
  batch 650/788  loss=0.107399
  batch 700/788  loss=0.076543
  batch 750/788  loss=0.084801
Epoch  50/50 | train 0.090787 | val 0.092949 | PSNR 1.73 dB | lr 3.1e-06 | 131s
  -> saved best.pth (val_loss=0.092949)
Training complete.
