Device: mps | mode: stack2 | checkpoints: checkpoints_run9
Dropped 96 rotated pairs (relative roll > 0.1 deg)
WCS offsets loaded: 318 exposures (56 above 0.3 px)
Stack dataset: 73 units (>=3 same-roll exposures), sizes 3-20, 34 clusters dropped (<3 files)
Slots: 73 total, 58 train, 15 val
Samples: 7424 train, 1920 val
Model: 989,617 parameters
  batch 1/928  loss=0.547634
  batch 50/928  loss=0.067442
  batch 100/928  loss=0.060762
  batch 150/928  loss=0.059091
  batch 200/928  loss=0.049028
  batch 250/928  loss=0.043502
  batch 300/928  loss=0.047225
  batch 350/928  loss=0.061035
  batch 400/928  loss=0.046486
  batch 450/928  loss=0.038984
  batch 500/928  loss=0.043289
  batch 550/928  loss=0.042089
  batch 600/928  loss=0.045225
  batch 650/928  loss=0.038809
  batch 700/928  loss=0.036542
  batch 750/928  loss=0.030283
  batch 800/928  loss=0.038669
  batch 850/928  loss=0.044882
  batch 900/928  loss=0.029990
Epoch   1/100 | train 0.052323 | val 0.036082 | PSNR 23.60 dB | lr 1.0e-04 | 296s
  -> saved best.pth (val_loss=0.036082)
  batch 1/928  loss=0.048350
  batch 50/928  loss=0.036308
  batch 100/928  loss=0.044176
  batch 150/928  loss=0.033172
  batch 200/928  loss=0.029216
  batch 250/928  loss=0.044419
  batch 300/928  loss=0.052665
  batch 350/928  loss=0.039839
  batch 400/928  loss=0.039984
  batch 450/928  loss=0.035150
  batch 500/928  loss=0.050929
  batch 550/928  loss=0.046474
  batch 600/928  loss=0.033326
  batch 650/928  loss=0.032173
  batch 700/928  loss=0.053250
  batch 750/928  loss=0.024835
  batch 800/928  loss=0.036850
  batch 850/928  loss=0.040595
  batch 900/928  loss=0.041944
Epoch   2/100 | train 0.038568 | val 0.034444 | PSNR 24.26 dB | lr 1.0e-04 | 279s
  -> saved best.pth (val_loss=0.034444)
  batch 1/928  loss=0.050293
  batch 50/928  loss=0.032154
  batch 100/928  loss=0.042949
  batch 150/928  loss=0.035018
  batch 200/928  loss=0.043128
  batch 250/928  loss=0.036185
  batch 300/928  loss=0.037268
  batch 350/928  loss=0.049945
  batch 400/928  loss=0.046329
  batch 450/928  loss=0.029691
  batch 500/928  loss=0.040781
  batch 550/928  loss=0.041922
  batch 600/928  loss=0.041369
  batch 650/928  loss=0.047750
  batch 700/928  loss=0.052023
  batch 750/928  loss=0.030104
  batch 800/928  loss=0.040791
  batch 850/928  loss=0.043232
  batch 900/928  loss=0.022968
Epoch   3/100 | train 0.037198 | val 0.032952 | PSNR 24.68 dB | lr 1.0e-04 | 279s
  -> saved best.pth (val_loss=0.032952)
  batch 1/928  loss=0.035923
  batch 50/928  loss=0.035707
  batch 100/928  loss=0.032185
  batch 150/928  loss=0.033406
  batch 200/928  loss=0.049909
  batch 250/928  loss=0.040960
  batch 300/928  loss=0.036552
  batch 350/928  loss=0.032400
  batch 400/928  loss=0.031483
  batch 450/928  loss=0.035151
  batch 500/928  loss=0.042062
  batch 550/928  loss=0.049747
  batch 600/928  loss=0.031946
  batch 650/928  loss=0.026294
  batch 700/928  loss=0.065488
  batch 750/928  loss=0.038396
  batch 800/928  loss=0.037439
  batch 850/928  loss=0.035184
  batch 900/928  loss=0.029489
Epoch   4/100 | train 0.036191 | val 0.030503 | PSNR 24.92 dB | lr 1.0e-04 | 279s
  -> saved best.pth (val_loss=0.030503)
  batch 1/928  loss=0.033694
  batch 50/928  loss=0.031847
  batch 100/928  loss=0.029636
  batch 150/928  loss=0.033622
  batch 200/928  loss=0.035840
  batch 250/928  loss=0.033668
  batch 300/928  loss=0.040507
  batch 350/928  loss=0.026648
  batch 400/928  loss=0.041353
  batch 450/928  loss=0.028518
  batch 500/928  loss=0.045388
  batch 550/928  loss=0.034287
  batch 600/928  loss=0.032885
  batch 650/928  loss=0.032096
  batch 700/928  loss=0.055168
  batch 750/928  loss=0.033081
  batch 800/928  loss=0.028633
  batch 850/928  loss=0.033602
  batch 900/928  loss=0.029890
Epoch   5/100 | train 0.035098 | val 0.029558 | PSNR 25.01 dB | lr 1.0e-04 | 279s
  -> saved best.pth (val_loss=0.029558)
  batch 1/928  loss=0.033918
  batch 50/928  loss=0.032295
  batch 100/928  loss=0.036915
  batch 150/928  loss=0.033331
  batch 200/928  loss=0.051973
  batch 250/928  loss=0.048672
  batch 300/928  loss=0.032735
  batch 350/928  loss=0.040144
  batch 400/928  loss=0.021580
  batch 450/928  loss=0.032889
  batch 500/928  loss=0.023581
  batch 550/928  loss=0.038775
  batch 600/928  loss=0.037694
  batch 650/928  loss=0.040362
  batch 700/928  loss=0.034458
  batch 750/928  loss=0.038617
  batch 800/928  loss=0.055725
  batch 850/928  loss=0.024469
  batch 900/928  loss=0.043905
Epoch   6/100 | train 0.034830 | val 0.029720 | PSNR 24.94 dB | lr 1.0e-04 | 279s
  batch 1/928  loss=0.035516
  batch 50/928  loss=0.036051
  batch 100/928  loss=0.037781
  batch 150/928  loss=0.031394
  batch 200/928  loss=0.035731
  batch 250/928  loss=0.023332
  batch 300/928  loss=0.028695
  batch 350/928  loss=0.031366
  batch 400/928  loss=0.043479
  batch 450/928  loss=0.056420
  batch 500/928  loss=0.030405
  batch 550/928  loss=0.034041
  batch 600/928  loss=0.036555
  batch 650/928  loss=0.034901
  batch 700/928  loss=0.027484
  batch 750/928  loss=0.040202
  batch 800/928  loss=0.031174
  batch 850/928  loss=0.035819
  batch 900/928  loss=0.031615
Epoch   7/100 | train 0.034567 | val 0.029425 | PSNR 25.28 dB | lr 1.0e-04 | 279s
  -> saved best.pth (val_loss=0.029425)
  batch 1/928  loss=0.043705
  batch 50/928  loss=0.033642
  batch 100/928  loss=0.037250
  batch 150/928  loss=0.033386
  batch 200/928  loss=0.035932
  batch 250/928  loss=0.030715
  batch 300/928  loss=0.034418
  batch 350/928  loss=0.020331
  batch 400/928  loss=0.028858
  batch 450/928  loss=0.049755
  batch 500/928  loss=0.049028
  batch 550/928  loss=0.034397
  batch 600/928  loss=0.021289
  batch 650/928  loss=0.037159
  batch 700/928  loss=0.028478
  batch 750/928  loss=0.033762
  batch 800/928  loss=0.025141
  batch 850/928  loss=0.037320
  batch 900/928  loss=0.035302
Epoch   8/100 | train 0.034131 | val 0.029061 | PSNR 25.29 dB | lr 1.0e-04 | 279s
  -> saved best.pth (val_loss=0.029061)
  batch 1/928  loss=0.035451
  batch 50/928  loss=0.041255
  batch 100/928  loss=0.043980
  batch 150/928  loss=0.033824
  batch 200/928  loss=0.033017
  batch 250/928  loss=0.035512
  batch 300/928  loss=0.035765
  batch 350/928  loss=0.026905
  batch 400/928  loss=0.027108
  batch 450/928  loss=0.023198
  batch 500/928  loss=0.033862
  batch 550/928  loss=0.034468
  batch 600/928  loss=0.031312
  batch 650/928  loss=0.032207
  batch 700/928  loss=0.029664
  batch 750/928  loss=0.033972
  batch 800/928  loss=0.027815
  batch 850/928  loss=0.032635
  batch 900/928  loss=0.041176
Epoch   9/100 | train 0.034000 | val 0.029890 | PSNR 25.33 dB | lr 1.0e-04 | 279s
  batch 1/928  loss=0.028178
  batch 50/928  loss=0.037182
  batch 100/928  loss=0.027326
  batch 150/928  loss=0.040003
  batch 200/928  loss=0.021277
  batch 250/928  loss=0.032067
  batch 300/928  loss=0.030377
  batch 350/928  loss=0.028057
  batch 400/928  loss=0.036722
  batch 450/928  loss=0.039081
  batch 500/928  loss=0.023409
  batch 550/928  loss=0.044260
  batch 600/928  loss=0.032941
  batch 650/928  loss=0.042554
  batch 700/928  loss=0.032407
  batch 750/928  loss=0.035215
  batch 800/928  loss=0.026009
  batch 850/928  loss=0.032342
  batch 900/928  loss=0.035842
Epoch  10/100 | train 0.033928 | val 0.029125 | PSNR 25.34 dB | lr 1.0e-04 | 279s
  batch 1/928  loss=0.034384
  batch 50/928  loss=0.022053
  batch 100/928  loss=0.031303
  batch 150/928  loss=0.029594
  batch 200/928  loss=0.040691
  batch 250/928  loss=0.046174
  batch 300/928  loss=0.044222
  batch 350/928  loss=0.041071
  batch 400/928  loss=0.022415
  batch 450/928  loss=0.030365
  batch 500/928  loss=0.029331
  batch 550/928  loss=0.043827
  batch 600/928  loss=0.041179
  batch 650/928  loss=0.033184
  batch 700/928  loss=0.033969
  batch 750/928  loss=0.033504
  batch 800/928  loss=0.016581
  batch 850/928  loss=0.042463
  batch 900/928  loss=0.024749
Epoch  11/100 | train 0.033743 | val 0.029132 | PSNR 25.33 dB | lr 1.0e-04 | 279s
  batch 1/928  loss=0.031031
  batch 50/928  loss=0.023607
  batch 100/928  loss=0.038571
  batch 150/928  loss=0.030662
  batch 200/928  loss=0.040300
  batch 250/928  loss=0.030488
  batch 300/928  loss=0.038169
  batch 350/928  loss=0.027722
  batch 400/928  loss=0.035448
  batch 450/928  loss=0.035515
  batch 500/928  loss=0.032843
  batch 550/928  loss=0.022958
  batch 600/928  loss=0.035598
  batch 650/928  loss=0.025929
  batch 700/928  loss=0.033996
  batch 750/928  loss=0.038254
  batch 800/928  loss=0.035437
  batch 850/928  loss=0.030295
  batch 900/928  loss=0.050453
Epoch  12/100 | train 0.033739 | val 0.029930 | PSNR 25.34 dB | lr 1.0e-04 | 279s
  batch 1/928  loss=0.022900
  batch 50/928  loss=0.034776
  batch 100/928  loss=0.040335
  batch 150/928  loss=0.041387
  batch 200/928  loss=0.025856
  batch 250/928  loss=0.030466
  batch 300/928  loss=0.027325
  batch 350/928  loss=0.037032
  batch 400/928  loss=0.037414
  batch 450/928  loss=0.032912
  batch 500/928  loss=0.036303
  batch 550/928  loss=0.034946
  batch 600/928  loss=0.030111
  batch 650/928  loss=0.022285
  batch 700/928  loss=0.029935
  batch 750/928  loss=0.038688
  batch 800/928  loss=0.029920
  batch 850/928  loss=0.039660
  batch 900/928  loss=0.040500
Epoch  13/100 | train 0.033598 | val 0.028767 | PSNR 25.22 dB | lr 1.0e-04 | 279s
  -> saved best.pth (val_loss=0.028767)
  batch 1/928  loss=0.031280
  batch 50/928  loss=0.032436
  batch 100/928  loss=0.031792
  batch 150/928  loss=0.027649
  batch 200/928  loss=0.029244
  batch 250/928  loss=0.048859
  batch 300/928  loss=0.026916
  batch 350/928  loss=0.026744
  batch 400/928  loss=0.026545
  batch 450/928  loss=0.040057
  batch 500/928  loss=0.037312
  batch 550/928  loss=0.042462
  batch 600/928  loss=0.046294
  batch 650/928  loss=0.042197
  batch 700/928  loss=0.026968
  batch 750/928  loss=0.040010
  batch 800/928  loss=0.030597
  batch 850/928  loss=0.035659
  batch 900/928  loss=0.025506
Epoch  14/100 | train 0.033668 | val 0.029705 | PSNR 25.18 dB | lr 1.0e-04 | 279s
  batch 1/928  loss=0.025689
  batch 50/928  loss=0.039078
  batch 100/928  loss=0.026243
  batch 150/928  loss=0.026805
  batch 200/928  loss=0.024838
  batch 250/928  loss=0.037302
  batch 300/928  loss=0.032442
  batch 350/928  loss=0.027038
  batch 400/928  loss=0.039364
  batch 450/928  loss=0.031010
  batch 500/928  loss=0.022046
  batch 550/928  loss=0.026554
  batch 600/928  loss=0.029428
  batch 650/928  loss=0.035674
  batch 700/928  loss=0.038346
  batch 750/928  loss=0.028570
  batch 800/928  loss=0.027652
  batch 850/928  loss=0.036239
  batch 900/928  loss=0.039065
Epoch  15/100 | train 0.033477 | val 0.028679 | PSNR 25.36 dB | lr 1.0e-04 | 279s
  -> saved best.pth (val_loss=0.028679)
  batch 1/928  loss=0.030519
  batch 50/928  loss=0.030229
  batch 100/928  loss=0.034394
  batch 150/928  loss=0.023845
  batch 200/928  loss=0.022310
  batch 250/928  loss=0.033799
  batch 300/928  loss=0.032453
  batch 350/928  loss=0.029181
  batch 400/928  loss=0.025209
  batch 450/928  loss=0.027303
  batch 500/928  loss=0.044468
  batch 550/928  loss=0.034531
  batch 600/928  loss=0.030179
  batch 650/928  loss=0.036860
  batch 700/928  loss=0.026207
  batch 750/928  loss=0.032802
  batch 800/928  loss=0.035332
  batch 850/928  loss=0.043615
  batch 900/928  loss=0.030651
Epoch  16/100 | train 0.033272 | val 0.029411 | PSNR 25.13 dB | lr 1.0e-04 | 279s
  batch 1/928  loss=0.025319
  batch 50/928  loss=0.027986
  batch 100/928  loss=0.021801
  batch 150/928  loss=0.041894
  batch 200/928  loss=0.027668
  batch 250/928  loss=0.027737
  batch 300/928  loss=0.039206
  batch 350/928  loss=0.038403
  batch 400/928  loss=0.037490
  batch 450/928  loss=0.033887
  batch 500/928  loss=0.042506
  batch 550/928  loss=0.024911
  batch 600/928  loss=0.035080
  batch 650/928  loss=0.032952
  batch 700/928  loss=0.041809
  batch 750/928  loss=0.037961
  batch 800/928  loss=0.030040
  batch 850/928  loss=0.034038
  batch 900/928  loss=0.031324
Epoch  17/100 | train 0.033283 | val 0.029212 | PSNR 25.28 dB | lr 1.0e-04 | 279s
  batch 1/928  loss=0.037002
  batch 50/928  loss=0.046383
  batch 100/928  loss=0.040198
  batch 150/928  loss=0.034775
  batch 200/928  loss=0.031866
  batch 250/928  loss=0.023371
  batch 300/928  loss=0.030838
  batch 350/928  loss=0.034837
  batch 400/928  loss=0.048997
  batch 450/928  loss=0.026567
  batch 500/928  loss=0.025627
  batch 550/928  loss=0.035704
  batch 600/928  loss=0.029300
  batch 650/928  loss=0.031304
  batch 700/928  loss=0.034628
  batch 750/928  loss=0.029148
  batch 800/928  loss=0.024493
  batch 850/928  loss=0.035652
  batch 900/928  loss=0.027487
Epoch  18/100 | train 0.033329 | val 0.028548 | PSNR 25.40 dB | lr 1.0e-04 | 279s
  -> saved best.pth (val_loss=0.028548)
  batch 1/928  loss=0.033943
  batch 50/928  loss=0.030838
  batch 100/928  loss=0.041380
  batch 150/928  loss=0.034232
  batch 200/928  loss=0.039877
  batch 250/928  loss=0.039467
  batch 300/928  loss=0.029369
  batch 350/928  loss=0.034214
  batch 400/928  loss=0.025526
  batch 450/928  loss=0.027973
  batch 500/928  loss=0.046369
  batch 550/928  loss=0.027691
  batch 600/928  loss=0.027236
  batch 650/928  loss=0.054030
  batch 700/928  loss=0.032929
  batch 750/928  loss=0.031299
  batch 800/928  loss=0.028558
  batch 850/928  loss=0.027846
  batch 900/928  loss=0.040613
Epoch  19/100 | train 0.033272 | val 0.029286 | PSNR 25.28 dB | lr 1.0e-04 | 279s
  batch 1/928  loss=0.026800
  batch 50/928  loss=0.031260
  batch 100/928  loss=0.040680
  batch 150/928  loss=0.026404
  batch 200/928  loss=0.043755
  batch 250/928  loss=0.034054
  batch 300/928  loss=0.025567
  batch 350/928  loss=0.026521
  batch 400/928  loss=0.024351
  batch 450/928  loss=0.027960
  batch 500/928  loss=0.042571
  batch 550/928  loss=0.047536
  batch 600/928  loss=0.025755
  batch 650/928  loss=0.029706
  batch 700/928  loss=0.025406
  batch 750/928  loss=0.032292
  batch 800/928  loss=0.026336
  batch 850/928  loss=0.028730
  batch 900/928  loss=0.036862
Epoch  20/100 | train 0.033382 | val 0.028348 | PSNR 25.34 dB | lr 1.0e-04 | 278s
  -> saved best.pth (val_loss=0.028348)
  batch 1/928  loss=0.039440
  batch 50/928  loss=0.025980
  batch 100/928  loss=0.025661
  batch 150/928  loss=0.028577
  batch 200/928  loss=0.029296
  batch 250/928  loss=0.040322
  batch 300/928  loss=0.031034
  batch 350/928  loss=0.030935
  batch 400/928  loss=0.046905
  batch 450/928  loss=0.027543
  batch 500/928  loss=0.039149
  batch 550/928  loss=0.028706
  batch 600/928  loss=0.034959
  batch 650/928  loss=0.058445
  batch 700/928  loss=0.029079
  batch 750/928  loss=0.018012
  batch 800/928  loss=0.020865
  batch 850/928  loss=0.030301
  batch 900/928  loss=0.018917
Epoch  21/100 | train 0.032980 | val 0.028594 | PSNR 25.33 dB | lr 1.0e-04 | 279s
  batch 1/928  loss=0.032636
  batch 50/928  loss=0.033705
  batch 100/928  loss=0.032319
  batch 150/928  loss=0.031721
  batch 200/928  loss=0.029606
  batch 250/928  loss=0.030124
  batch 300/928  loss=0.035847
  batch 350/928  loss=0.042839
  batch 400/928  loss=0.028007
  batch 450/928  loss=0.039624
  batch 500/928  loss=0.028736
  batch 550/928  loss=0.041292
  batch 600/928  loss=0.030809
  batch 650/928  loss=0.043985
  batch 700/928  loss=0.025855
  batch 750/928  loss=0.036748
  batch 800/928  loss=0.033160
  batch 850/928  loss=0.032794
  batch 900/928  loss=0.036289
Epoch  22/100 | train 0.033108 | val 0.028464 | PSNR 25.41 dB | lr 1.0e-04 | 279s
  batch 1/928  loss=0.031421
  batch 50/928  loss=0.036353
  batch 100/928  loss=0.026465
  batch 150/928  loss=0.029971
  batch 200/928  loss=0.032939
  batch 250/928  loss=0.025507
  batch 300/928  loss=0.039372
  batch 350/928  loss=0.020565
  batch 400/928  loss=0.034291
  batch 450/928  loss=0.024093
  batch 500/928  loss=0.029980
  batch 550/928  loss=0.030258
  batch 600/928  loss=0.029726
  batch 650/928  loss=0.035057
  batch 700/928  loss=0.030310
  batch 750/928  loss=0.027771
  batch 800/928  loss=0.025162
  batch 850/928  loss=0.038099
  batch 900/928  loss=0.031937
Epoch  23/100 | train 0.032882 | val 0.028929 | PSNR 25.20 dB | lr 1.0e-04 | 279s
  batch 1/928  loss=0.036673
  batch 50/928  loss=0.028253
  batch 100/928  loss=0.035215
  batch 150/928  loss=0.032591
  batch 200/928  loss=0.040239
  batch 250/928  loss=0.041052
  batch 300/928  loss=0.022807
  batch 350/928  loss=0.021344
  batch 400/928  loss=0.033851
  batch 450/928  loss=0.039443
  batch 500/928  loss=0.032298
  batch 550/928  loss=0.031801
  batch 600/928  loss=0.034665
  batch 650/928  loss=0.036717
  batch 700/928  loss=0.035610
  batch 750/928  loss=0.036559
  batch 800/928  loss=0.028114
  batch 850/928  loss=0.019110
  batch 900/928  loss=0.029388
Epoch  24/100 | train 0.033164 | val 0.028613 | PSNR 25.56 dB | lr 1.0e-04 | 279s
  batch 1/928  loss=0.016383
  batch 50/928  loss=0.038382
  batch 100/928  loss=0.037032
  batch 150/928  loss=0.034031
  batch 200/928  loss=0.030256
  batch 250/928  loss=0.028218
  batch 300/928  loss=0.038206
  batch 350/928  loss=0.025581
  batch 400/928  loss=0.023071
  batch 450/928  loss=0.024742
  batch 500/928  loss=0.040288
  batch 550/928  loss=0.041757
  batch 600/928  loss=0.029536
  batch 650/928  loss=0.035653
  batch 700/928  loss=0.041859
  batch 750/928  loss=0.043883
  batch 800/928  loss=0.045626
  batch 850/928  loss=0.047691
  batch 900/928  loss=0.033606
Epoch  25/100 | train 0.033226 | val 0.028115 | PSNR 25.28 dB | lr 1.0e-04 | 279s
  -> saved best.pth (val_loss=0.028115)
  batch 1/928  loss=0.030391
  batch 50/928  loss=0.024406
  batch 100/928  loss=0.021383
  batch 150/928  loss=0.024633
  batch 200/928  loss=0.031634
  batch 250/928  loss=0.026496
  batch 300/928  loss=0.025212
  batch 350/928  loss=0.025560
  batch 400/928  loss=0.036172
  batch 450/928  loss=0.035543
  batch 500/928  loss=0.026488
  batch 550/928  loss=0.021471
  batch 600/928  loss=0.036063
  batch 650/928  loss=0.035861
  batch 700/928  loss=0.033567
  batch 750/928  loss=0.025713
  batch 800/928  loss=0.039147
  batch 850/928  loss=0.029562
  batch 900/928  loss=0.040468
Epoch  26/100 | train 0.032976 | val 0.028780 | PSNR 25.41 dB | lr 1.0e-04 | 279s
  batch 1/928  loss=0.032841
  batch 50/928  loss=0.041194
  batch 100/928  loss=0.041430
  batch 150/928  loss=0.042353
  batch 200/928  loss=0.037538
  batch 250/928  loss=0.026074
  batch 300/928  loss=0.038939
  batch 350/928  loss=0.042824
  batch 400/928  loss=0.035812
  batch 450/928  loss=0.048809
  batch 500/928  loss=0.023688
  batch 550/928  loss=0.025500
  batch 600/928  loss=0.040783
  batch 650/928  loss=0.040559
  batch 700/928  loss=0.026063
  batch 750/928  loss=0.035555
  batch 800/928  loss=0.035930
  batch 850/928  loss=0.037085
  batch 900/928  loss=0.024989
Epoch  27/100 | train 0.032951 | val 0.028717 | PSNR 25.44 dB | lr 1.0e-04 | 279s
  batch 1/928  loss=0.033115
  batch 50/928  loss=0.025683
  batch 100/928  loss=0.029550
  batch 150/928  loss=0.034943
  batch 200/928  loss=0.036306
  batch 250/928  loss=0.040394
  batch 300/928  loss=0.029405
  batch 350/928  loss=0.035605
  batch 400/928  loss=0.037669
  batch 450/928  loss=0.031351
  batch 500/928  loss=0.032032
  batch 550/928  loss=0.027061
  batch 600/928  loss=0.024461
  batch 650/928  loss=0.025654
  batch 700/928  loss=0.030973
  batch 750/928  loss=0.039125
  batch 800/928  loss=0.047003
  batch 850/928  loss=0.020819
  batch 900/928  loss=0.050873
Epoch  28/100 | train 0.032949 | val 0.028727 | PSNR 25.48 dB | lr 1.0e-04 | 279s
  batch 1/928  loss=0.036600
  batch 50/928  loss=0.023631
  batch 100/928  loss=0.034342
  batch 150/928  loss=0.048834
  batch 200/928  loss=0.037161
  batch 250/928  loss=0.038536
  batch 300/928  loss=0.041200
  batch 350/928  loss=0.028681
  batch 400/928  loss=0.042707
  batch 450/928  loss=0.038376
  batch 500/928  loss=0.031230
  batch 550/928  loss=0.035087
  batch 600/928  loss=0.037347
  batch 650/928  loss=0.044733
  batch 700/928  loss=0.030585
  batch 750/928  loss=0.030032
  batch 800/928  loss=0.041249
  batch 850/928  loss=0.032994
  batch 900/928  loss=0.028300
Epoch  29/100 | train 0.032895 | val 0.028410 | PSNR 25.43 dB | lr 1.0e-04 | 279s
  batch 1/928  loss=0.024398
  batch 50/928  loss=0.028611
  batch 100/928  loss=0.040852
  batch 150/928  loss=0.028697
  batch 200/928  loss=0.039496
  batch 250/928  loss=0.028879
  batch 300/928  loss=0.027260
  batch 350/928  loss=0.017813
  batch 400/928  loss=0.038042
  batch 450/928  loss=0.025466
  batch 500/928  loss=0.046323
  batch 550/928  loss=0.044474
  batch 600/928  loss=0.042951
  batch 650/928  loss=0.040839
  batch 700/928  loss=0.040071
  batch 750/928  loss=0.039155
  batch 800/928  loss=0.032447
  batch 850/928  loss=0.035007
  batch 900/928  loss=0.034806
Epoch  30/100 | train 0.033101 | val 0.028103 | PSNR 25.37 dB | lr 1.0e-04 | 279s
  -> saved best.pth (val_loss=0.028103)
  batch 1/928  loss=0.021935
  batch 50/928  loss=0.033776
  batch 100/928  loss=0.024825
  batch 150/928  loss=0.034674
  batch 200/928  loss=0.045494
  batch 250/928  loss=0.028827
  batch 300/928  loss=0.020848
  batch 350/928  loss=0.037011
  batch 400/928  loss=0.026296
  batch 450/928  loss=0.047607
  batch 500/928  loss=0.057550
  batch 550/928  loss=0.027249
  batch 600/928  loss=0.039116
  batch 650/928  loss=0.040952
  batch 700/928  loss=0.023410
  batch 750/928  loss=0.037400
  batch 800/928  loss=0.023414
  batch 850/928  loss=0.039065
  batch 900/928  loss=0.027173
Epoch  31/100 | train 0.032876 | val 0.029061 | PSNR 25.26 dB | lr 1.0e-04 | 279s
  batch 1/928  loss=0.042224
  batch 50/928  loss=0.029135
  batch 100/928  loss=0.038302
  batch 150/928  loss=0.036978
  batch 200/928  loss=0.034558
  batch 250/928  loss=0.027710
  batch 300/928  loss=0.037273
  batch 350/928  loss=0.035165
  batch 400/928  loss=0.043578
  batch 450/928  loss=0.035515
  batch 500/928  loss=0.036684
  batch 550/928  loss=0.019591
  batch 600/928  loss=0.035651
  batch 650/928  loss=0.041160
  batch 700/928  loss=0.048249
  batch 750/928  loss=0.036131
  batch 800/928  loss=0.034396
  batch 850/928  loss=0.023437
  batch 900/928  loss=0.035592
Epoch  32/100 | train 0.032833 | val 0.028311 | PSNR 25.17 dB | lr 1.0e-04 | 279s
  batch 1/928  loss=0.033969
  batch 50/928  loss=0.037423
  batch 100/928  loss=0.028938
  batch 150/928  loss=0.032128
  batch 200/928  loss=0.030123
  batch 250/928  loss=0.024241
  batch 300/928  loss=0.032038
  batch 350/928  loss=0.031582
  batch 400/928  loss=0.039101
  batch 450/928  loss=0.030821
  batch 500/928  loss=0.043772
  batch 550/928  loss=0.033773
  batch 600/928  loss=0.034378
  batch 650/928  loss=0.030977
  batch 700/928  loss=0.043381
  batch 750/928  loss=0.036587
  batch 800/928  loss=0.052867
  batch 850/928  loss=0.049889
  batch 900/928  loss=0.020550
Epoch  33/100 | train 0.032745 | val 0.028001 | PSNR 25.59 dB | lr 1.0e-04 | 279s
  -> saved best.pth (val_loss=0.028001)
  batch 1/928  loss=0.043450
  batch 50/928  loss=0.029974
  batch 100/928  loss=0.029006
  batch 150/928  loss=0.042267
  batch 200/928  loss=0.045445
  batch 250/928  loss=0.039697
  batch 300/928  loss=0.021199
  batch 350/928  loss=0.024318
  batch 400/928  loss=0.032254
  batch 450/928  loss=0.031402
  batch 500/928  loss=0.029322
  batch 550/928  loss=0.023768
  batch 600/928  loss=0.026135
  batch 650/928  loss=0.039921
  batch 700/928  loss=0.042353
  batch 750/928  loss=0.034381
  batch 800/928  loss=0.030544
  batch 850/928  loss=0.031528
  batch 900/928  loss=0.025990
Epoch  34/100 | train 0.032762 | val 0.028269 | PSNR 25.45 dB | lr 1.0e-04 | 279s
  batch 1/928  loss=0.035600
  batch 50/928  loss=0.024001
  batch 100/928  loss=0.041016
  batch 150/928  loss=0.031108
  batch 200/928  loss=0.034694
  batch 250/928  loss=0.020313
  batch 300/928  loss=0.026603
  batch 350/928  loss=0.029929
  batch 400/928  loss=0.037914
  batch 450/928  loss=0.028604
  batch 500/928  loss=0.044733
  batch 550/928  loss=0.038314
  batch 600/928  loss=0.037987
  batch 650/928  loss=0.033883
  batch 700/928  loss=0.030079
  batch 750/928  loss=0.031551
  batch 800/928  loss=0.034560
  batch 850/928  loss=0.032109
  batch 900/928  loss=0.032192
Epoch  35/100 | train 0.033007 | val 0.029854 | PSNR 25.33 dB | lr 1.0e-04 | 279s
  batch 1/928  loss=0.030762
  batch 50/928  loss=0.027476
  batch 100/928  loss=0.040227
  batch 150/928  loss=0.032138
  batch 200/928  loss=0.032304
  batch 250/928  loss=0.035869
  batch 300/928  loss=0.027871
  batch 350/928  loss=0.022904
  batch 400/928  loss=0.026915
  batch 450/928  loss=0.038396
  batch 500/928  loss=0.035377
  batch 550/928  loss=0.034141
  batch 600/928  loss=0.038793
  batch 650/928  loss=0.032624
  batch 700/928  loss=0.028279
  batch 750/928  loss=0.040437
  batch 800/928  loss=0.028103
  batch 850/928  loss=0.031986
  batch 900/928  loss=0.043476
Epoch  36/100 | train 0.032741 | val 0.028745 | PSNR 25.51 dB | lr 1.0e-04 | 279s
  batch 1/928  loss=0.028937
  batch 50/928  loss=0.023029
  batch 100/928  loss=0.036024
  batch 150/928  loss=0.050448
  batch 200/928  loss=0.016459
  batch 250/928  loss=0.025398
  batch 300/928  loss=0.030369
  batch 350/928  loss=0.030717
  batch 400/928  loss=0.026794
  batch 450/928  loss=0.039806
  batch 500/928  loss=0.034289
  batch 550/928  loss=0.039652
  batch 600/928  loss=0.041415
  batch 650/928  loss=0.033737
  batch 700/928  loss=0.028980
  batch 750/928  loss=0.036933
  batch 800/928  loss=0.032273
  batch 850/928  loss=0.040416
  batch 900/928  loss=0.040548
Epoch  37/100 | train 0.032647 | val 0.028305 | PSNR 25.58 dB | lr 1.0e-04 | 279s
  batch 1/928  loss=0.036921
  batch 50/928  loss=0.024554
  batch 100/928  loss=0.020379
  batch 150/928  loss=0.025119
  batch 200/928  loss=0.022359
  batch 250/928  loss=0.043327
  batch 300/928  loss=0.035683
  batch 350/928  loss=0.029613
  batch 400/928  loss=0.029187
  batch 450/928  loss=0.022461
  batch 500/928  loss=0.033415
  batch 550/928  loss=0.036973
  batch 600/928  loss=0.028018
  batch 650/928  loss=0.026608
  batch 700/928  loss=0.021461
  batch 750/928  loss=0.028237
  batch 800/928  loss=0.019441
  batch 850/928  loss=0.031335
  batch 900/928  loss=0.038700
Epoch  38/100 | train 0.032560 | val 0.028007 | PSNR 25.54 dB | lr 1.0e-04 | 279s
  batch 1/928  loss=0.028874
  batch 50/928  loss=0.039355
  batch 100/928  loss=0.027536
  batch 150/928  loss=0.025801
  batch 200/928  loss=0.036857
  batch 250/928  loss=0.042915
  batch 300/928  loss=0.016915
  batch 350/928  loss=0.035464
  batch 400/928  loss=0.028888
  batch 450/928  loss=0.033509
  batch 500/928  loss=0.039507
  batch 550/928  loss=0.038984
  batch 600/928  loss=0.030132
  batch 650/928  loss=0.037010
  batch 700/928  loss=0.036963
  batch 750/928  loss=0.033134
  batch 800/928  loss=0.029015
  batch 850/928  loss=0.031996
  batch 900/928  loss=0.023387
Epoch  39/100 | train 0.032852 | val 0.028572 | PSNR 25.20 dB | lr 5.0e-05 | 279s
  batch 1/928  loss=0.031015
  batch 50/928  loss=0.031022
  batch 100/928  loss=0.023361
  batch 150/928  loss=0.032582
  batch 200/928  loss=0.042569
  batch 250/928  loss=0.029470
  batch 300/928  loss=0.038480
  batch 350/928  loss=0.054584
  batch 400/928  loss=0.026592
  batch 450/928  loss=0.028957
  batch 500/928  loss=0.028652
  batch 550/928  loss=0.053387
  batch 600/928  loss=0.025519
  batch 650/928  loss=0.036557
  batch 700/928  loss=0.032405
  batch 750/928  loss=0.019965
  batch 800/928  loss=0.035642
  batch 850/928  loss=0.030787
  batch 900/928  loss=0.039842
Epoch  40/100 | train 0.032507 | val 0.027979 | PSNR 25.63 dB | lr 5.0e-05 | 279s
  -> saved best.pth (val_loss=0.027979)
  batch 1/928  loss=0.036690
  batch 50/928  loss=0.034811
  batch 100/928  loss=0.036322
  batch 150/928  loss=0.032085
  batch 200/928  loss=0.038939
  batch 250/928  loss=0.029155
  batch 300/928  loss=0.037905
  batch 350/928  loss=0.029729
  batch 400/928  loss=0.034423
  batch 450/928  loss=0.034289
  batch 500/928  loss=0.028264
  batch 550/928  loss=0.030737
  batch 600/928  loss=0.037450
  batch 650/928  loss=0.023190
  batch 700/928  loss=0.043258
  batch 750/928  loss=0.022892
  batch 800/928  loss=0.044516
  batch 850/928  loss=0.033419
  batch 900/928  loss=0.039130
Epoch  41/100 | train 0.032643 | val 0.028123 | PSNR 25.50 dB | lr 5.0e-05 | 279s
  batch 1/928  loss=0.034028
  batch 50/928  loss=0.028176
  batch 100/928  loss=0.042067
  batch 150/928  loss=0.046440
  batch 200/928  loss=0.035776
  batch 250/928  loss=0.043448
  batch 300/928  loss=0.034623
  batch 350/928  loss=0.032719
  batch 400/928  loss=0.020773
  batch 450/928  loss=0.038661
  batch 500/928  loss=0.032138
  batch 550/928  loss=0.038938
  batch 600/928  loss=0.024899
  batch 650/928  loss=0.033011
  batch 700/928  loss=0.035993
  batch 750/928  loss=0.033073
  batch 800/928  loss=0.027483
  batch 850/928  loss=0.024346
  batch 900/928  loss=0.033072
Epoch  42/100 | train 0.032650 | val 0.028194 | PSNR 25.53 dB | lr 5.0e-05 | 279s
  batch 1/928  loss=0.021052
  batch 50/928  loss=0.025045
  batch 100/928  loss=0.033388
  batch 150/928  loss=0.037180
  batch 200/928  loss=0.029429
  batch 250/928  loss=0.030340
  batch 300/928  loss=0.028847
  batch 350/928  loss=0.037405
  batch 400/928  loss=0.033209
  batch 450/928  loss=0.038625
  batch 500/928  loss=0.029007
  batch 550/928  loss=0.032315
  batch 600/928  loss=0.019048
  batch 650/928  loss=0.026571
  batch 700/928  loss=0.016192
  batch 750/928  loss=0.031788
  batch 800/928  loss=0.029439
  batch 850/928  loss=0.026488
  batch 900/928  loss=0.028213
Epoch  43/100 | train 0.032561 | val 0.027899 | PSNR 25.61 dB | lr 5.0e-05 | 279s
  -> saved best.pth (val_loss=0.027899)
  batch 1/928  loss=0.029136
  batch 50/928  loss=0.025541
  batch 100/928  loss=0.025484
  batch 150/928  loss=0.037060
  batch 200/928  loss=0.038174
  batch 250/928  loss=0.034138
  batch 300/928  loss=0.037068
  batch 350/928  loss=0.030415
  batch 400/928  loss=0.032049
  batch 450/928  loss=0.032003
  batch 500/928  loss=0.027086
  batch 550/928  loss=0.026844
  batch 600/928  loss=0.029490
  batch 650/928  loss=0.024013
  batch 700/928  loss=0.034589
  batch 750/928  loss=0.027241
  batch 800/928  loss=0.036985
  batch 850/928  loss=0.026291
  batch 900/928  loss=0.029862
Epoch  44/100 | train 0.032731 | val 0.028538 | PSNR 25.42 dB | lr 5.0e-05 | 279s
  batch 1/928  loss=0.034096
  batch 50/928  loss=0.023605
  batch 100/928  loss=0.043645
  batch 150/928  loss=0.031960
  batch 200/928  loss=0.038373
  batch 250/928  loss=0.029106
  batch 300/928  loss=0.029426
  batch 350/928  loss=0.033531
  batch 400/928  loss=0.029075
  batch 450/928  loss=0.019090
  batch 500/928  loss=0.030515
  batch 550/928  loss=0.042484
  batch 600/928  loss=0.033483
  batch 650/928  loss=0.033447
  batch 700/928  loss=0.030672
  batch 750/928  loss=0.037029
  batch 800/928  loss=0.037618
  batch 850/928  loss=0.030764
  batch 900/928  loss=0.033557
Epoch  45/100 | train 0.032780 | val 0.028544 | PSNR 25.53 dB | lr 5.0e-05 | 279s
  batch 1/928  loss=0.027934
  batch 50/928  loss=0.040336
  batch 100/928  loss=0.029077
  batch 150/928  loss=0.035896
  batch 200/928  loss=0.021953
  batch 250/928  loss=0.036292
  batch 300/928  loss=0.030081
  batch 350/928  loss=0.023391
  batch 400/928  loss=0.039734
  batch 450/928  loss=0.039033
  batch 500/928  loss=0.037342
  batch 550/928  loss=0.027827
  batch 600/928  loss=0.027887
  batch 650/928  loss=0.041199
  batch 700/928  loss=0.037557
  batch 750/928  loss=0.037611
  batch 800/928  loss=0.028392
  batch 850/928  loss=0.031553
  batch 900/928  loss=0.041594
Epoch  46/100 | train 0.032521 | val 0.027896 | PSNR 25.38 dB | lr 5.0e-05 | 279s
  -> saved best.pth (val_loss=0.027896)
  batch 1/928  loss=0.040742
  batch 50/928  loss=0.020462
  batch 100/928  loss=0.021493
  batch 150/928  loss=0.029805
  batch 200/928  loss=0.044134
  batch 250/928  loss=0.033277
  batch 300/928  loss=0.042262
  batch 350/928  loss=0.049174
  batch 400/928  loss=0.029132
  batch 450/928  loss=0.052363
  batch 500/928  loss=0.032873
  batch 550/928  loss=0.024907
  batch 600/928  loss=0.019000
  batch 650/928  loss=0.039402
  batch 700/928  loss=0.044811
  batch 750/928  loss=0.025251
  batch 800/928  loss=0.044445
  batch 850/928  loss=0.033329
  batch 900/928  loss=0.030466
Epoch  47/100 | train 0.032656 | val 0.027895 | PSNR 25.45 dB | lr 5.0e-05 | 279s
  -> saved best.pth (val_loss=0.027895)
  batch 1/928  loss=0.028961
  batch 50/928  loss=0.041290
  batch 100/928  loss=0.033179
  batch 150/928  loss=0.033917
  batch 200/928  loss=0.039577
  batch 250/928  loss=0.035385
  batch 300/928  loss=0.035290
  batch 350/928  loss=0.026585
  batch 400/928  loss=0.038556
  batch 450/928  loss=0.033046
  batch 500/928  loss=0.034034
  batch 550/928  loss=0.040496
  batch 600/928  loss=0.034917
  batch 650/928  loss=0.021339
  batch 700/928  loss=0.039659
  batch 750/928  loss=0.036178
  batch 800/928  loss=0.031953
  batch 850/928  loss=0.031293
  batch 900/928  loss=0.038523
Epoch  48/100 | train 0.032253 | val 0.028202 | PSNR 25.37 dB | lr 5.0e-05 | 279s
  batch 1/928  loss=0.037181
  batch 50/928  loss=0.038125
  batch 100/928  loss=0.032370
  batch 150/928  loss=0.033331
  batch 200/928  loss=0.040970
  batch 250/928  loss=0.033284
  batch 300/928  loss=0.033301
  batch 350/928  loss=0.027557
  batch 400/928  loss=0.036310
  batch 450/928  loss=0.035511
  batch 500/928  loss=0.021709
  batch 550/928  loss=0.048357
  batch 600/928  loss=0.032099
  batch 650/928  loss=0.031131
  batch 700/928  loss=0.025716
  batch 750/928  loss=0.033284
  batch 800/928  loss=0.036368
  batch 850/928  loss=0.044765
  batch 900/928  loss=0.040973
Epoch  49/100 | train 0.032729 | val 0.027731 | PSNR 25.42 dB | lr 5.0e-05 | 279s
  -> saved best.pth (val_loss=0.027731)
  batch 1/928  loss=0.030757
  batch 50/928  loss=0.038322
  batch 100/928  loss=0.029049
  batch 150/928  loss=0.025287
  batch 200/928  loss=0.024687
  batch 250/928  loss=0.038683
  batch 300/928  loss=0.028505
  batch 350/928  loss=0.041470
  batch 400/928  loss=0.029409
  batch 450/928  loss=0.030561
  batch 500/928  loss=0.034287
  batch 550/928  loss=0.019768
  batch 600/928  loss=0.030473
  batch 650/928  loss=0.037570
  batch 700/928  loss=0.046797
  batch 750/928  loss=0.025774
  batch 800/928  loss=0.037309
  batch 850/928  loss=0.026134
  batch 900/928  loss=0.028337
Epoch  50/100 | train 0.032634 | val 0.028459 | PSNR 25.42 dB | lr 5.0e-05 | 279s
  batch 1/928  loss=0.034365
  batch 50/928  loss=0.030789
  batch 100/928  loss=0.044281
  batch 150/928  loss=0.022920
  batch 200/928  loss=0.027409
  batch 250/928  loss=0.037256
  batch 300/928  loss=0.026393
  batch 350/928  loss=0.034433
  batch 400/928  loss=0.024877
  batch 450/928  loss=0.027953
  batch 500/928  loss=0.027917
  batch 550/928  loss=0.030876
  batch 600/928  loss=0.046732
  batch 650/928  loss=0.022326
  batch 700/928  loss=0.031309
  batch 750/928  loss=0.041481
  batch 800/928  loss=0.027168
  batch 850/928  loss=0.034633
  batch 900/928  loss=0.028271
Epoch  51/100 | train 0.032520 | val 0.027749 | PSNR 25.57 dB | lr 5.0e-05 | 279s
  batch 1/928  loss=0.031523
  batch 50/928  loss=0.033611
  batch 100/928  loss=0.030672
  batch 150/928  loss=0.033203
  batch 200/928  loss=0.037435
  batch 250/928  loss=0.031087
  batch 300/928  loss=0.034977
  batch 350/928  loss=0.022849
  batch 400/928  loss=0.038553
  batch 450/928  loss=0.034130
  batch 500/928  loss=0.046086
  batch 550/928  loss=0.021511
  batch 600/928  loss=0.025315
  batch 650/928  loss=0.038184
  batch 700/928  loss=0.036371
  batch 750/928  loss=0.038355
  batch 800/928  loss=0.040477
  batch 850/928  loss=0.033415
  batch 900/928  loss=0.036208
Epoch  52/100 | train 0.032592 | val 0.027854 | PSNR 25.43 dB | lr 5.0e-05 | 279s
  batch 1/928  loss=0.024335
  batch 50/928  loss=0.024057
  batch 100/928  loss=0.038150
  batch 150/928  loss=0.036218
  batch 200/928  loss=0.032617
  batch 250/928  loss=0.038662
  batch 300/928  loss=0.038264
  batch 350/928  loss=0.034004
  batch 400/928  loss=0.027815
  batch 450/928  loss=0.024319
  batch 500/928  loss=0.030484
  batch 550/928  loss=0.028651
  batch 600/928  loss=0.042252
  batch 650/928  loss=0.024122
  batch 700/928  loss=0.027184
  batch 750/928  loss=0.037954
  batch 800/928  loss=0.043341
  batch 850/928  loss=0.032750
  batch 900/928  loss=0.030250
Epoch  53/100 | train 0.032653 | val 0.027585 | PSNR 25.55 dB | lr 5.0e-05 | 279s
  -> saved best.pth (val_loss=0.027585)
  batch 1/928  loss=0.035707
  batch 50/928  loss=0.034400
  batch 100/928  loss=0.031226
  batch 150/928  loss=0.037342
  batch 200/928  loss=0.031025
  batch 250/928  loss=0.037491
  batch 300/928  loss=0.037248
  batch 350/928  loss=0.029899
  batch 400/928  loss=0.046388
  batch 450/928  loss=0.027109
  batch 500/928  loss=0.027505
  batch 550/928  loss=0.029251
  batch 600/928  loss=0.021289
  batch 650/928  loss=0.044659
  batch 700/928  loss=0.038019
  batch 750/928  loss=0.031048
  batch 800/928  loss=0.031146
  batch 850/928  loss=0.034403
  batch 900/928  loss=0.035122
Epoch  54/100 | train 0.032655 | val 0.027792 | PSNR 25.32 dB | lr 5.0e-05 | 279s
  batch 1/928  loss=0.027334
  batch 50/928  loss=0.028115
  batch 100/928  loss=0.033316
  batch 150/928  loss=0.024865
  batch 200/928  loss=0.044567
  batch 250/928  loss=0.040155
  batch 300/928  loss=0.040013
  batch 350/928  loss=0.039684
  batch 400/928  loss=0.041849
  batch 450/928  loss=0.027379
  batch 500/928  loss=0.038272
  batch 550/928  loss=0.029774
  batch 600/928  loss=0.030211
  batch 650/928  loss=0.040491
  batch 700/928  loss=0.031182
  batch 750/928  loss=0.037942
  batch 800/928  loss=0.036180
  batch 850/928  loss=0.026417
  batch 900/928  loss=0.031514
Epoch  55/100 | train 0.032685 | val 0.028243 | PSNR 25.44 dB | lr 5.0e-05 | 279s
  batch 1/928  loss=0.032895
  batch 50/928  loss=0.051328
  batch 100/928  loss=0.034103
  batch 150/928  loss=0.038684
  batch 200/928  loss=0.037752
  batch 250/928  loss=0.028369
  batch 300/928  loss=0.038538
  batch 350/928  loss=0.036803
  batch 400/928  loss=0.030091
  batch 450/928  loss=0.029533
  batch 500/928  loss=0.036882
  batch 550/928  loss=0.038313
  batch 600/928  loss=0.030836
  batch 650/928  loss=0.034972
  batch 700/928  loss=0.024706
  batch 750/928  loss=0.031112
  batch 800/928  loss=0.024970
  batch 850/928  loss=0.048860
  batch 900/928  loss=0.029469
Epoch  56/100 | train 0.032583 | val 0.028039 | PSNR 25.50 dB | lr 5.0e-05 | 279s
  batch 1/928  loss=0.030589
  batch 50/928  loss=0.036780
  batch 100/928  loss=0.053109
  batch 150/928  loss=0.022012
  batch 200/928  loss=0.041123
  batch 250/928  loss=0.036993
  batch 300/928  loss=0.035408
  batch 350/928  loss=0.030621
  batch 400/928  loss=0.032715
  batch 450/928  loss=0.031414
  batch 500/928  loss=0.040900
  batch 550/928  loss=0.022689
  batch 600/928  loss=0.026720
  batch 650/928  loss=0.035353
  batch 700/928  loss=0.036177
  batch 750/928  loss=0.031709
  batch 800/928  loss=0.024204
  batch 850/928  loss=0.025070
  batch 900/928  loss=0.029801
Epoch  57/100 | train 0.032641 | val 0.028136 | PSNR 25.44 dB | lr 5.0e-05 | 279s
  batch 1/928  loss=0.048473
  batch 50/928  loss=0.033395
  batch 100/928  loss=0.047312
  batch 150/928  loss=0.032147
  batch 200/928  loss=0.032193
  batch 250/928  loss=0.036049
  batch 300/928  loss=0.044409
  batch 350/928  loss=0.039080
  batch 400/928  loss=0.038539
  batch 450/928  loss=0.044207
  batch 500/928  loss=0.025957
  batch 550/928  loss=0.029799
  batch 600/928  loss=0.020156
  batch 650/928  loss=0.031537
  batch 700/928  loss=0.037290
  batch 750/928  loss=0.047111
  batch 800/928  loss=0.033268
  batch 850/928  loss=0.022961
  batch 900/928  loss=0.039779
Epoch  58/100 | train 0.032632 | val 0.028003 | PSNR 25.55 dB | lr 5.0e-05 | 279s
  batch 1/928  loss=0.034353
  batch 50/928  loss=0.031156
  batch 100/928  loss=0.020597
  batch 150/928  loss=0.038819
  batch 200/928  loss=0.034984
  batch 250/928  loss=0.032321
  batch 300/928  loss=0.027440
  batch 350/928  loss=0.021990
  batch 400/928  loss=0.032463
  batch 450/928  loss=0.032310
  batch 500/928  loss=0.027377
  batch 550/928  loss=0.028048
  batch 600/928  loss=0.032298
  batch 650/928  loss=0.023709
  batch 700/928  loss=0.032036
  batch 750/928  loss=0.029734
  batch 800/928  loss=0.027243
  batch 850/928  loss=0.028647
  batch 900/928  loss=0.039992
Epoch  59/100 | train 0.032472 | val 0.028953 | PSNR 25.42 dB | lr 2.5e-05 | 279s
  batch 1/928  loss=0.039586
  batch 50/928  loss=0.022953
  batch 100/928  loss=0.043409
  batch 150/928  loss=0.023493
  batch 200/928  loss=0.046741
  batch 250/928  loss=0.021532
  batch 300/928  loss=0.024567
  batch 350/928  loss=0.027880
  batch 400/928  loss=0.040497
  batch 450/928  loss=0.044235
  batch 500/928  loss=0.016326
  batch 550/928  loss=0.030360
  batch 600/928  loss=0.036895
  batch 650/928  loss=0.038036
  batch 700/928  loss=0.025829
  batch 750/928  loss=0.032097
  batch 800/928  loss=0.048996
  batch 850/928  loss=0.041293
  batch 900/928  loss=0.030060
Epoch  60/100 | train 0.032563 | val 0.027943 | PSNR 25.37 dB | lr 2.5e-05 | 279s
  batch 1/928  loss=0.028369
  batch 50/928  loss=0.036021
  batch 100/928  loss=0.039617
  batch 150/928  loss=0.028030
  batch 200/928  loss=0.025086
  batch 250/928  loss=0.024212
  batch 300/928  loss=0.029491
  batch 350/928  loss=0.031773
  batch 400/928  loss=0.028475
  batch 450/928  loss=0.043867
  batch 500/928  loss=0.029826
  batch 550/928  loss=0.042864
  batch 600/928  loss=0.036007
  batch 650/928  loss=0.028841
  batch 700/928  loss=0.036342
  batch 750/928  loss=0.027071
  batch 800/928  loss=0.040746
  batch 850/928  loss=0.033753
  batch 900/928  loss=0.027934
Epoch  61/100 | train 0.032501 | val 0.027959 | PSNR 25.32 dB | lr 2.5e-05 | 279s
  batch 1/928  loss=0.039789
  batch 50/928  loss=0.030223
  batch 100/928  loss=0.030103
  batch 150/928  loss=0.037288
  batch 200/928  loss=0.028443
  batch 250/928  loss=0.025386
  batch 300/928  loss=0.050526
  batch 350/928  loss=0.026438
  batch 400/928  loss=0.037273
  batch 450/928  loss=0.026133
  batch 500/928  loss=0.035355
  batch 550/928  loss=0.039546
  batch 600/928  loss=0.025911
  batch 650/928  loss=0.026842
  batch 700/928  loss=0.032347
  batch 750/928  loss=0.045095
  batch 800/928  loss=0.021927
  batch 850/928  loss=0.062149
  batch 900/928  loss=0.027544
Epoch  62/100 | train 0.032620 | val 0.028035 | PSNR 25.40 dB | lr 2.5e-05 | 279s
  batch 1/928  loss=0.036125
  batch 50/928  loss=0.032172
  batch 100/928  loss=0.026096
  batch 150/928  loss=0.035545
  batch 200/928  loss=0.027807
  batch 250/928  loss=0.042463
  batch 300/928  loss=0.033676
  batch 350/928  loss=0.035922
  batch 400/928  loss=0.028237
  batch 450/928  loss=0.053666
  batch 500/928  loss=0.057440
  batch 550/928  loss=0.026178
  batch 600/928  loss=0.026790
  batch 650/928  loss=0.022411
  batch 700/928  loss=0.036190
  batch 750/928  loss=0.036270
  batch 800/928  loss=0.050831
  batch 850/928  loss=0.033411
  batch 900/928  loss=0.023597
Epoch  63/100 | train 0.032860 | val 0.027272 | PSNR 25.75 dB | lr 2.5e-05 | 279s
  -> saved best.pth (val_loss=0.027272)
  batch 1/928  loss=0.024928
  batch 50/928  loss=0.030125
  batch 100/928  loss=0.026211
  batch 150/928  loss=0.027627
  batch 200/928  loss=0.027582
  batch 250/928  loss=0.030843
  batch 300/928  loss=0.033911
  batch 350/928  loss=0.025266
  batch 400/928  loss=0.037893
  batch 450/928  loss=0.040763
  batch 500/928  loss=0.038620
  batch 550/928  loss=0.034186
  batch 600/928  loss=0.031170
  batch 650/928  loss=0.041180
  batch 700/928  loss=0.036681
  batch 750/928  loss=0.024353
  batch 800/928  loss=0.033994
  batch 850/928  loss=0.038478
  batch 900/928  loss=0.034556
Epoch  64/100 | train 0.032407 | val 0.027647 | PSNR 25.40 dB | lr 2.5e-05 | 279s
  batch 1/928  loss=0.035996
  batch 50/928  loss=0.042506
  batch 100/928  loss=0.029406
  batch 150/928  loss=0.043633
  batch 200/928  loss=0.026652
  batch 250/928  loss=0.028806
  batch 300/928  loss=0.023523
  batch 350/928  loss=0.038525
  batch 400/928  loss=0.027270
  batch 450/928  loss=0.034699
  batch 500/928  loss=0.033897
  batch 550/928  loss=0.028069
  batch 600/928  loss=0.024440
  batch 650/928  loss=0.033107
  batch 700/928  loss=0.030057
  batch 750/928  loss=0.027376
  batch 800/928  loss=0.029594
  batch 850/928  loss=0.047974
  batch 900/928  loss=0.038112
Epoch  65/100 | train 0.032424 | val 0.028578 | PSNR 25.55 dB | lr 2.5e-05 | 280s
  batch 1/928  loss=0.027674
  batch 50/928  loss=0.030994
  batch 100/928  loss=0.035289
  batch 150/928  loss=0.031259
  batch 200/928  loss=0.027721
  batch 250/928  loss=0.024092
  batch 300/928  loss=0.026473
  batch 350/928  loss=0.036641
  batch 400/928  loss=0.040910
  batch 450/928  loss=0.023085
  batch 500/928  loss=0.036751
  batch 550/928  loss=0.047360
  batch 600/928  loss=0.025580
  batch 650/928  loss=0.039717
  batch 700/928  loss=0.042086
  batch 750/928  loss=0.045361
  batch 800/928  loss=0.037668
  batch 850/928  loss=0.030100
  batch 900/928  loss=0.024714
Epoch  66/100 | train 0.032688 | val 0.027827 | PSNR 25.57 dB | lr 2.5e-05 | 279s
  batch 1/928  loss=0.022626
  batch 50/928  loss=0.037889
  batch 100/928  loss=0.014609
  batch 150/928  loss=0.033916
  batch 200/928  loss=0.030778
  batch 250/928  loss=0.028375
  batch 300/928  loss=0.027419
  batch 350/928  loss=0.033742
  batch 400/928  loss=0.018392
  batch 450/928  loss=0.027471
  batch 500/928  loss=0.032162
  batch 550/928  loss=0.045333
  batch 600/928  loss=0.026834
  batch 650/928  loss=0.029272
  batch 700/928  loss=0.014897
  batch 750/928  loss=0.037612
  batch 800/928  loss=0.026640
  batch 850/928  loss=0.032962
  batch 900/928  loss=0.033871
Epoch  67/100 | train 0.032671 | val 0.028155 | PSNR 25.54 dB | lr 2.5e-05 | 279s
  batch 1/928  loss=0.026439
  batch 50/928  loss=0.039240
  batch 100/928  loss=0.030614
  batch 150/928  loss=0.043787
  batch 200/928  loss=0.033825
  batch 250/928  loss=0.032999
  batch 300/928  loss=0.041327
  batch 350/928  loss=0.034044
  batch 400/928  loss=0.036955
  batch 450/928  loss=0.027257
  batch 500/928  loss=0.040866
  batch 550/928  loss=0.033090
  batch 600/928  loss=0.031006
  batch 650/928  loss=0.041385
  batch 700/928  loss=0.027146
  batch 750/928  loss=0.022476
  batch 800/928  loss=0.026861
  batch 850/928  loss=0.025078
  batch 900/928  loss=0.038321
Epoch  68/100 | train 0.032535 | val 0.027888 | PSNR 25.44 dB | lr 2.5e-05 | 279s
  batch 1/928  loss=0.032512
  batch 50/928  loss=0.035672
  batch 100/928  loss=0.029613
  batch 150/928  loss=0.044882
  batch 200/928  loss=0.028889
  batch 250/928  loss=0.033112
  batch 300/928  loss=0.046836
  batch 350/928  loss=0.033362
  batch 400/928  loss=0.035567
  batch 450/928  loss=0.018416
  batch 500/928  loss=0.040190
  batch 550/928  loss=0.043231
  batch 600/928  loss=0.030651
  batch 650/928  loss=0.033357
  batch 700/928  loss=0.024783
  batch 750/928  loss=0.036876
  batch 800/928  loss=0.034959
  batch 850/928  loss=0.030139
  batch 900/928  loss=0.027991
Epoch  69/100 | train 0.032742 | val 0.028294 | PSNR 25.44 dB | lr 1.3e-05 | 279s
  batch 1/928  loss=0.044269
  batch 50/928  loss=0.029549
  batch 100/928  loss=0.029884
  batch 150/928  loss=0.044188
  batch 200/928  loss=0.045211
  batch 250/928  loss=0.043525
  batch 300/928  loss=0.033410
  batch 350/928  loss=0.033401
  batch 400/928  loss=0.030710
  batch 450/928  loss=0.031889
  batch 500/928  loss=0.020585
  batch 550/928  loss=0.025703
  batch 600/928  loss=0.023455
  batch 650/928  loss=0.023291
  batch 700/928  loss=0.039757
  batch 750/928  loss=0.025229
  batch 800/928  loss=0.039384
  batch 850/928  loss=0.041588
  batch 900/928  loss=0.030368
Epoch  70/100 | train 0.032614 | val 0.027981 | PSNR 25.33 dB | lr 1.3e-05 | 279s
  batch 1/928  loss=0.030159
  batch 50/928  loss=0.032334
  batch 100/928  loss=0.042220
  batch 150/928  loss=0.023135
  batch 200/928  loss=0.044668
  batch 250/928  loss=0.028748
  batch 300/928  loss=0.038692
  batch 350/928  loss=0.028486
  batch 400/928  loss=0.028037
  batch 450/928  loss=0.028568
  batch 500/928  loss=0.026538
  batch 550/928  loss=0.021725
  batch 600/928  loss=0.035044
  batch 650/928  loss=0.040796
  batch 700/928  loss=0.027266
  batch 750/928  loss=0.025981
  batch 800/928  loss=0.035760
  batch 850/928  loss=0.036946
  batch 900/928  loss=0.034292
Epoch  71/100 | train 0.032515 | val 0.027947 | PSNR 25.52 dB | lr 1.3e-05 | 279s
  batch 1/928  loss=0.031354
  batch 50/928  loss=0.042107
  batch 100/928  loss=0.044172
  batch 150/928  loss=0.039061
  batch 200/928  loss=0.028265
  batch 250/928  loss=0.035144
  batch 300/928  loss=0.031441
  batch 350/928  loss=0.038605
  batch 400/928  loss=0.037594
  batch 450/928  loss=0.021684
  batch 500/928  loss=0.030835
  batch 550/928  loss=0.045077
  batch 600/928  loss=0.056414
  batch 650/928  loss=0.042789
  batch 700/928  loss=0.026870
  batch 750/928  loss=0.027438
  batch 800/928  loss=0.035030
  batch 850/928  loss=0.024566
  batch 900/928  loss=0.044813
Epoch  72/100 | train 0.032456 | val 0.028228 | PSNR 25.54 dB | lr 1.3e-05 | 279s
  batch 1/928  loss=0.041278
  batch 50/928  loss=0.032491
  batch 100/928  loss=0.048298
  batch 150/928  loss=0.030114
  batch 200/928  loss=0.023022
  batch 250/928  loss=0.027718
  batch 300/928  loss=0.030769
  batch 350/928  loss=0.030801
  batch 400/928  loss=0.037313
  batch 450/928  loss=0.043875
  batch 500/928  loss=0.041360
  batch 550/928  loss=0.033582
  batch 600/928  loss=0.035656
  batch 650/928  loss=0.020125
  batch 700/928  loss=0.031141
  batch 750/928  loss=0.026568
  batch 800/928  loss=0.028652
  batch 850/928  loss=0.041863
  batch 900/928  loss=0.025899
Epoch  73/100 | train 0.032498 | val 0.028237 | PSNR 25.48 dB | lr 1.3e-05 | 279s
  batch 1/928  loss=0.026599
  batch 50/928  loss=0.038368
  batch 100/928  loss=0.031091
  batch 150/928  loss=0.028105
  batch 200/928  loss=0.021739
  batch 250/928  loss=0.023598
  batch 300/928  loss=0.024987
  batch 350/928  loss=0.034432
  batch 400/928  loss=0.041009
  batch 450/928  loss=0.022604
  batch 500/928  loss=0.033619
  batch 550/928  loss=0.034122
  batch 600/928  loss=0.027758
  batch 650/928  loss=0.028923
  batch 700/928  loss=0.043672
  batch 750/928  loss=0.040910
  batch 800/928  loss=0.023702
  batch 850/928  loss=0.044677
  batch 900/928  loss=0.028533
Epoch  74/100 | train 0.032735 | val 0.028130 | PSNR 25.43 dB | lr 1.3e-05 | 279s
  batch 1/928  loss=0.028647
  batch 50/928  loss=0.024841
  batch 100/928  loss=0.041856
  batch 150/928  loss=0.032022
  batch 200/928  loss=0.035581
  batch 250/928  loss=0.037330
  batch 300/928  loss=0.025949
  batch 350/928  loss=0.049375
  batch 400/928  loss=0.030671
  batch 450/928  loss=0.028901
  batch 500/928  loss=0.042366
  batch 550/928  loss=0.029858
  batch 600/928  loss=0.031361
  batch 650/928  loss=0.030752
  batch 700/928  loss=0.034588
  batch 750/928  loss=0.039012
  batch 800/928  loss=0.040737
  batch 850/928  loss=0.033358
  batch 900/928  loss=0.027985
Epoch  75/100 | train 0.032368 | val 0.027862 | PSNR 25.46 dB | lr 6.3e-06 | 279s
  batch 1/928  loss=0.028441
  batch 50/928  loss=0.037692
  batch 100/928  loss=0.034204
  batch 150/928  loss=0.030987
  batch 200/928  loss=0.029539
  batch 250/928  loss=0.030050
  batch 300/928  loss=0.028591
  batch 350/928  loss=0.038069
  batch 400/928  loss=0.043558
  batch 450/928  loss=0.026764
  batch 500/928  loss=0.030531
  batch 550/928  loss=0.023775
  batch 600/928  loss=0.026456
  batch 650/928  loss=0.025533
  batch 700/928  loss=0.030361
  batch 750/928  loss=0.039488
  batch 800/928  loss=0.024813
  batch 850/928  loss=0.028677
  batch 900/928  loss=0.016379
Epoch  76/100 | train 0.032301 | val 0.028266 | PSNR 25.41 dB | lr 6.3e-06 | 279s
  batch 1/928  loss=0.031465
  batch 50/928  loss=0.032059
  batch 100/928  loss=0.030648
  batch 150/928  loss=0.024104
  batch 200/928  loss=0.023065
  batch 250/928  loss=0.029826
  batch 300/928  loss=0.040413
  batch 350/928  loss=0.030782
  batch 400/928  loss=0.044679
  batch 450/928  loss=0.027026
  batch 500/928  loss=0.024734
  batch 550/928  loss=0.043087
  batch 600/928  loss=0.025720
  batch 650/928  loss=0.026651
  batch 700/928  loss=0.031178
  batch 750/928  loss=0.038267
  batch 800/928  loss=0.024326
  batch 850/928  loss=0.032962
  batch 900/928  loss=0.028876
Epoch  77/100 | train 0.032321 | val 0.027742 | PSNR 25.67 dB | lr 6.3e-06 | 279s
  batch 1/928  loss=0.041112
  batch 50/928  loss=0.027675
  batch 100/928  loss=0.020731
  batch 150/928  loss=0.027598
  batch 200/928  loss=0.032799
  batch 250/928  loss=0.028516
  batch 300/928  loss=0.029213
  batch 350/928  loss=0.027464
  batch 400/928  loss=0.025626
  batch 450/928  loss=0.026348
  batch 500/928  loss=0.041989
  batch 550/928  loss=0.025558
  batch 600/928  loss=0.035517
  batch 650/928  loss=0.011400
  batch 700/928  loss=0.037359
  batch 750/928  loss=0.040476
  batch 800/928  loss=0.034062
  batch 850/928  loss=0.034738
  batch 900/928  loss=0.038711
Epoch  78/100 | train 0.032402 | val 0.027718 | PSNR 25.55 dB | lr 6.3e-06 | 279s
  batch 1/928  loss=0.026481
  batch 50/928  loss=0.030948
  batch 100/928  loss=0.038549
  batch 150/928  loss=0.031300
  batch 200/928  loss=0.026083
  batch 250/928  loss=0.036116
  batch 300/928  loss=0.039398
  batch 350/928  loss=0.036920
  batch 400/928  loss=0.040169
  batch 450/928  loss=0.031389
  batch 500/928  loss=0.030014
  batch 550/928  loss=0.040455
  batch 600/928  loss=0.026426
  batch 650/928  loss=0.033264
  batch 700/928  loss=0.044973
  batch 750/928  loss=0.023799
  batch 800/928  loss=0.029969
  batch 850/928  loss=0.041440
  batch 900/928  loss=0.034823
Epoch  79/100 | train 0.032518 | val 0.027798 | PSNR 25.48 dB | lr 6.3e-06 | 280s
  batch 1/928  loss=0.024156
  batch 50/928  loss=0.028033
  batch 100/928  loss=0.022561
  batch 150/928  loss=0.030382
  batch 200/928  loss=0.037516
  batch 250/928  loss=0.035203
  batch 300/928  loss=0.031852
  batch 350/928  loss=0.034789
  batch 400/928  loss=0.027838
  batch 450/928  loss=0.036846
  batch 500/928  loss=0.023777
  batch 550/928  loss=0.032203
  batch 600/928  loss=0.041642
  batch 650/928  loss=0.025437
  batch 700/928  loss=0.036701
  batch 750/928  loss=0.030820
  batch 800/928  loss=0.028172
  batch 850/928  loss=0.024144
  batch 900/928  loss=0.033416
Epoch  80/100 | train 0.032524 | val 0.028456 | PSNR 25.47 dB | lr 6.3e-06 | 279s
  batch 1/928  loss=0.026784
  batch 50/928  loss=0.035492
  batch 100/928  loss=0.041419
  batch 150/928  loss=0.039915
  batch 200/928  loss=0.016897
  batch 250/928  loss=0.032100
  batch 300/928  loss=0.051905
  batch 350/928  loss=0.025595
  batch 400/928  loss=0.030008
  batch 450/928  loss=0.035241
  batch 500/928  loss=0.034263
  batch 550/928  loss=0.041343
  batch 600/928  loss=0.026186
  batch 650/928  loss=0.037860
  batch 700/928  loss=0.038932
  batch 750/928  loss=0.029380
  batch 800/928  loss=0.034821
  batch 850/928  loss=0.036808
  batch 900/928  loss=0.028773
Epoch  81/100 | train 0.032659 | val 0.028014 | PSNR 25.46 dB | lr 3.1e-06 | 279s
  batch 1/928  loss=0.030842
  batch 50/928  loss=0.031724
  batch 100/928  loss=0.050806
  batch 150/928  loss=0.043781
  batch 200/928  loss=0.024264
  batch 250/928  loss=0.046021
  batch 300/928  loss=0.033192
  batch 350/928  loss=0.030057
  batch 400/928  loss=0.034314
  batch 450/928  loss=0.035852
  batch 500/928  loss=0.042244
  batch 550/928  loss=0.033101
  batch 600/928  loss=0.029643
  batch 650/928  loss=0.027680
  batch 700/928  loss=0.024385
  batch 750/928  loss=0.027260
  batch 800/928  loss=0.027510
  batch 850/928  loss=0.035197
  batch 900/928  loss=0.027952
Epoch  82/100 | train 0.032569 | val 0.028329 | PSNR 25.46 dB | lr 3.1e-06 | 279s
  batch 1/928  loss=0.033537
  batch 50/928  loss=0.040589
  batch 100/928  loss=0.036611
  batch 150/928  loss=0.031980
  batch 200/928  loss=0.032590
  batch 250/928  loss=0.035966
  batch 300/928  loss=0.036359
  batch 350/928  loss=0.025752
  batch 400/928  loss=0.022215
  batch 450/928  loss=0.029231
  batch 500/928  loss=0.043260
  batch 550/928  loss=0.037230
  batch 600/928  loss=0.035453
  batch 650/928  loss=0.047897
  batch 700/928  loss=0.032241
  batch 750/928  loss=0.041005
  batch 800/928  loss=0.043636
  batch 850/928  loss=0.040145
  batch 900/928  loss=0.034999
Epoch  83/100 | train 0.032518 | val 0.028447 | PSNR 25.55 dB | lr 3.1e-06 | 282s
  batch 1/928  loss=0.035468
  batch 50/928  loss=0.041693
  batch 100/928  loss=0.027556
  batch 150/928  loss=0.035951
  batch 200/928  loss=0.029256
  batch 250/928  loss=0.021605
  batch 300/928  loss=0.034865
  batch 350/928  loss=0.026632
  batch 400/928  loss=0.026918
  batch 450/928  loss=0.030652
  batch 500/928  loss=0.028874
  batch 550/928  loss=0.036675
  batch 600/928  loss=0.027483
  batch 650/928  loss=0.018669
  batch 700/928  loss=0.027256
  batch 750/928  loss=0.035841
  batch 800/928  loss=0.037377
  batch 850/928  loss=0.036891
  batch 900/928  loss=0.022235
Epoch  84/100 | train 0.032557 | val 0.028089 | PSNR 25.64 dB | lr 3.1e-06 | 281s
  batch 1/928  loss=0.029489
  batch 50/928  loss=0.039294
  batch 100/928  loss=0.031202
  batch 150/928  loss=0.031978
  batch 200/928  loss=0.036587
  batch 250/928  loss=0.029880
  batch 300/928  loss=0.052109
  batch 350/928  loss=0.033966
  batch 400/928  loss=0.028982
  batch 450/928  loss=0.031201
  batch 500/928  loss=0.030213
  batch 550/928  loss=0.029982
  batch 600/928  loss=0.037810
  batch 650/928  loss=0.039750
  batch 700/928  loss=0.029712
  batch 750/928  loss=0.034737
  batch 800/928  loss=0.039135
  batch 850/928  loss=0.023261
  batch 900/928  loss=0.028217
Epoch  85/100 | train 0.032307 | val 0.028446 | PSNR 25.48 dB | lr 3.1e-06 | 280s
  batch 1/928  loss=0.042563
  batch 50/928  loss=0.040674
  batch 100/928  loss=0.034881
  batch 150/928  loss=0.031778
  batch 200/928  loss=0.038503
  batch 250/928  loss=0.030617
  batch 300/928  loss=0.023610
  batch 350/928  loss=0.035807
  batch 400/928  loss=0.026625
  batch 450/928  loss=0.018364
  batch 500/928  loss=0.024328
  batch 550/928  loss=0.040194
  batch 600/928  loss=0.030173
  batch 650/928  loss=0.040239
  batch 700/928  loss=0.027920
  batch 750/928  loss=0.031143
  batch 800/928  loss=0.038854
  batch 850/928  loss=0.028596
  batch 900/928  loss=0.025539
Epoch  86/100 | train 0.032398 | val 0.028359 | PSNR 25.46 dB | lr 3.1e-06 | 279s
  batch 1/928  loss=0.024785
  batch 50/928  loss=0.032607
  batch 100/928  loss=0.021407
  batch 150/928  loss=0.028497
  batch 200/928  loss=0.040236
  batch 250/928  loss=0.027042
  batch 300/928  loss=0.036075
  batch 350/928  loss=0.026158
  batch 400/928  loss=0.034829
  batch 450/928  loss=0.026167
  batch 500/928  loss=0.021579
  batch 550/928  loss=0.043329
  batch 600/928  loss=0.047508
  batch 650/928  loss=0.015525
  batch 700/928  loss=0.052785
  batch 750/928  loss=0.049587
  batch 800/928  loss=0.022533
  batch 850/928  loss=0.027303
  batch 900/928  loss=0.048915
Epoch  87/100 | train 0.032511 | val 0.028084 | PSNR 25.40 dB | lr 1.6e-06 | 279s
  batch 1/928  loss=0.047923
  batch 50/928  loss=0.038171
  batch 100/928  loss=0.024223
  batch 150/928  loss=0.025810
  batch 200/928  loss=0.029152
  batch 250/928  loss=0.022372
  batch 300/928  loss=0.038023
  batch 350/928  loss=0.022034
  batch 400/928  loss=0.032150
  batch 450/928  loss=0.050530
  batch 500/928  loss=0.031118
  batch 550/928  loss=0.024381
  batch 600/928  loss=0.026326
  batch 650/928  loss=0.026052
  batch 700/928  loss=0.046235
  batch 750/928  loss=0.040517
  batch 800/928  loss=0.024610
  batch 850/928  loss=0.027823
  batch 900/928  loss=0.025249
Epoch  88/100 | train 0.032482 | val 0.027720 | PSNR 25.45 dB | lr 1.6e-06 | 280s
  batch 1/928  loss=0.038561
  batch 50/928  loss=0.034755
  batch 100/928  loss=0.017896
  batch 150/928  loss=0.036517
  batch 200/928  loss=0.026734
  batch 250/928  loss=0.027742
  batch 300/928  loss=0.023487
  batch 350/928  loss=0.037308
  batch 400/928  loss=0.038757
  batch 450/928  loss=0.027702
  batch 500/928  loss=0.033294
  batch 550/928  loss=0.031460
  batch 600/928  loss=0.031613
  batch 650/928  loss=0.036125
  batch 700/928  loss=0.026348
  batch 750/928  loss=0.028213
  batch 800/928  loss=0.045951
  batch 850/928  loss=0.044802
  batch 900/928  loss=0.024787
Epoch  89/100 | train 0.032503 | val 0.027878 | PSNR 25.57 dB | lr 1.6e-06 | 280s
  batch 1/928  loss=0.037117
  batch 50/928  loss=0.034396
  batch 100/928  loss=0.047355
  batch 150/928  loss=0.030059
  batch 200/928  loss=0.029573
  batch 250/928  loss=0.028991
  batch 300/928  loss=0.036491
  batch 350/928  loss=0.025929
  batch 400/928  loss=0.027631
  batch 450/928  loss=0.036512
  batch 500/928  loss=0.035323
  batch 550/928  loss=0.032704
  batch 600/928  loss=0.043032
  batch 650/928  loss=0.026596
  batch 700/928  loss=0.038630
  batch 750/928  loss=0.039242
  batch 800/928  loss=0.026793
  batch 850/928  loss=0.033647
  batch 900/928  loss=0.023777
Epoch  90/100 | train 0.032672 | val 0.027868 | PSNR 25.68 dB | lr 1.6e-06 | 282s
  batch 1/928  loss=0.039810
  batch 50/928  loss=0.034135
  batch 100/928  loss=0.025351
  batch 150/928  loss=0.034797
  batch 200/928  loss=0.030001
  batch 250/928  loss=0.039092
  batch 300/928  loss=0.051465
  batch 350/928  loss=0.025027
  batch 400/928  loss=0.035568
  batch 450/928  loss=0.027661
  batch 500/928  loss=0.040003
  batch 550/928  loss=0.043005
  batch 600/928  loss=0.033559
  batch 650/928  loss=0.029178
  batch 700/928  loss=0.039561
  batch 750/928  loss=0.033444
  batch 800/928  loss=0.031321
  batch 850/928  loss=0.021977
  batch 900/928  loss=0.029882
Epoch  91/100 | train 0.032504 | val 0.028192 | PSNR 25.50 dB | lr 1.6e-06 | 279s
  batch 1/928  loss=0.026446
  batch 50/928  loss=0.037135
  batch 100/928  loss=0.041557
  batch 150/928  loss=0.031301
  batch 200/928  loss=0.028198
  batch 250/928  loss=0.041321
  batch 300/928  loss=0.046357
  batch 350/928  loss=0.050086
  batch 400/928  loss=0.035661
  batch 450/928  loss=0.029378
  batch 500/928  loss=0.026589
  batch 550/928  loss=0.051074
  batch 600/928  loss=0.033335
  batch 650/928  loss=0.028928
  batch 700/928  loss=0.030084
  batch 750/928  loss=0.030491
  batch 800/928  loss=0.031907
  batch 850/928  loss=0.035653
  batch 900/928  loss=0.032906
Epoch  92/100 | train 0.032369 | val 0.027682 | PSNR 25.51 dB | lr 1.6e-06 | 279s
  batch 1/928  loss=0.046669
  batch 50/928  loss=0.042011
  batch 100/928  loss=0.044396
  batch 150/928  loss=0.045125
  batch 200/928  loss=0.031074
  batch 250/928  loss=0.032655
  batch 300/928  loss=0.027359
  batch 350/928  loss=0.034405
  batch 400/928  loss=0.032447
  batch 450/928  loss=0.036519
  batch 500/928  loss=0.030276
  batch 550/928  loss=0.026028
  batch 600/928  loss=0.019386
  batch 650/928  loss=0.035662
  batch 700/928  loss=0.034114
  batch 750/928  loss=0.029210
  batch 800/928  loss=0.038749
  batch 850/928  loss=0.032935
  batch 900/928  loss=0.029344
Epoch  93/100 | train 0.032610 | val 0.028574 | PSNR 25.51 dB | lr 7.8e-07 | 279s
  batch 1/928  loss=0.032904
  batch 50/928  loss=0.042193
  batch 100/928  loss=0.025281
  batch 150/928  loss=0.034836
  batch 200/928  loss=0.048856
  batch 250/928  loss=0.035129
  batch 300/928  loss=0.035625
  batch 350/928  loss=0.042986
  batch 400/928  loss=0.048684
  batch 450/928  loss=0.029274
  batch 500/928  loss=0.033354
  batch 550/928  loss=0.031840
  batch 600/928  loss=0.029928
  batch 650/928  loss=0.033565
  batch 700/928  loss=0.023168
  batch 750/928  loss=0.030070
  batch 800/928  loss=0.035265
  batch 850/928  loss=0.038078
  batch 900/928  loss=0.036083
Epoch  94/100 | train 0.032599 | val 0.028605 | PSNR 25.48 dB | lr 7.8e-07 | 279s
  batch 1/928  loss=0.023008
  batch 50/928  loss=0.060275
  batch 100/928  loss=0.032181
  batch 150/928  loss=0.040002
  batch 200/928  loss=0.041847
  batch 250/928  loss=0.025923
  batch 300/928  loss=0.022820
  batch 350/928  loss=0.034057
  batch 400/928  loss=0.032536
  batch 450/928  loss=0.015918
  batch 500/928  loss=0.026604
  batch 550/928  loss=0.026163
  batch 600/928  loss=0.031928
  batch 650/928  loss=0.030101
  batch 700/928  loss=0.030885
  batch 750/928  loss=0.027115
  batch 800/928  loss=0.045156
  batch 850/928  loss=0.035898
  batch 900/928  loss=0.022285
Epoch  95/100 | train 0.032543 | val 0.027521 | PSNR 25.49 dB | lr 7.8e-07 | 279s
  batch 1/928  loss=0.022946
  batch 50/928  loss=0.033512
  batch 100/928  loss=0.036252
  batch 150/928  loss=0.033060
  batch 200/928  loss=0.038233
  batch 250/928  loss=0.045545
  batch 300/928  loss=0.034419
  batch 350/928  loss=0.041486
  batch 400/928  loss=0.027100
  batch 450/928  loss=0.028136
  batch 500/928  loss=0.037395
  batch 550/928  loss=0.035979
  batch 600/928  loss=0.024810
  batch 650/928  loss=0.037462
  batch 700/928  loss=0.032035
  batch 750/928  loss=0.025979
  batch 800/928  loss=0.039371
  batch 850/928  loss=0.029015
  batch 900/928  loss=0.029152
Epoch  96/100 | train 0.032535 | val 0.027913 | PSNR 25.45 dB | lr 7.8e-07 | 278s
  batch 1/928  loss=0.032995
  batch 50/928  loss=0.048731
  batch 100/928  loss=0.035895
  batch 150/928  loss=0.036753
  batch 200/928  loss=0.033786
  batch 250/928  loss=0.024689
  batch 300/928  loss=0.025979
  batch 350/928  loss=0.033092
  batch 400/928  loss=0.034121
  batch 450/928  loss=0.025483
  batch 500/928  loss=0.040141
  batch 550/928  loss=0.023542
  batch 600/928  loss=0.035836
  batch 650/928  loss=0.024867
  batch 700/928  loss=0.030906
  batch 750/928  loss=0.049222
  batch 800/928  loss=0.034382
  batch 850/928  loss=0.038987
  batch 900/928  loss=0.033371
Epoch  97/100 | train 0.032448 | val 0.027626 | PSNR 25.67 dB | lr 7.8e-07 | 279s
  batch 1/928  loss=0.034253
  batch 50/928  loss=0.028756
  batch 100/928  loss=0.027620
  batch 150/928  loss=0.032684
  batch 200/928  loss=0.032746
  batch 250/928  loss=0.036227
  batch 300/928  loss=0.030137
  batch 350/928  loss=0.030660
  batch 400/928  loss=0.032256
  batch 450/928  loss=0.027032
  batch 500/928  loss=0.018911
  batch 550/928  loss=0.024528
  batch 600/928  loss=0.027948
  batch 650/928  loss=0.028292
  batch 700/928  loss=0.034096
  batch 750/928  loss=0.034668
  batch 800/928  loss=0.051869
  batch 850/928  loss=0.021907
  batch 900/928  loss=0.030855
Epoch  98/100 | train 0.032273 | val 0.028367 | PSNR 25.53 dB | lr 7.8e-07 | 279s
  batch 1/928  loss=0.029294
  batch 50/928  loss=0.024473
  batch 100/928  loss=0.041218
  batch 150/928  loss=0.035970
  batch 200/928  loss=0.040592
  batch 250/928  loss=0.028725
  batch 300/928  loss=0.039858
  batch 350/928  loss=0.028753
  batch 400/928  loss=0.047451
  batch 450/928  loss=0.035840
  batch 500/928  loss=0.034550
  batch 550/928  loss=0.029204
  batch 600/928  loss=0.026550
  batch 650/928  loss=0.029609
  batch 700/928  loss=0.027934
  batch 750/928  loss=0.032402
  batch 800/928  loss=0.032521
  batch 850/928  loss=0.036573
  batch 900/928  loss=0.033886
Epoch  99/100 | train 0.032508 | val 0.027503 | PSNR 25.56 dB | lr 3.9e-07 | 279s
  batch 1/928  loss=0.025984
  batch 50/928  loss=0.031813
  batch 100/928  loss=0.026540
  batch 150/928  loss=0.033855
  batch 200/928  loss=0.023439
  batch 250/928  loss=0.024977
  batch 300/928  loss=0.027113
  batch 350/928  loss=0.046798
  batch 400/928  loss=0.021743
  batch 450/928  loss=0.019743
  batch 500/928  loss=0.029056
  batch 550/928  loss=0.033571
  batch 600/928  loss=0.026774
  batch 650/928  loss=0.037877
  batch 700/928  loss=0.035219
  batch 750/928  loss=0.022492
  batch 800/928  loss=0.040121
  batch 850/928  loss=0.033046
  batch 900/928  loss=0.038865
Epoch 100/100 | train 0.032613 | val 0.028165 | PSNR 25.53 dB | lr 3.9e-07 | 279s
Training complete.
