Device: mps
Dropped 96 rotated pairs (relative roll > 0.1 deg)
WCS offsets loaded: 116 exposures (40 above 0.3 px)
Pairs: 1351 total, 1080 train, 271 val
Samples: 8640 train, 2168 val
Model: 988,609 parameters
  batch 1/1080  loss=0.346091
  batch 50/1080  loss=0.062135
  batch 100/1080  loss=0.051132
  batch 150/1080  loss=0.059500
  batch 200/1080  loss=0.054850
  batch 250/1080  loss=0.049791
  batch 300/1080  loss=0.053716
  batch 350/1080  loss=0.062485
  batch 400/1080  loss=0.056432
  batch 450/1080  loss=0.046092
  batch 500/1080  loss=0.052819
  batch 550/1080  loss=0.054318
  batch 600/1080  loss=0.051335
  batch 650/1080  loss=0.063191
  batch 700/1080  loss=0.056307
  batch 750/1080  loss=0.040426
  batch 800/1080  loss=0.045161
  batch 850/1080  loss=0.050853
  batch 900/1080  loss=0.046433
  batch 950/1080  loss=0.050121
  batch 1000/1080  loss=0.047318
  batch 1050/1080  loss=0.047803
Epoch   1/50 | train 0.054945 | val 0.047760 | PSNR 16.05 dB | lr 1.0e-04 | 226s
  -> saved best.pth (val_loss=0.047760)
  batch 1/1080  loss=0.052157
  batch 50/1080  loss=0.044073
  batch 100/1080  loss=0.043526
  batch 150/1080  loss=0.044320
  batch 200/1080  loss=0.038759
  batch 250/1080  loss=0.039311
  batch 300/1080  loss=0.054717
  batch 350/1080  loss=0.048900
  batch 400/1080  loss=0.050056
  batch 450/1080  loss=0.055832
  batch 500/1080  loss=0.049026
  batch 550/1080  loss=0.046985
  batch 600/1080  loss=0.047106
  batch 650/1080  loss=0.044219
  batch 700/1080  loss=0.048506
  batch 750/1080  loss=0.053662
  batch 800/1080  loss=0.050351
  batch 850/1080  loss=0.040703
  batch 900/1080  loss=0.049958
  batch 950/1080  loss=0.040002
  batch 1000/1080  loss=0.042126
  batch 1050/1080  loss=0.042634
Epoch   2/50 | train 0.046738 | val 0.046009 | PSNR 16.20 dB | lr 1.0e-04 | 198s
  -> saved best.pth (val_loss=0.046009)
  batch 1/1080  loss=0.039993
  batch 50/1080  loss=0.043619
  batch 100/1080  loss=0.047093
  batch 150/1080  loss=0.053794
  batch 200/1080  loss=0.049739
  batch 250/1080  loss=0.050184
  batch 300/1080  loss=0.060175
  batch 350/1080  loss=0.047532
  batch 400/1080  loss=0.048828
  batch 450/1080  loss=0.044210
  batch 500/1080  loss=0.049078
  batch 550/1080  loss=0.041113
  batch 600/1080  loss=0.049443
  batch 650/1080  loss=0.043315
  batch 700/1080  loss=0.053795
  batch 750/1080  loss=0.031673
  batch 800/1080  loss=0.038318
  batch 850/1080  loss=0.046715
  batch 900/1080  loss=0.046269
  batch 950/1080  loss=0.045264
  batch 1000/1080  loss=0.047834
  batch 1050/1080  loss=0.045834
Epoch   3/50 | train 0.046029 | val 0.045670 | PSNR 16.22 dB | lr 1.0e-04 | 198s
  -> saved best.pth (val_loss=0.045670)
  batch 1/1080  loss=0.050290
  batch 50/1080  loss=0.040123
  batch 100/1080  loss=0.053321
  batch 150/1080  loss=0.050010
  batch 200/1080  loss=0.042291
  batch 250/1080  loss=0.043668
  batch 300/1080  loss=0.037632
  batch 350/1080  loss=0.046424
  batch 400/1080  loss=0.035323
  batch 450/1080  loss=0.041804
  batch 500/1080  loss=0.046834
  batch 550/1080  loss=0.042437
  batch 600/1080  loss=0.035466
  batch 650/1080  loss=0.050722
  batch 700/1080  loss=0.035196
  batch 750/1080  loss=0.043959
  batch 800/1080  loss=0.055663
  batch 850/1080  loss=0.040243
  batch 900/1080  loss=0.048238
  batch 950/1080  loss=0.030968
  batch 1000/1080  loss=0.048054
  batch 1050/1080  loss=0.042831
Epoch   4/50 | train 0.045478 | val 0.045650 | PSNR 16.18 dB | lr 1.0e-04 | 198s
  -> saved best.pth (val_loss=0.045650)
  batch 1/1080  loss=0.046691
  batch 50/1080  loss=0.041605
  batch 100/1080  loss=0.042339
  batch 150/1080  loss=0.040625
  batch 200/1080  loss=0.047669
  batch 250/1080  loss=0.047639
  batch 300/1080  loss=0.054979
  batch 350/1080  loss=0.046642
  batch 400/1080  loss=0.038246
  batch 450/1080  loss=0.053295
  batch 500/1080  loss=0.078811
  batch 550/1080  loss=0.045929
  batch 600/1080  loss=0.054362
  batch 650/1080  loss=0.042432
  batch 700/1080  loss=0.041257
  batch 750/1080  loss=0.037597
  batch 800/1080  loss=0.049672
  batch 850/1080  loss=0.036600
  batch 900/1080  loss=0.043219
  batch 950/1080  loss=0.033062
  batch 1000/1080  loss=0.038890
  batch 1050/1080  loss=0.073031
Epoch   5/50 | train 0.045423 | val 0.045256 | PSNR 16.15 dB | lr 1.0e-04 | 198s
  -> saved best.pth (val_loss=0.045256)
  batch 1/1080  loss=0.051023
  batch 50/1080  loss=0.050908
  batch 100/1080  loss=0.043996
  batch 150/1080  loss=0.047073
  batch 200/1080  loss=0.041037
  batch 250/1080  loss=0.047356
  batch 300/1080  loss=0.044996
  batch 350/1080  loss=0.035956
  batch 400/1080  loss=0.051077
  batch 450/1080  loss=0.057607
  batch 500/1080  loss=0.048847
  batch 550/1080  loss=0.042817
  batch 600/1080  loss=0.060448
  batch 650/1080  loss=0.045040
  batch 700/1080  loss=0.047778
  batch 750/1080  loss=0.042610
  batch 800/1080  loss=0.051994
  batch 850/1080  loss=0.042192
  batch 900/1080  loss=0.059101
  batch 950/1080  loss=0.046539
  batch 1000/1080  loss=0.048595
  batch 1050/1080  loss=0.041708
Epoch   6/50 | train 0.044934 | val 0.044487 | PSNR 16.29 dB | lr 1.0e-04 | 198s
  -> saved best.pth (val_loss=0.044487)
  batch 1/1080  loss=0.039268
  batch 50/1080  loss=0.047275
  batch 100/1080  loss=0.035171
  batch 150/1080  loss=0.045597
  batch 200/1080  loss=0.031693
  batch 250/1080  loss=0.044917
  batch 300/1080  loss=0.040361
  batch 350/1080  loss=0.043469
  batch 400/1080  loss=0.045596
  batch 450/1080  loss=0.042180
  batch 500/1080  loss=0.049816
  batch 550/1080  loss=0.049363
  batch 600/1080  loss=0.038554
  batch 650/1080  loss=0.050444
  batch 700/1080  loss=0.050724
  batch 750/1080  loss=0.040074
  batch 800/1080  loss=0.038674
  batch 850/1080  loss=0.031818
  batch 900/1080  loss=0.038745
  batch 950/1080  loss=0.039347
  batch 1000/1080  loss=0.033056
  batch 1050/1080  loss=0.040904
Epoch   7/50 | train 0.044736 | val 0.044703 | PSNR 16.26 dB | lr 1.0e-04 | 198s
  batch 1/1080  loss=0.042978
  batch 50/1080  loss=0.040533
  batch 100/1080  loss=0.041949
  batch 150/1080  loss=0.074872
  batch 200/1080  loss=0.047873
  batch 250/1080  loss=0.046701
  batch 300/1080  loss=0.042797
  batch 350/1080  loss=0.045389
  batch 400/1080  loss=0.055419
  batch 450/1080  loss=0.036564
  batch 500/1080  loss=0.046097
  batch 550/1080  loss=0.053273
  batch 600/1080  loss=0.039276
  batch 650/1080  loss=0.051326
  batch 700/1080  loss=0.042921
  batch 750/1080  loss=0.037774
  batch 800/1080  loss=0.049977
  batch 850/1080  loss=0.038466
  batch 900/1080  loss=0.047606
  batch 950/1080  loss=0.037067
  batch 1000/1080  loss=0.041347
  batch 1050/1080  loss=0.038358
Epoch   8/50 | train 0.044674 | val 0.045311 | PSNR 16.34 dB | lr 1.0e-04 | 198s
  batch 1/1080  loss=0.047029
  batch 50/1080  loss=0.039385
  batch 100/1080  loss=0.048528
  batch 150/1080  loss=0.045872
  batch 200/1080  loss=0.038663
  batch 250/1080  loss=0.042895
  batch 300/1080  loss=0.035547
  batch 350/1080  loss=0.037998
  batch 400/1080  loss=0.037921
  batch 450/1080  loss=0.045028
  batch 500/1080  loss=0.051346
  batch 550/1080  loss=0.044834
  batch 600/1080  loss=0.055118
  batch 650/1080  loss=0.037239
  batch 700/1080  loss=0.042395
  batch 750/1080  loss=0.040963
  batch 800/1080  loss=0.046044
  batch 850/1080  loss=0.046239
  batch 900/1080  loss=0.051430
  batch 950/1080  loss=0.044715
  batch 1000/1080  loss=0.049451
  batch 1050/1080  loss=0.038864
Epoch   9/50 | train 0.044584 | val 0.045425 | PSNR 16.17 dB | lr 1.0e-04 | 199s
  batch 1/1080  loss=0.037255
  batch 50/1080  loss=0.038844
  batch 100/1080  loss=0.046782
  batch 150/1080  loss=0.041516
  batch 200/1080  loss=0.035212
  batch 250/1080  loss=0.039106
  batch 300/1080  loss=0.054959
  batch 350/1080  loss=0.057598
  batch 400/1080  loss=0.039101
  batch 450/1080  loss=0.041371
  batch 500/1080  loss=0.054637
  batch 550/1080  loss=0.052171
  batch 600/1080  loss=0.049008
  batch 650/1080  loss=0.039189
  batch 700/1080  loss=0.042267
  batch 750/1080  loss=0.042934
  batch 800/1080  loss=0.036014
  batch 850/1080  loss=0.049483
  batch 900/1080  loss=0.048632
  batch 950/1080  loss=0.041725
  batch 1000/1080  loss=0.041694
  batch 1050/1080  loss=0.042425
Epoch  10/50 | train 0.044508 | val 0.044519 | PSNR 16.27 dB | lr 1.0e-04 | 198s
  batch 1/1080  loss=0.038505
  batch 50/1080  loss=0.053553
  batch 100/1080  loss=0.051376
  batch 150/1080  loss=0.045938
  batch 200/1080  loss=0.038782
  batch 250/1080  loss=0.037196
  batch 300/1080  loss=0.039800
  batch 350/1080  loss=0.046258
  batch 400/1080  loss=0.048788
  batch 450/1080  loss=0.054446
  batch 500/1080  loss=0.043183
  batch 550/1080  loss=0.050776
  batch 600/1080  loss=0.040718
  batch 650/1080  loss=0.034507
  batch 700/1080  loss=0.037539
  batch 750/1080  loss=0.042673
  batch 800/1080  loss=0.045042
  batch 850/1080  loss=0.051781
  batch 900/1080  loss=0.038195
  batch 950/1080  loss=0.039487
  batch 1000/1080  loss=0.052135
  batch 1050/1080  loss=0.034779
Epoch  11/50 | train 0.044528 | val 0.044610 | PSNR 16.28 dB | lr 1.0e-04 | 198s
  batch 1/1080  loss=0.045571
  batch 50/1080  loss=0.041321
  batch 100/1080  loss=0.044788
  batch 150/1080  loss=0.045447
  batch 200/1080  loss=0.035657
  batch 250/1080  loss=0.044396
  batch 300/1080  loss=0.041174
  batch 350/1080  loss=0.041795
  batch 400/1080  loss=0.047445
  batch 450/1080  loss=0.040821
  batch 500/1080  loss=0.048785
  batch 550/1080  loss=0.037871
  batch 600/1080  loss=0.032597
  batch 650/1080  loss=0.037932
  batch 700/1080  loss=0.034563
  batch 750/1080  loss=0.049684
  batch 800/1080  loss=0.049508
  batch 850/1080  loss=0.039076
  batch 900/1080  loss=0.037795
  batch 950/1080  loss=0.041719
  batch 1000/1080  loss=0.050669
  batch 1050/1080  loss=0.046212
Epoch  12/50 | train 0.044477 | val 0.044373 | PSNR 16.29 dB | lr 1.0e-04 | 198s
  -> saved best.pth (val_loss=0.044373)
  batch 1/1080  loss=0.045855
  batch 50/1080  loss=0.040489
  batch 100/1080  loss=0.036677
  batch 150/1080  loss=0.051455
  batch 200/1080  loss=0.055696
  batch 250/1080  loss=0.045815
  batch 300/1080  loss=0.040014
  batch 350/1080  loss=0.041159
  batch 400/1080  loss=0.047517
  batch 450/1080  loss=0.042625
  batch 500/1080  loss=0.046940
  batch 550/1080  loss=0.043497
  batch 600/1080  loss=0.039185
  batch 650/1080  loss=0.041841
  batch 700/1080  loss=0.040342
  batch 750/1080  loss=0.057752
  batch 800/1080  loss=0.041848
  batch 850/1080  loss=0.048607
  batch 900/1080  loss=0.035454
  batch 950/1080  loss=0.045901
  batch 1000/1080  loss=0.036070
  batch 1050/1080  loss=0.043782
Epoch  13/50 | train 0.044349 | val 0.044633 | PSNR 16.24 dB | lr 1.0e-04 | 198s
  batch 1/1080  loss=0.045285
  batch 50/1080  loss=0.041304
  batch 100/1080  loss=0.039664
  batch 150/1080  loss=0.050497
  batch 200/1080  loss=0.030988
  batch 250/1080  loss=0.049691
  batch 300/1080  loss=0.053225
  batch 350/1080  loss=0.048141
  batch 400/1080  loss=0.042731
  batch 450/1080  loss=0.050174
  batch 500/1080  loss=0.049135
  batch 550/1080  loss=0.038540
  batch 600/1080  loss=0.038054
  batch 650/1080  loss=0.044828
  batch 700/1080  loss=0.051765
  batch 750/1080  loss=0.046003
  batch 800/1080  loss=0.044603
  batch 850/1080  loss=0.046501
  batch 900/1080  loss=0.045689
  batch 950/1080  loss=0.036761
  batch 1000/1080  loss=0.043188
  batch 1050/1080  loss=0.040105
Epoch  14/50 | train 0.044555 | val 0.044201 | PSNR 16.29 dB | lr 1.0e-04 | 198s
  -> saved best.pth (val_loss=0.044201)
  batch 1/1080  loss=0.038237
  batch 50/1080  loss=0.048351
  batch 100/1080  loss=0.039711
  batch 150/1080  loss=0.046060
  batch 200/1080  loss=0.028518
  batch 250/1080  loss=0.040232
  batch 300/1080  loss=0.046535
  batch 350/1080  loss=0.048346
  batch 400/1080  loss=0.035887
  batch 450/1080  loss=0.042362
  batch 500/1080  loss=0.046812
  batch 550/1080  loss=0.044731
  batch 600/1080  loss=0.042348
  batch 650/1080  loss=0.040112
  batch 700/1080  loss=0.046218
  batch 750/1080  loss=0.048109
  batch 800/1080  loss=0.047112
  batch 850/1080  loss=0.042391
  batch 900/1080  loss=0.038533
  batch 950/1080  loss=0.040187
  batch 1000/1080  loss=0.035029
  batch 1050/1080  loss=0.039486
Epoch  15/50 | train 0.044125 | val 0.044046 | PSNR 16.29 dB | lr 1.0e-04 | 198s
  -> saved best.pth (val_loss=0.044046)
  batch 1/1080  loss=0.049020
  batch 50/1080  loss=0.040523
  batch 100/1080  loss=0.050336
  batch 150/1080  loss=0.042256
  batch 200/1080  loss=0.038566
  batch 250/1080  loss=0.046453
  batch 300/1080  loss=0.044975
  batch 350/1080  loss=0.041179
  batch 400/1080  loss=0.042654
  batch 450/1080  loss=0.038940
  batch 500/1080  loss=0.031329
  batch 550/1080  loss=0.052998
  batch 600/1080  loss=0.047802
  batch 650/1080  loss=0.042914
  batch 700/1080  loss=0.035418
  batch 750/1080  loss=0.040627
  batch 800/1080  loss=0.046710
  batch 850/1080  loss=0.040067
  batch 900/1080  loss=0.046217
  batch 950/1080  loss=0.037510
  batch 1000/1080  loss=0.047877
  batch 1050/1080  loss=0.043286
Epoch  16/50 | train 0.044188 | val 0.044044 | PSNR 16.29 dB | lr 1.0e-04 | 198s
  -> saved best.pth (val_loss=0.044044)
  batch 1/1080  loss=0.044192
  batch 50/1080  loss=0.056304
  batch 100/1080  loss=0.037829
  batch 150/1080  loss=0.029556
  batch 200/1080  loss=0.042475
  batch 250/1080  loss=0.034989
  batch 300/1080  loss=0.046020
  batch 350/1080  loss=0.043200
  batch 400/1080  loss=0.042321
  batch 450/1080  loss=0.041801
  batch 500/1080  loss=0.045452
  batch 550/1080  loss=0.045235
  batch 600/1080  loss=0.040628
  batch 650/1080  loss=0.046855
  batch 700/1080  loss=0.044262
  batch 750/1080  loss=0.041725
  batch 800/1080  loss=0.046205
  batch 850/1080  loss=0.050226
  batch 900/1080  loss=0.037992
  batch 950/1080  loss=0.041811
  batch 1000/1080  loss=0.044518
  batch 1050/1080  loss=0.040971
Epoch  17/50 | train 0.044284 | val 0.044280 | PSNR 16.30 dB | lr 1.0e-04 | 198s
  batch 1/1080  loss=0.035115
  batch 50/1080  loss=0.041089
  batch 100/1080  loss=0.038930
  batch 150/1080  loss=0.032925
  batch 200/1080  loss=0.039187
  batch 250/1080  loss=0.043584
  batch 300/1080  loss=0.035421
  batch 350/1080  loss=0.043539
  batch 400/1080  loss=0.047971
  batch 450/1080  loss=0.040880
  batch 500/1080  loss=0.047481
  batch 550/1080  loss=0.041765
  batch 600/1080  loss=0.046683
  batch 650/1080  loss=0.037675
  batch 700/1080  loss=0.047167
  batch 750/1080  loss=0.037686
  batch 800/1080  loss=0.034508
  batch 850/1080  loss=0.044224
  batch 900/1080  loss=0.073332
  batch 950/1080  loss=0.038984
  batch 1000/1080  loss=0.046217
  batch 1050/1080  loss=0.041144
Epoch  18/50 | train 0.044180 | val 0.044098 | PSNR 16.29 dB | lr 1.0e-04 | 198s
  batch 1/1080  loss=0.053081
  batch 50/1080  loss=0.047723
  batch 100/1080  loss=0.052054
  batch 150/1080  loss=0.033392
  batch 200/1080  loss=0.045448
  batch 250/1080  loss=0.048895
  batch 300/1080  loss=0.044507
  batch 350/1080  loss=0.037422
  batch 400/1080  loss=0.042396
  batch 450/1080  loss=0.044884
  batch 500/1080  loss=0.038858
  batch 550/1080  loss=0.048694
  batch 600/1080  loss=0.050195
  batch 650/1080  loss=0.044834
  batch 700/1080  loss=0.047252
  batch 750/1080  loss=0.041553
  batch 800/1080  loss=0.035610
  batch 850/1080  loss=0.047977
  batch 900/1080  loss=0.053437
  batch 950/1080  loss=0.044916
  batch 1000/1080  loss=0.042698
  batch 1050/1080  loss=0.043122
Epoch  19/50 | train 0.044140 | val 0.044312 | PSNR 16.29 dB | lr 1.0e-04 | 198s
  batch 1/1080  loss=0.042674
  batch 50/1080  loss=0.044099
  batch 100/1080  loss=0.048657
  batch 150/1080  loss=0.044506
  batch 200/1080  loss=0.045101
  batch 250/1080  loss=0.034799
  batch 300/1080  loss=0.040450
  batch 350/1080  loss=0.046238
  batch 400/1080  loss=0.039956
  batch 450/1080  loss=0.036454
  batch 500/1080  loss=0.043732
  batch 550/1080  loss=0.042627
  batch 600/1080  loss=0.048656
  batch 650/1080  loss=0.045873
  batch 700/1080  loss=0.048083
  batch 750/1080  loss=0.040598
  batch 800/1080  loss=0.040268
  batch 850/1080  loss=0.043067
  batch 900/1080  loss=0.040820
  batch 950/1080  loss=0.047097
  batch 1000/1080  loss=0.047306
  batch 1050/1080  loss=0.043729
Epoch  20/50 | train 0.044091 | val 0.044107 | PSNR 16.25 dB | lr 1.0e-04 | 198s
  batch 1/1080  loss=0.040320
  batch 50/1080  loss=0.048974
  batch 100/1080  loss=0.037685
  batch 150/1080  loss=0.042043
  batch 200/1080  loss=0.038226
  batch 250/1080  loss=0.032368
  batch 300/1080  loss=0.038901
  batch 350/1080  loss=0.043057
  batch 400/1080  loss=0.045476
  batch 450/1080  loss=0.040649
  batch 500/1080  loss=0.048831
  batch 550/1080  loss=0.041809
  batch 600/1080  loss=0.040897
  batch 650/1080  loss=0.031722
  batch 700/1080  loss=0.043522
  batch 750/1080  loss=0.045803
  batch 800/1080  loss=0.045241
  batch 850/1080  loss=0.041704
  batch 900/1080  loss=0.042009
  batch 950/1080  loss=0.042953
  batch 1000/1080  loss=0.043027
  batch 1050/1080  loss=0.046024
Epoch  21/50 | train 0.044019 | val 0.043972 | PSNR 16.31 dB | lr 1.0e-04 | 198s
  -> saved best.pth (val_loss=0.043972)
  batch 1/1080  loss=0.045365
  batch 50/1080  loss=0.044230
  batch 100/1080  loss=0.037291
  batch 150/1080  loss=0.048550
  batch 200/1080  loss=0.049428
  batch 250/1080  loss=0.046078
  batch 300/1080  loss=0.036503
  batch 350/1080  loss=0.041185
  batch 400/1080  loss=0.054396
  batch 450/1080  loss=0.065554
  batch 500/1080  loss=0.037559
  batch 550/1080  loss=0.039150
  batch 600/1080  loss=0.044790
  batch 650/1080  loss=0.033709
  batch 700/1080  loss=0.045019
  batch 750/1080  loss=0.035136
  batch 800/1080  loss=0.048656
  batch 850/1080  loss=0.050240
  batch 900/1080  loss=0.041896
  batch 950/1080  loss=0.048427
  batch 1000/1080  loss=0.042962
  batch 1050/1080  loss=0.039189
Epoch  22/50 | train 0.044212 | val 0.044024 | PSNR 16.34 dB | lr 1.0e-04 | 198s
  batch 1/1080  loss=0.035494
  batch 50/1080  loss=0.040465
  batch 100/1080  loss=0.056370
  batch 150/1080  loss=0.045298
  batch 200/1080  loss=0.040339
  batch 250/1080  loss=0.052034
  batch 300/1080  loss=0.045740
  batch 350/1080  loss=0.044726
  batch 400/1080  loss=0.050500
  batch 450/1080  loss=0.041230
  batch 500/1080  loss=0.051797
  batch 550/1080  loss=0.047084
  batch 600/1080  loss=0.041272
  batch 650/1080  loss=0.038499
  batch 700/1080  loss=0.041438
  batch 750/1080  loss=0.043003
  batch 800/1080  loss=0.046876
  batch 850/1080  loss=0.040108
  batch 900/1080  loss=0.043543
  batch 950/1080  loss=0.044712
  batch 1000/1080  loss=0.057212
  batch 1050/1080  loss=0.045990
Epoch  23/50 | train 0.044128 | val 0.044051 | PSNR 16.31 dB | lr 1.0e-04 | 198s
  batch 1/1080  loss=0.051919
  batch 50/1080  loss=0.048319
  batch 100/1080  loss=0.043943
  batch 150/1080  loss=0.042655
  batch 200/1080  loss=0.040366
  batch 250/1080  loss=0.039678
  batch 300/1080  loss=0.052280
  batch 350/1080  loss=0.043223
  batch 400/1080  loss=0.043998
  batch 450/1080  loss=0.050971
  batch 500/1080  loss=0.043219
  batch 550/1080  loss=0.042901
  batch 600/1080  loss=0.041870
  batch 650/1080  loss=0.043273
  batch 700/1080  loss=0.045327
  batch 750/1080  loss=0.048320
  batch 800/1080  loss=0.046086
  batch 850/1080  loss=0.047732
  batch 900/1080  loss=0.041368
  batch 950/1080  loss=0.038455
  batch 1000/1080  loss=0.036429
  batch 1050/1080  loss=0.047948
Epoch  24/50 | train 0.044179 | val 0.044163 | PSNR 16.26 dB | lr 1.0e-04 | 198s
  batch 1/1080  loss=0.041210
  batch 50/1080  loss=0.039788
  batch 100/1080  loss=0.040905
  batch 150/1080  loss=0.033231
  batch 200/1080  loss=0.042522
  batch 250/1080  loss=0.044553
  batch 300/1080  loss=0.062458
  batch 350/1080  loss=0.045205
  batch 400/1080  loss=0.049234
  batch 450/1080  loss=0.058839
  batch 500/1080  loss=0.044456
  batch 550/1080  loss=0.040034
  batch 600/1080  loss=0.047917
  batch 650/1080  loss=0.058833
  batch 700/1080  loss=0.047134
  batch 750/1080  loss=0.041108
  batch 800/1080  loss=0.057012
  batch 850/1080  loss=0.041387
  batch 900/1080  loss=0.050192
  batch 950/1080  loss=0.040451
  batch 1000/1080  loss=0.046578
  batch 1050/1080  loss=0.041457
Epoch  25/50 | train 0.044367 | val 0.044358 | PSNR 16.29 dB | lr 1.0e-04 | 198s
  batch 1/1080  loss=0.047021
  batch 50/1080  loss=0.040806
  batch 100/1080  loss=0.052853
  batch 150/1080  loss=0.052342
  batch 200/1080  loss=0.041007
  batch 250/1080  loss=0.044445
  batch 300/1080  loss=0.037072
  batch 350/1080  loss=0.041142
  batch 400/1080  loss=0.041858
  batch 450/1080  loss=0.042397
  batch 500/1080  loss=0.053736
  batch 550/1080  loss=0.041803
  batch 600/1080  loss=0.042900
  batch 650/1080  loss=0.039390
  batch 700/1080  loss=0.043317
  batch 750/1080  loss=0.038672
  batch 800/1080  loss=0.035766
  batch 850/1080  loss=0.036122
  batch 900/1080  loss=0.043278
  batch 950/1080  loss=0.043824
  batch 1000/1080  loss=0.041120
  batch 1050/1080  loss=0.050248
Epoch  26/50 | train 0.044175 | val 0.044514 | PSNR 16.28 dB | lr 1.0e-04 | 198s
  batch 1/1080  loss=0.058457
  batch 50/1080  loss=0.043678
  batch 100/1080  loss=0.040687
  batch 150/1080  loss=0.037992
  batch 200/1080  loss=0.040487
  batch 250/1080  loss=0.045558
  batch 300/1080  loss=0.042454
  batch 350/1080  loss=0.056602
  batch 400/1080  loss=0.045106
  batch 450/1080  loss=0.041729
  batch 500/1080  loss=0.043244
  batch 550/1080  loss=0.049962
  batch 600/1080  loss=0.038367
  batch 650/1080  loss=0.043851
  batch 700/1080  loss=0.035357
  batch 750/1080  loss=0.047990
  batch 800/1080  loss=0.052109
  batch 850/1080  loss=0.040653
  batch 900/1080  loss=0.070680
  batch 950/1080  loss=0.041947
  batch 1000/1080  loss=0.046629
  batch 1050/1080  loss=0.040098
Epoch  27/50 | train 0.044188 | val 0.044085 | PSNR 16.31 dB | lr 5.0e-05 | 198s
  batch 1/1080  loss=0.040284
  batch 50/1080  loss=0.037289
  batch 100/1080  loss=0.045643
  batch 150/1080  loss=0.057118
  batch 200/1080  loss=0.044668
  batch 250/1080  loss=0.038973
  batch 300/1080  loss=0.034370
  batch 350/1080  loss=0.064578
  batch 400/1080  loss=0.036909
  batch 450/1080  loss=0.043284
  batch 500/1080  loss=0.046921
  batch 550/1080  loss=0.045470
  batch 600/1080  loss=0.030768
  batch 650/1080  loss=0.042873
  batch 700/1080  loss=0.040367
  batch 750/1080  loss=0.037350
  batch 800/1080  loss=0.038151
  batch 850/1080  loss=0.055802
  batch 900/1080  loss=0.041791
  batch 950/1080  loss=0.041764
  batch 1000/1080  loss=0.054349
  batch 1050/1080  loss=0.043502
Epoch  28/50 | train 0.043961 | val 0.044182 | PSNR 16.28 dB | lr 5.0e-05 | 198s
  batch 1/1080  loss=0.052015
  batch 50/1080  loss=0.049766
  batch 100/1080  loss=0.047426
  batch 150/1080  loss=0.052980
  batch 200/1080  loss=0.039468
  batch 250/1080  loss=0.037286
  batch 300/1080  loss=0.042897
  batch 350/1080  loss=0.039547
  batch 400/1080  loss=0.044229
  batch 450/1080  loss=0.042890
  batch 500/1080  loss=0.037811
  batch 550/1080  loss=0.048437
  batch 600/1080  loss=0.034285
  batch 650/1080  loss=0.039374
  batch 700/1080  loss=0.038087
  batch 750/1080  loss=0.045268
  batch 800/1080  loss=0.039741
  batch 850/1080  loss=0.047836
  batch 900/1080  loss=0.047123
  batch 950/1080  loss=0.046951
  batch 1000/1080  loss=0.048225
  batch 1050/1080  loss=0.041592
Epoch  29/50 | train 0.044187 | val 0.044081 | PSNR 16.30 dB | lr 5.0e-05 | 198s
  batch 1/1080  loss=0.054310
  batch 50/1080  loss=0.034586
  batch 100/1080  loss=0.041669
  batch 150/1080  loss=0.048441
  batch 200/1080  loss=0.042489
  batch 250/1080  loss=0.050253
  batch 300/1080  loss=0.041041
  batch 350/1080  loss=0.044155
  batch 400/1080  loss=0.040371
  batch 450/1080  loss=0.051428
  batch 500/1080  loss=0.040515
  batch 550/1080  loss=0.047666
  batch 600/1080  loss=0.040976
  batch 650/1080  loss=0.042674
  batch 700/1080  loss=0.031198
  batch 750/1080  loss=0.054111
  batch 800/1080  loss=0.054829
  batch 850/1080  loss=0.049888
  batch 900/1080  loss=0.047533
  batch 950/1080  loss=0.033684
  batch 1000/1080  loss=0.050569
  batch 1050/1080  loss=0.050314
Epoch  30/50 | train 0.043948 | val 0.043928 | PSNR 16.33 dB | lr 5.0e-05 | 199s
  -> saved best.pth (val_loss=0.043928)
  batch 1/1080  loss=0.052065
  batch 50/1080  loss=0.041583
  batch 100/1080  loss=0.036108
  batch 150/1080  loss=0.042839
  batch 200/1080  loss=0.044583
  batch 250/1080  loss=0.056240
  batch 300/1080  loss=0.061762
  batch 350/1080  loss=0.044097
  batch 400/1080  loss=0.038651
  batch 450/1080  loss=0.043413
  batch 500/1080  loss=0.053324
  batch 550/1080  loss=0.039559
  batch 600/1080  loss=0.049611
  batch 650/1080  loss=0.043628
  batch 700/1080  loss=0.047314
  batch 750/1080  loss=0.032406
  batch 800/1080  loss=0.044546
  batch 850/1080  loss=0.042055
  batch 900/1080  loss=0.046349
  batch 950/1080  loss=0.029049
  batch 1000/1080  loss=0.037378
  batch 1050/1080  loss=0.042918
Epoch  31/50 | train 0.044116 | val 0.044192 | PSNR 16.29 dB | lr 5.0e-05 | 198s
  batch 1/1080  loss=0.053200
  batch 50/1080  loss=0.046067
  batch 100/1080  loss=0.036469
  batch 150/1080  loss=0.039845
  batch 200/1080  loss=0.043671
  batch 250/1080  loss=0.040655
  batch 300/1080  loss=0.047539
  batch 350/1080  loss=0.041374
  batch 400/1080  loss=0.051492
  batch 450/1080  loss=0.043548
  batch 500/1080  loss=0.046905
  batch 550/1080  loss=0.054864
  batch 600/1080  loss=0.043255
  batch 650/1080  loss=0.053729
  batch 700/1080  loss=0.053839
  batch 750/1080  loss=0.037344
  batch 800/1080  loss=0.045320
  batch 850/1080  loss=0.045032
  batch 900/1080  loss=0.045918
  batch 950/1080  loss=0.050319
  batch 1000/1080  loss=0.043986
  batch 1050/1080  loss=0.039942
Epoch  32/50 | train 0.043882 | val 0.044198 | PSNR 16.27 dB | lr 5.0e-05 | 198s
  batch 1/1080  loss=0.045268
  batch 50/1080  loss=0.043262
  batch 100/1080  loss=0.074384
  batch 150/1080  loss=0.041264
  batch 200/1080  loss=0.035627
  batch 250/1080  loss=0.040528
  batch 300/1080  loss=0.046415
  batch 350/1080  loss=0.053626
  batch 400/1080  loss=0.040292
  batch 450/1080  loss=0.036600
  batch 500/1080  loss=0.040461
  batch 550/1080  loss=0.042583
  batch 600/1080  loss=0.043672
  batch 650/1080  loss=0.046029
  batch 700/1080  loss=0.050377
  batch 750/1080  loss=0.037248
  batch 800/1080  loss=0.043562
  batch 850/1080  loss=0.039788
  batch 900/1080  loss=0.044067
  batch 950/1080  loss=0.039011
  batch 1000/1080  loss=0.042461
  batch 1050/1080  loss=0.040829
Epoch  33/50 | train 0.043878 | val 0.043768 | PSNR 16.38 dB | lr 5.0e-05 | 199s
  -> saved best.pth (val_loss=0.043768)
  batch 1/1080  loss=0.039607
  batch 50/1080  loss=0.046052
  batch 100/1080  loss=0.040699
  batch 150/1080  loss=0.052746
  batch 200/1080  loss=0.036518
  batch 250/1080  loss=0.044626
  batch 300/1080  loss=0.044083
  batch 350/1080  loss=0.048490
  batch 400/1080  loss=0.053720
  batch 450/1080  loss=0.043732
  batch 500/1080  loss=0.050508
  batch 550/1080  loss=0.035281
  batch 600/1080  loss=0.039880
  batch 650/1080  loss=0.040135
  batch 700/1080  loss=0.039521
  batch 750/1080  loss=0.036396
  batch 800/1080  loss=0.044063
  batch 850/1080  loss=0.042934
  batch 900/1080  loss=0.044460
  batch 950/1080  loss=0.051852
  batch 1000/1080  loss=0.035800
  batch 1050/1080  loss=0.041610
Epoch  34/50 | train 0.043977 | val 0.044090 | PSNR 16.30 dB | lr 5.0e-05 | 198s
  batch 1/1080  loss=0.048705
  batch 50/1080  loss=0.046469
  batch 100/1080  loss=0.042880
  batch 150/1080  loss=0.037721
  batch 200/1080  loss=0.049644
  batch 250/1080  loss=0.056560
  batch 300/1080  loss=0.042880
  batch 350/1080  loss=0.039745
  batch 400/1080  loss=0.042525
  batch 450/1080  loss=0.047636
  batch 500/1080  loss=0.036303
  batch 550/1080  loss=0.035352
  batch 600/1080  loss=0.043792
  batch 650/1080  loss=0.042703
  batch 700/1080  loss=0.045024
  batch 750/1080  loss=0.044281
  batch 800/1080  loss=0.047528
  batch 850/1080  loss=0.054427
  batch 900/1080  loss=0.053744
  batch 950/1080  loss=0.034467
  batch 1000/1080  loss=0.036402
  batch 1050/1080  loss=0.041919
Epoch  35/50 | train 0.044056 | val 0.043934 | PSNR 16.28 dB | lr 5.0e-05 | 198s
  batch 1/1080  loss=0.041141
  batch 50/1080  loss=0.040652
  batch 100/1080  loss=0.041517
  batch 150/1080  loss=0.043733
  batch 200/1080  loss=0.046180
  batch 250/1080  loss=0.044596
  batch 300/1080  loss=0.048853
  batch 350/1080  loss=0.044409
  batch 400/1080  loss=0.044700
  batch 450/1080  loss=0.056945
  batch 500/1080  loss=0.045042
  batch 550/1080  loss=0.040807
  batch 600/1080  loss=0.038144
  batch 650/1080  loss=0.043723
  batch 700/1080  loss=0.050726
  batch 750/1080  loss=0.052611
  batch 800/1080  loss=0.044404
  batch 850/1080  loss=0.045188
  batch 900/1080  loss=0.041325
  batch 950/1080  loss=0.035915
  batch 1000/1080  loss=0.034132
  batch 1050/1080  loss=0.048095
Epoch  36/50 | train 0.043835 | val 0.044278 | PSNR 16.29 dB | lr 5.0e-05 | 198s
  batch 1/1080  loss=0.044338
  batch 50/1080  loss=0.041932
  batch 100/1080  loss=0.050647
  batch 150/1080  loss=0.050339
  batch 200/1080  loss=0.042403
  batch 250/1080  loss=0.039409
  batch 300/1080  loss=0.045870
  batch 350/1080  loss=0.036201
  batch 400/1080  loss=0.044275
  batch 450/1080  loss=0.041192
  batch 500/1080  loss=0.037492
  batch 550/1080  loss=0.040937
  batch 600/1080  loss=0.051306
  batch 650/1080  loss=0.042792
  batch 700/1080  loss=0.041707
  batch 750/1080  loss=0.042523
  batch 800/1080  loss=0.041097
  batch 850/1080  loss=0.044297
  batch 900/1080  loss=0.043077
  batch 950/1080  loss=0.036461
  batch 1000/1080  loss=0.036016
  batch 1050/1080  loss=0.045223
Epoch  37/50 | train 0.043942 | val 0.044146 | PSNR 16.27 dB | lr 5.0e-05 | 199s
  batch 1/1080  loss=0.052376
  batch 50/1080  loss=0.040920
  batch 100/1080  loss=0.045635
  batch 150/1080  loss=0.046855
  batch 200/1080  loss=0.043906
  batch 250/1080  loss=0.047054
  batch 300/1080  loss=0.037401
  batch 350/1080  loss=0.039306
  batch 400/1080  loss=0.037396
  batch 450/1080  loss=0.049585
  batch 500/1080  loss=0.036565
  batch 550/1080  loss=0.047447
  batch 600/1080  loss=0.056454
  batch 650/1080  loss=0.050008
  batch 700/1080  loss=0.045415
  batch 750/1080  loss=0.041606
  batch 800/1080  loss=0.043938
  batch 850/1080  loss=0.037361
  batch 900/1080  loss=0.040033
  batch 950/1080  loss=0.050243
  batch 1000/1080  loss=0.048042
  batch 1050/1080  loss=0.041747
Epoch  38/50 | train 0.043945 | val 0.043816 | PSNR 16.32 dB | lr 5.0e-05 | 199s
  batch 1/1080  loss=0.045841
  batch 50/1080  loss=0.042002
  batch 100/1080  loss=0.038021
  batch 150/1080  loss=0.037245
  batch 200/1080  loss=0.049655
  batch 250/1080  loss=0.040866
  batch 300/1080  loss=0.035017
  batch 350/1080  loss=0.034441
  batch 400/1080  loss=0.042650
  batch 450/1080  loss=0.049278
  batch 500/1080  loss=0.043180
  batch 550/1080  loss=0.039163
  batch 600/1080  loss=0.036952
  batch 650/1080  loss=0.041575
  batch 700/1080  loss=0.055251
  batch 750/1080  loss=0.044677
  batch 800/1080  loss=0.035888
  batch 850/1080  loss=0.062664
  batch 900/1080  loss=0.038454
  batch 950/1080  loss=0.050625
  batch 1000/1080  loss=0.043096
  batch 1050/1080  loss=0.038755
Epoch  39/50 | train 0.043996 | val 0.044043 | PSNR 16.31 dB | lr 2.5e-05 | 199s
  batch 1/1080  loss=0.046924
  batch 50/1080  loss=0.042006
  batch 100/1080  loss=0.034573
  batch 150/1080  loss=0.045261
  batch 200/1080  loss=0.045549
  batch 250/1080  loss=0.046950
  batch 300/1080  loss=0.039287
  batch 350/1080  loss=0.055813
  batch 400/1080  loss=0.044708
  batch 450/1080  loss=0.035041
  batch 500/1080  loss=0.048040
  batch 550/1080  loss=0.064861
  batch 600/1080  loss=0.036946
  batch 650/1080  loss=0.040542
  batch 700/1080  loss=0.042082
  batch 750/1080  loss=0.039383
  batch 800/1080  loss=0.045002
  batch 850/1080  loss=0.040477
  batch 900/1080  loss=0.038452
  batch 950/1080  loss=0.046839
  batch 1000/1080  loss=0.040428
  batch 1050/1080  loss=0.049671
Epoch  40/50 | train 0.043716 | val 0.043879 | PSNR 16.30 dB | lr 2.5e-05 | 199s
  batch 1/1080  loss=0.050209
  batch 50/1080  loss=0.050672
  batch 100/1080  loss=0.046971
  batch 150/1080  loss=0.040591
  batch 200/1080  loss=0.039553
  batch 250/1080  loss=0.037845
  batch 300/1080  loss=0.042291
  batch 350/1080  loss=0.042730
  batch 400/1080  loss=0.044916
  batch 450/1080  loss=0.044408
  batch 500/1080  loss=0.047685
  batch 550/1080  loss=0.039130
  batch 600/1080  loss=0.043628
  batch 650/1080  loss=0.048859
  batch 700/1080  loss=0.042944
  batch 750/1080  loss=0.046981
  batch 800/1080  loss=0.050562
  batch 850/1080  loss=0.029726
  batch 900/1080  loss=0.043310
  batch 950/1080  loss=0.042012
  batch 1000/1080  loss=0.037933
  batch 1050/1080  loss=0.045321
Epoch  41/50 | train 0.043920 | val 0.043886 | PSNR 16.32 dB | lr 2.5e-05 | 199s
  batch 1/1080  loss=0.049056
  batch 50/1080  loss=0.052225
  batch 100/1080  loss=0.040492
  batch 150/1080  loss=0.048408
  batch 200/1080  loss=0.048141
  batch 250/1080  loss=0.040669
  batch 300/1080  loss=0.048694
  batch 350/1080  loss=0.045004
  batch 400/1080  loss=0.031347
  batch 450/1080  loss=0.036655
  batch 500/1080  loss=0.046447
  batch 550/1080  loss=0.039273
  batch 600/1080  loss=0.049061
  batch 650/1080  loss=0.046224
  batch 700/1080  loss=0.029106
  batch 750/1080  loss=0.040397
  batch 800/1080  loss=0.041368
  batch 850/1080  loss=0.045671
  batch 900/1080  loss=0.051085
  batch 950/1080  loss=0.035699
  batch 1000/1080  loss=0.047430
  batch 1050/1080  loss=0.037355
Epoch  42/50 | train 0.043964 | val 0.043830 | PSNR 16.33 dB | lr 2.5e-05 | 200s
  batch 1/1080  loss=0.047798
  batch 50/1080  loss=0.049796
  batch 100/1080  loss=0.044225
  batch 150/1080  loss=0.042508
  batch 200/1080  loss=0.039104
  batch 250/1080  loss=0.042265
  batch 300/1080  loss=0.047056
  batch 350/1080  loss=0.045536
  batch 400/1080  loss=0.038155
  batch 450/1080  loss=0.031999
  batch 500/1080  loss=0.043382
  batch 550/1080  loss=0.047313
  batch 600/1080  loss=0.044777
  batch 650/1080  loss=0.048862
  batch 700/1080  loss=0.048114
  batch 750/1080  loss=0.040498
  batch 800/1080  loss=0.035952
  batch 850/1080  loss=0.042729
  batch 900/1080  loss=0.040278
  batch 950/1080  loss=0.045274
  batch 1000/1080  loss=0.045134
  batch 1050/1080  loss=0.032995
Epoch  43/50 | train 0.043738 | val 0.044171 | PSNR 16.27 dB | lr 2.5e-05 | 199s
  batch 1/1080  loss=0.040305
  batch 50/1080  loss=0.037541
  batch 100/1080  loss=0.036742
  batch 150/1080  loss=0.046129
  batch 200/1080  loss=0.031687
  batch 250/1080  loss=0.037676
  batch 300/1080  loss=0.046399
  batch 350/1080  loss=0.049739
  batch 400/1080  loss=0.039225
  batch 450/1080  loss=0.035171
  batch 500/1080  loss=0.039954
  batch 550/1080  loss=0.046011
  batch 600/1080  loss=0.038467
  batch 650/1080  loss=0.041693
  batch 700/1080  loss=0.047157
  batch 750/1080  loss=0.042506
  batch 800/1080  loss=0.046995
  batch 850/1080  loss=0.046955
  batch 900/1080  loss=0.044502
  batch 950/1080  loss=0.040875
  batch 1000/1080  loss=0.052828
  batch 1050/1080  loss=0.046578
Epoch  44/50 | train 0.043762 | val 0.044144 | PSNR 16.28 dB | lr 2.5e-05 | 198s
  batch 1/1080  loss=0.041344
  batch 50/1080  loss=0.046771
  batch 100/1080  loss=0.034356
  batch 150/1080  loss=0.044829
  batch 200/1080  loss=0.041099
  batch 250/1080  loss=0.050548
  batch 300/1080  loss=0.043696
  batch 350/1080  loss=0.037769
  batch 400/1080  loss=0.033933
  batch 450/1080  loss=0.041736
  batch 500/1080  loss=0.040598
  batch 550/1080  loss=0.064422
  batch 600/1080  loss=0.044205
  batch 650/1080  loss=0.048661
  batch 700/1080  loss=0.041370
  batch 750/1080  loss=0.047051
  batch 800/1080  loss=0.046613
  batch 850/1080  loss=0.054149
  batch 900/1080  loss=0.050837
  batch 950/1080  loss=0.047508
  batch 1000/1080  loss=0.053863
  batch 1050/1080  loss=0.045343
Epoch  45/50 | train 0.043903 | val 0.043892 | PSNR 16.28 dB | lr 1.3e-05 | 199s
  batch 1/1080  loss=0.043263
  batch 50/1080  loss=0.043105
  batch 100/1080  loss=0.060170
  batch 150/1080  loss=0.040831
  batch 200/1080  loss=0.044137
  batch 250/1080  loss=0.038421
  batch 300/1080  loss=0.043381
  batch 350/1080  loss=0.036701
  batch 400/1080  loss=0.037559
  batch 450/1080  loss=0.051140
  batch 500/1080  loss=0.044962
  batch 550/1080  loss=0.039538
  batch 600/1080  loss=0.041022
  batch 650/1080  loss=0.042907
  batch 700/1080  loss=0.035154
  batch 750/1080  loss=0.039377
  batch 800/1080  loss=0.044618
  batch 850/1080  loss=0.045085
  batch 900/1080  loss=0.041863
  batch 950/1080  loss=0.040661
  batch 1000/1080  loss=0.046359
  batch 1050/1080  loss=0.047516
Epoch  46/50 | train 0.043896 | val 0.044000 | PSNR 16.32 dB | lr 1.3e-05 | 199s
  batch 1/1080  loss=0.050698
  batch 50/1080  loss=0.049743
  batch 100/1080  loss=0.034957
  batch 150/1080  loss=0.047717
  batch 200/1080  loss=0.043576
  batch 250/1080  loss=0.037671
  batch 300/1080  loss=0.043720
  batch 350/1080  loss=0.043170
  batch 400/1080  loss=0.043230
  batch 450/1080  loss=0.044590
  batch 500/1080  loss=0.039846
  batch 550/1080  loss=0.039642
  batch 600/1080  loss=0.036606
  batch 650/1080  loss=0.033974
  batch 700/1080  loss=0.045449
  batch 750/1080  loss=0.035564
  batch 800/1080  loss=0.035013
  batch 850/1080  loss=0.039317
  batch 900/1080  loss=0.044226
  batch 950/1080  loss=0.045080
  batch 1000/1080  loss=0.043903
  batch 1050/1080  loss=0.043543
Epoch  47/50 | train 0.043794 | val 0.044221 | PSNR 16.29 dB | lr 1.3e-05 | 198s
  batch 1/1080  loss=0.055963
  batch 50/1080  loss=0.036243
  batch 100/1080  loss=0.042828
  batch 150/1080  loss=0.043619
  batch 200/1080  loss=0.038875
  batch 250/1080  loss=0.036427
  batch 300/1080  loss=0.050506
  batch 350/1080  loss=0.053938
  batch 400/1080  loss=0.036642
  batch 450/1080  loss=0.046867
  batch 500/1080  loss=0.040084
  batch 550/1080  loss=0.045394
  batch 600/1080  loss=0.049307
  batch 650/1080  loss=0.048809
  batch 700/1080  loss=0.038134
  batch 750/1080  loss=0.042451
  batch 800/1080  loss=0.037961
  batch 850/1080  loss=0.045799
  batch 900/1080  loss=0.036999
  batch 950/1080  loss=0.053147
  batch 1000/1080  loss=0.029675
  batch 1050/1080  loss=0.048626
Epoch  48/50 | train 0.043801 | val 0.043810 | PSNR 16.33 dB | lr 1.3e-05 | 198s
  batch 1/1080  loss=0.040969
  batch 50/1080  loss=0.042764
  batch 100/1080  loss=0.040309
  batch 150/1080  loss=0.053765
  batch 200/1080  loss=0.050417
  batch 250/1080  loss=0.045713
  batch 300/1080  loss=0.040669
  batch 350/1080  loss=0.058833
  batch 400/1080  loss=0.042759
  batch 450/1080  loss=0.049322
  batch 500/1080  loss=0.041219
  batch 550/1080  loss=0.044128
  batch 600/1080  loss=0.047576
  batch 650/1080  loss=0.049993
  batch 700/1080  loss=0.043378
  batch 750/1080  loss=0.046877
  batch 800/1080  loss=0.039207
  batch 850/1080  loss=0.038515
  batch 900/1080  loss=0.039486
  batch 950/1080  loss=0.040972
  batch 1000/1080  loss=0.039773
  batch 1050/1080  loss=0.047060
Epoch  49/50 | train 0.043842 | val 0.043868 | PSNR 16.32 dB | lr 1.3e-05 | 199s
  batch 1/1080  loss=0.041812
  batch 50/1080  loss=0.048933
  batch 100/1080  loss=0.046386
  batch 150/1080  loss=0.038393
  batch 200/1080  loss=0.047073
  batch 250/1080  loss=0.039734
  batch 300/1080  loss=0.046222
  batch 350/1080  loss=0.043073
  batch 400/1080  loss=0.045042
  batch 450/1080  loss=0.037760
  batch 500/1080  loss=0.051918
  batch 550/1080  loss=0.039117
  batch 600/1080  loss=0.048808
  batch 650/1080  loss=0.038673
  batch 700/1080  loss=0.039410
  batch 750/1080  loss=0.043906
  batch 800/1080  loss=0.046481
  batch 850/1080  loss=0.036063
  batch 900/1080  loss=0.043508
  batch 950/1080  loss=0.046875
  batch 1000/1080  loss=0.046173
  batch 1050/1080  loss=0.033649
Epoch  50/50 | train 0.043846 | val 0.044133 | PSNR 16.27 dB | lr 1.3e-05 | 198s
Training complete.
