Device: mps | mode: stack2 | checkpoints: checkpoints_run8
Dropped 96 rotated pairs (relative roll > 0.1 deg)
WCS offsets loaded: 116 exposures (40 above 0.3 px)
Stack dataset: 43 units (>=3 same-roll exposures), sizes 3-20, 34 clusters dropped (<3 files)
Slots: 43 total, 34 train, 9 val
Samples: 4352 train, 1152 val
Model: 989,617 parameters
  batch 1/544  loss=1.900265
  batch 50/544  loss=0.076565
  batch 100/544  loss=0.050021
  batch 150/544  loss=0.054881
  batch 200/544  loss=0.052681
  batch 250/544  loss=0.053071
  batch 300/544  loss=0.049911
  batch 350/544  loss=0.037419
  batch 400/544  loss=0.051165
  batch 450/544  loss=0.046797
  batch 500/544  loss=0.053120
Epoch   1/50 | train 0.060774 | val 0.046540 | PSNR 21.32 dB | lr 1.0e-04 | 170s
  -> saved best.pth (val_loss=0.046540)
  batch 1/544  loss=0.040876
  batch 50/544  loss=0.046941
  batch 100/544  loss=0.036399
  batch 150/544  loss=0.042066
  batch 200/544  loss=0.047735
  batch 250/544  loss=0.051249
  batch 300/544  loss=0.031155
  batch 350/544  loss=0.040518
  batch 400/544  loss=0.027245
  batch 450/544  loss=0.034611
  batch 500/544  loss=0.038527
Epoch   2/50 | train 0.040709 | val 0.043039 | PSNR 22.34 dB | lr 1.0e-04 | 165s
  -> saved best.pth (val_loss=0.043039)
  batch 1/544  loss=0.042127
  batch 50/544  loss=0.034511
  batch 100/544  loss=0.039073
  batch 150/544  loss=0.040044
  batch 200/544  loss=0.031696
  batch 250/544  loss=0.044448
  batch 300/544  loss=0.038309
  batch 350/544  loss=0.045013
  batch 400/544  loss=0.047905
  batch 450/544  loss=0.043404
  batch 500/544  loss=0.031808
Epoch   3/50 | train 0.038562 | val 0.039557 | PSNR 22.99 dB | lr 1.0e-04 | 163s
  -> saved best.pth (val_loss=0.039557)
  batch 1/544  loss=0.044274
  batch 50/544  loss=0.036947
  batch 100/544  loss=0.037483
  batch 150/544  loss=0.027076
  batch 200/544  loss=0.043180
  batch 250/544  loss=0.040082
  batch 300/544  loss=0.039271
  batch 350/544  loss=0.034734
  batch 400/544  loss=0.037987
  batch 450/544  loss=0.024916
  batch 500/544  loss=0.049315
Epoch   4/50 | train 0.037046 | val 0.039768 | PSNR 22.96 dB | lr 1.0e-04 | 163s
  batch 1/544  loss=0.040005
  batch 50/544  loss=0.042863
  batch 100/544  loss=0.042867
  batch 150/544  loss=0.025056
  batch 200/544  loss=0.053345
  batch 250/544  loss=0.043822
  batch 300/544  loss=0.032809
  batch 350/544  loss=0.040385
  batch 400/544  loss=0.042229
  batch 450/544  loss=0.036067
  batch 500/544  loss=0.033493
Epoch   5/50 | train 0.036132 | val 0.039777 | PSNR 22.95 dB | lr 1.0e-04 | 163s
  batch 1/544  loss=0.034347
  batch 50/544  loss=0.036308
  batch 100/544  loss=0.028729
  batch 150/544  loss=0.028350
  batch 200/544  loss=0.039167
  batch 250/544  loss=0.033777
  batch 300/544  loss=0.041222
  batch 350/544  loss=0.036500
  batch 400/544  loss=0.029919
  batch 450/544  loss=0.051310
  batch 500/544  loss=0.035570
Epoch   6/50 | train 0.035448 | val 0.038247 | PSNR 23.32 dB | lr 1.0e-04 | 163s
  -> saved best.pth (val_loss=0.038247)
  batch 1/544  loss=0.026296
  batch 50/544  loss=0.039328
  batch 100/544  loss=0.030109
  batch 150/544  loss=0.033692
  batch 200/544  loss=0.034564
  batch 250/544  loss=0.020043
  batch 300/544  loss=0.036573
  batch 350/544  loss=0.026182
  batch 400/544  loss=0.029857
  batch 450/544  loss=0.020247
  batch 500/544  loss=0.046014
Epoch   7/50 | train 0.035424 | val 0.038544 | PSNR 23.33 dB | lr 1.0e-04 | 163s
  batch 1/544  loss=0.048675
  batch 50/544  loss=0.032025
  batch 100/544  loss=0.041734
  batch 150/544  loss=0.032658
  batch 200/544  loss=0.031605
  batch 250/544  loss=0.046305
  batch 300/544  loss=0.036326
  batch 350/544  loss=0.027981
  batch 400/544  loss=0.060104
  batch 450/544  loss=0.041146
  batch 500/544  loss=0.022046
Epoch   8/50 | train 0.035389 | val 0.038351 | PSNR 23.37 dB | lr 1.0e-04 | 163s
  batch 1/544  loss=0.031064
  batch 50/544  loss=0.050776
  batch 100/544  loss=0.032726
  batch 150/544  loss=0.023387
  batch 200/544  loss=0.051083
  batch 250/544  loss=0.042901
  batch 300/544  loss=0.042729
  batch 350/544  loss=0.034827
  batch 400/544  loss=0.047969
  batch 450/544  loss=0.037838
  batch 500/544  loss=0.024635
Epoch   9/50 | train 0.035195 | val 0.038073 | PSNR 23.46 dB | lr 1.0e-04 | 163s
  -> saved best.pth (val_loss=0.038073)
  batch 1/544  loss=0.034055
  batch 50/544  loss=0.035220
  batch 100/544  loss=0.035991
  batch 150/544  loss=0.031985
  batch 200/544  loss=0.050635
  batch 250/544  loss=0.027363
  batch 300/544  loss=0.026914
  batch 350/544  loss=0.031903
  batch 400/544  loss=0.034604
  batch 450/544  loss=0.034631
  batch 500/544  loss=0.041523
Epoch  10/50 | train 0.034730 | val 0.038453 | PSNR 23.12 dB | lr 1.0e-04 | 163s
  batch 1/544  loss=0.046554
  batch 50/544  loss=0.024688
  batch 100/544  loss=0.030155
  batch 150/544  loss=0.030368
  batch 200/544  loss=0.023356
  batch 250/544  loss=0.035025
  batch 300/544  loss=0.038242
  batch 350/544  loss=0.036720
  batch 400/544  loss=0.029027
  batch 450/544  loss=0.034983
  batch 500/544  loss=0.025086
Epoch  11/50 | train 0.034473 | val 0.037825 | PSNR 23.34 dB | lr 1.0e-04 | 163s
  -> saved best.pth (val_loss=0.037825)
  batch 1/544  loss=0.044723
  batch 50/544  loss=0.035671
  batch 100/544  loss=0.033359
  batch 150/544  loss=0.045835
  batch 200/544  loss=0.025108
  batch 250/544  loss=0.023654
  batch 300/544  loss=0.031229
  batch 350/544  loss=0.035136
  batch 400/544  loss=0.027296
  batch 450/544  loss=0.039225
  batch 500/544  loss=0.035136
Epoch  12/50 | train 0.034616 | val 0.037823 | PSNR 23.44 dB | lr 1.0e-04 | 163s
  -> saved best.pth (val_loss=0.037823)
  batch 1/544  loss=0.029618
  batch 50/544  loss=0.029737
  batch 100/544  loss=0.034558
  batch 150/544  loss=0.037449
  batch 200/544  loss=0.029320
  batch 250/544  loss=0.040838
  batch 300/544  loss=0.025891
  batch 350/544  loss=0.044120
  batch 400/544  loss=0.018517
  batch 450/544  loss=0.028996
  batch 500/544  loss=0.034046
Epoch  13/50 | train 0.034088 | val 0.038939 | PSNR 23.42 dB | lr 1.0e-04 | 163s
  batch 1/544  loss=0.047535
  batch 50/544  loss=0.016877
  batch 100/544  loss=0.025323
  batch 150/544  loss=0.039510
  batch 200/544  loss=0.026127
  batch 250/544  loss=0.033339
  batch 300/544  loss=0.046668
  batch 350/544  loss=0.036359
  batch 400/544  loss=0.041937
  batch 450/544  loss=0.040960
  batch 500/544  loss=0.035623
Epoch  14/50 | train 0.034897 | val 0.037599 | PSNR 23.47 dB | lr 1.0e-04 | 163s
  -> saved best.pth (val_loss=0.037599)
  batch 1/544  loss=0.025101
  batch 50/544  loss=0.042658
  batch 100/544  loss=0.039018
  batch 150/544  loss=0.042393
  batch 200/544  loss=0.040229
  batch 250/544  loss=0.035819
  batch 300/544  loss=0.036402
  batch 350/544  loss=0.026536
  batch 400/544  loss=0.036301
  batch 450/544  loss=0.027840
  batch 500/544  loss=0.027640
Epoch  15/50 | train 0.034403 | val 0.037658 | PSNR 23.61 dB | lr 1.0e-04 | 163s
  batch 1/544  loss=0.045770
  batch 50/544  loss=0.036911
  batch 100/544  loss=0.023478
  batch 150/544  loss=0.047407
  batch 200/544  loss=0.039284
  batch 250/544  loss=0.034276
  batch 300/544  loss=0.042673
  batch 350/544  loss=0.023666
  batch 400/544  loss=0.037226
  batch 450/544  loss=0.034493
  batch 500/544  loss=0.027195
Epoch  16/50 | train 0.033895 | val 0.037134 | PSNR 23.49 dB | lr 1.0e-04 | 163s
  -> saved best.pth (val_loss=0.037134)
  batch 1/544  loss=0.026008
  batch 50/544  loss=0.022247
  batch 100/544  loss=0.039766
  batch 150/544  loss=0.031366
  batch 200/544  loss=0.029615
  batch 250/544  loss=0.027227
  batch 300/544  loss=0.033022
  batch 350/544  loss=0.037651
  batch 400/544  loss=0.040231
  batch 450/544  loss=0.037563
  batch 500/544  loss=0.032943
Epoch  17/50 | train 0.033839 | val 0.037457 | PSNR 23.49 dB | lr 1.0e-04 | 162s
  batch 1/544  loss=0.037780
  batch 50/544  loss=0.046442
  batch 100/544  loss=0.043215
  batch 150/544  loss=0.019837
  batch 200/544  loss=0.031714
  batch 250/544  loss=0.034562
  batch 300/544  loss=0.038998
  batch 350/544  loss=0.047007
  batch 400/544  loss=0.047616
  batch 450/544  loss=0.027794
  batch 500/544  loss=0.042889
Epoch  18/50 | train 0.034035 | val 0.036871 | PSNR 23.70 dB | lr 1.0e-04 | 163s
  -> saved best.pth (val_loss=0.036871)
  batch 1/544  loss=0.050266
  batch 50/544  loss=0.041160
  batch 100/544  loss=0.032584
  batch 150/544  loss=0.030268
  batch 200/544  loss=0.034389
  batch 250/544  loss=0.026245
  batch 300/544  loss=0.029570
  batch 350/544  loss=0.051011
  batch 400/544  loss=0.042165
  batch 450/544  loss=0.031492
  batch 500/544  loss=0.019878
Epoch  19/50 | train 0.034088 | val 0.037687 | PSNR 23.47 dB | lr 1.0e-04 | 163s
  batch 1/544  loss=0.027433
  batch 50/544  loss=0.047332
  batch 100/544  loss=0.024561
  batch 150/544  loss=0.036644
  batch 200/544  loss=0.045638
  batch 250/544  loss=0.020453
  batch 300/544  loss=0.026762
  batch 350/544  loss=0.032036
  batch 400/544  loss=0.034763
  batch 450/544  loss=0.029889
  batch 500/544  loss=0.036631
Epoch  20/50 | train 0.034080 | val 0.037039 | PSNR 23.64 dB | lr 1.0e-04 | 163s
  batch 1/544  loss=0.024934
  batch 50/544  loss=0.034510
  batch 100/544  loss=0.024306
  batch 150/544  loss=0.038138
  batch 200/544  loss=0.045172
  batch 250/544  loss=0.037371
  batch 300/544  loss=0.030479
  batch 350/544  loss=0.024740
  batch 400/544  loss=0.042936
  batch 450/544  loss=0.020392
  batch 500/544  loss=0.029268
Epoch  21/50 | train 0.033697 | val 0.037411 | PSNR 23.53 dB | lr 1.0e-04 | 163s
  batch 1/544  loss=0.036653
  batch 50/544  loss=0.041391
  batch 100/544  loss=0.033918
  batch 150/544  loss=0.034448
  batch 200/544  loss=0.037998
  batch 250/544  loss=0.032884
  batch 300/544  loss=0.026287
  batch 350/544  loss=0.045195
  batch 400/544  loss=0.036913
  batch 450/544  loss=0.030715
  batch 500/544  loss=0.039982
Epoch  22/50 | train 0.033963 | val 0.036756 | PSNR 23.70 dB | lr 1.0e-04 | 163s
  -> saved best.pth (val_loss=0.036756)
  batch 1/544  loss=0.041494
  batch 50/544  loss=0.033187
  batch 100/544  loss=0.037394
  batch 150/544  loss=0.029329
  batch 200/544  loss=0.019660
  batch 250/544  loss=0.026176
  batch 300/544  loss=0.051031
  batch 350/544  loss=0.033783
  batch 400/544  loss=0.034692
  batch 450/544  loss=0.028126
  batch 500/544  loss=0.022612
Epoch  23/50 | train 0.033971 | val 0.038078 | PSNR 23.45 dB | lr 1.0e-04 | 163s
  batch 1/544  loss=0.045989
  batch 50/544  loss=0.032540
  batch 100/544  loss=0.025253
  batch 150/544  loss=0.037023
  batch 200/544  loss=0.046155
  batch 250/544  loss=0.021955
  batch 300/544  loss=0.035814
  batch 350/544  loss=0.041994
  batch 400/544  loss=0.040816
  batch 450/544  loss=0.024891
  batch 500/544  loss=0.016940
Epoch  24/50 | train 0.033976 | val 0.037214 | PSNR 23.54 dB | lr 1.0e-04 | 163s
  batch 1/544  loss=0.031075
  batch 50/544  loss=0.042778
  batch 100/544  loss=0.045689
  batch 150/544  loss=0.034117
  batch 200/544  loss=0.029204
  batch 250/544  loss=0.031565
  batch 300/544  loss=0.034472
  batch 350/544  loss=0.038267
  batch 400/544  loss=0.053483
  batch 450/544  loss=0.028307
  batch 500/544  loss=0.030272
Epoch  25/50 | train 0.033914 | val 0.037069 | PSNR 23.69 dB | lr 1.0e-04 | 163s
  batch 1/544  loss=0.023031
  batch 50/544  loss=0.029155
  batch 100/544  loss=0.028128
  batch 150/544  loss=0.033519
  batch 200/544  loss=0.043448
  batch 250/544  loss=0.024058
  batch 300/544  loss=0.023257
  batch 350/544  loss=0.035323
  batch 400/544  loss=0.035736
  batch 450/544  loss=0.024900
  batch 500/544  loss=0.037818
Epoch  26/50 | train 0.033609 | val 0.037502 | PSNR 23.43 dB | lr 1.0e-04 | 163s
  batch 1/544  loss=0.025210
  batch 50/544  loss=0.032509
  batch 100/544  loss=0.034502
  batch 150/544  loss=0.018717
  batch 200/544  loss=0.023835
  batch 250/544  loss=0.028469
  batch 300/544  loss=0.037297
  batch 350/544  loss=0.029990
  batch 400/544  loss=0.033978
  batch 450/544  loss=0.031496
  batch 500/544  loss=0.028323
Epoch  27/50 | train 0.033591 | val 0.037141 | PSNR 23.61 dB | lr 1.0e-04 | 163s
  batch 1/544  loss=0.047812
  batch 50/544  loss=0.036054
  batch 100/544  loss=0.024755
  batch 150/544  loss=0.030505
  batch 200/544  loss=0.039689
  batch 250/544  loss=0.030536
  batch 300/544  loss=0.031162
  batch 350/544  loss=0.037727
  batch 400/544  loss=0.043570
  batch 450/544  loss=0.029317
  batch 500/544  loss=0.019119
Epoch  28/50 | train 0.033372 | val 0.037965 | PSNR 23.29 dB | lr 5.0e-05 | 163s
  batch 1/544  loss=0.025237
  batch 50/544  loss=0.032772
  batch 100/544  loss=0.034405
  batch 150/544  loss=0.033733
  batch 200/544  loss=0.030729
  batch 250/544  loss=0.036647
  batch 300/544  loss=0.050707
  batch 350/544  loss=0.045685
  batch 400/544  loss=0.034759
  batch 450/544  loss=0.024291
  batch 500/544  loss=0.033116
Epoch  29/50 | train 0.033338 | val 0.037151 | PSNR 23.57 dB | lr 5.0e-05 | 163s
  batch 1/544  loss=0.050196
  batch 50/544  loss=0.046950
  batch 100/544  loss=0.024407
  batch 150/544  loss=0.028065
  batch 200/544  loss=0.027764
  batch 250/544  loss=0.030067
  batch 300/544  loss=0.028390
  batch 350/544  loss=0.036095
  batch 400/544  loss=0.031837
  batch 450/544  loss=0.044477
  batch 500/544  loss=0.018934
Epoch  30/50 | train 0.033262 | val 0.036797 | PSNR 23.57 dB | lr 5.0e-05 | 163s
  batch 1/544  loss=0.031036
  batch 50/544  loss=0.034082
  batch 100/544  loss=0.029986
  batch 150/544  loss=0.028782
  batch 200/544  loss=0.046255
  batch 250/544  loss=0.042337
  batch 300/544  loss=0.039534
  batch 350/544  loss=0.026906
  batch 400/544  loss=0.040026
  batch 450/544  loss=0.044665
  batch 500/544  loss=0.032196
Epoch  31/50 | train 0.033188 | val 0.036747 | PSNR 23.82 dB | lr 5.0e-05 | 165s
  -> saved best.pth (val_loss=0.036747)
  batch 1/544  loss=0.039567
  batch 50/544  loss=0.034742
  batch 100/544  loss=0.023918
