Device: mps
Dropped 96 rotated pairs (relative roll > 0.1 deg)
Pairs: 890 total, 712 train, 178 val
Samples: 5696 train, 1424 val
Model: 988,609 parameters
  batch 1/712  loss=2.469656
  batch 50/712  loss=0.072926
  batch 100/712  loss=0.060665
  batch 150/712  loss=0.062921
  batch 200/712  loss=0.051514
  batch 250/712  loss=0.079549
  batch 300/712  loss=0.044890
  batch 350/712  loss=0.051543
  batch 400/712  loss=0.049532
  batch 450/712  loss=0.053580
  batch 500/712  loss=0.044743
  batch 550/712  loss=0.046875
  batch 600/712  loss=0.060180
  batch 650/712  loss=0.045792
  batch 700/712  loss=0.068946
Epoch   1/50 | train 0.061518 | val 0.053667 | PSNR 14.61 dB | lr 1.0e-04 | 145s
  -> saved best.pth (val_loss=0.053667)
  batch 1/712  loss=0.051674
  batch 50/712  loss=0.056067
  batch 100/712  loss=0.043844
  batch 150/712  loss=0.042651
  batch 200/712  loss=0.054342
  batch 250/712  loss=0.051090
  batch 300/712  loss=0.047184
  batch 350/712  loss=0.049227
  batch 400/712  loss=0.048938
  batch 450/712  loss=0.045781
  batch 500/712  loss=0.050972
  batch 550/712  loss=0.045494
  batch 600/712  loss=0.052266
  batch 650/712  loss=0.061037
  batch 700/712  loss=0.047290
Epoch   2/50 | train 0.051994 | val 0.052414 | PSNR 14.72 dB | lr 1.0e-04 | 131s
  -> saved best.pth (val_loss=0.052414)
  batch 1/712  loss=0.059825
  batch 50/712  loss=0.044724
  batch 100/712  loss=0.057277
  batch 150/712  loss=0.063872
  batch 200/712  loss=0.046411
  batch 250/712  loss=0.060868
  batch 300/712  loss=0.049853
  batch 350/712  loss=0.058203
  batch 400/712  loss=0.044266
  batch 450/712  loss=0.058693
  batch 500/712  loss=0.058586
  batch 550/712  loss=0.055910
  batch 600/712  loss=0.052950
  batch 650/712  loss=0.043752
  batch 700/712  loss=0.053271
Epoch   3/50 | train 0.051409 | val 0.051937 | PSNR 14.70 dB | lr 1.0e-04 | 131s
  -> saved best.pth (val_loss=0.051937)
  batch 1/712  loss=0.063764
  batch 50/712  loss=0.053544
  batch 100/712  loss=0.050617
  batch 150/712  loss=0.053381
  batch 200/712  loss=0.049843
  batch 250/712  loss=0.058969
  batch 300/712  loss=0.047334
  batch 350/712  loss=0.046827
  batch 400/712  loss=0.049107
  batch 450/712  loss=0.045805
  batch 500/712  loss=0.050055
  batch 550/712  loss=0.046886
  batch 600/712  loss=0.052717
  batch 650/712  loss=0.048487
  batch 700/712  loss=0.041945
Epoch   4/50 | train 0.051328 | val 0.052359 | PSNR 14.72 dB | lr 1.0e-04 | 131s
  batch 1/712  loss=0.053733
  batch 50/712  loss=0.061522
  batch 100/712  loss=0.064877
  batch 150/712  loss=0.051557
  batch 200/712  loss=0.047292
  batch 250/712  loss=0.050347
  batch 300/712  loss=0.056595
  batch 350/712  loss=0.047083
  batch 400/712  loss=0.046907
  batch 450/712  loss=0.052076
  batch 500/712  loss=0.049236
  batch 550/712  loss=0.043964
  batch 600/712  loss=0.055121
  batch 650/712  loss=0.047251
  batch 700/712  loss=0.041596
Epoch   5/50 | train 0.050574 | val 0.051338 | PSNR 14.76 dB | lr 1.0e-04 | 131s
  -> saved best.pth (val_loss=0.051338)
  batch 1/712  loss=0.048862
  batch 50/712  loss=0.041721
  batch 100/712  loss=0.051947
  batch 150/712  loss=0.047788
  batch 200/712  loss=0.048178
  batch 250/712  loss=0.050833
  batch 300/712  loss=0.044123
  batch 350/712  loss=0.049775
  batch 400/712  loss=0.046538
  batch 450/712  loss=0.052156
  batch 500/712  loss=0.046328
  batch 550/712  loss=0.061444
  batch 600/712  loss=0.041996
  batch 650/712  loss=0.061671
  batch 700/712  loss=0.050844
Epoch   6/50 | train 0.050462 | val 0.051702 | PSNR 14.69 dB | lr 1.0e-04 | 131s
  batch 1/712  loss=0.058450
  batch 50/712  loss=0.056088
  batch 100/712  loss=0.045345
  batch 150/712  loss=0.064631
  batch 200/712  loss=0.047917
  batch 250/712  loss=0.061618
  batch 300/712  loss=0.051095
  batch 350/712  loss=0.058729
  batch 400/712  loss=0.049662
  batch 450/712  loss=0.053559
  batch 500/712  loss=0.054988
  batch 550/712  loss=0.047703
  batch 600/712  loss=0.055782
  batch 650/712  loss=0.053356
  batch 700/712  loss=0.050067
Epoch   7/50 | train 0.050465 | val 0.051875 | PSNR 14.72 dB | lr 1.0e-04 | 131s
  batch 1/712  loss=0.044931
  batch 50/712  loss=0.048151
  batch 100/712  loss=0.043734
  batch 150/712  loss=0.045003
  batch 200/712  loss=0.045992
  batch 250/712  loss=0.049750
  batch 300/712  loss=0.046758
  batch 350/712  loss=0.060226
  batch 400/712  loss=0.048023
  batch 450/712  loss=0.050998
  batch 500/712  loss=0.040101
  batch 550/712  loss=0.052993
  batch 600/712  loss=0.048891
  batch 650/712  loss=0.051082
  batch 700/712  loss=0.051135
Epoch   8/50 | train 0.050311 | val 0.051570 | PSNR 14.74 dB | lr 1.0e-04 | 131s
  batch 1/712  loss=0.049748
  batch 50/712  loss=0.049699
  batch 100/712  loss=0.046548
  batch 150/712  loss=0.044446
  batch 200/712  loss=0.050203
  batch 250/712  loss=0.041327
  batch 300/712  loss=0.051478
  batch 350/712  loss=0.056605
  batch 400/712  loss=0.047729
  batch 450/712  loss=0.058213
  batch 500/712  loss=0.046271
  batch 550/712  loss=0.041765
  batch 600/712  loss=0.051641
  batch 650/712  loss=0.044899
  batch 700/712  loss=0.048806
Epoch   9/50 | train 0.050509 | val 0.051477 | PSNR 14.73 dB | lr 1.0e-04 | 131s
  batch 1/712  loss=0.046531
  batch 50/712  loss=0.052995
  batch 100/712  loss=0.045571
  batch 150/712  loss=0.047466
  batch 200/712  loss=0.056511
  batch 250/712  loss=0.052449
  batch 300/712  loss=0.048636
  batch 350/712  loss=0.040539
  batch 400/712  loss=0.063223
  batch 450/712  loss=0.048457
  batch 500/712  loss=0.054776
  batch 550/712  loss=0.042378
  batch 600/712  loss=0.047985
  batch 650/712  loss=0.051725
  batch 700/712  loss=0.055107
Epoch  10/50 | train 0.050310 | val 0.051768 | PSNR 14.74 dB | lr 1.0e-04 | 132s
  batch 1/712  loss=0.045030
  batch 50/712  loss=0.049959
  batch 100/712  loss=0.052869
  batch 150/712  loss=0.055632
  batch 200/712  loss=0.055444
  batch 250/712  loss=0.046484
  batch 300/712  loss=0.049669
  batch 350/712  loss=0.052984
  batch 400/712  loss=0.061267
  batch 450/712  loss=0.043464
  batch 500/712  loss=0.058443
  batch 550/712  loss=0.047599
  batch 600/712  loss=0.044318
  batch 650/712  loss=0.049574
  batch 700/712  loss=0.043532
Epoch  11/50 | train 0.050123 | val 0.051859 | PSNR 14.69 dB | lr 5.0e-05 | 131s
  batch 1/712  loss=0.045022
  batch 50/712  loss=0.047308
  batch 100/712  loss=0.066092
  batch 150/712  loss=0.052274
  batch 200/712  loss=0.042696
  batch 250/712  loss=0.046226
  batch 300/712  loss=0.042247
  batch 350/712  loss=0.044354
  batch 400/712  loss=0.054699
  batch 450/712  loss=0.046533
  batch 500/712  loss=0.045975
  batch 550/712  loss=0.046842
  batch 600/712  loss=0.050951
  batch 650/712  loss=0.057102
  batch 700/712  loss=0.048590
Epoch  12/50 | train 0.050048 | val 0.051441 | PSNR 14.73 dB | lr 5.0e-05 | 131s
  batch 1/712  loss=0.050278
  batch 50/712  loss=0.042489
  batch 100/712  loss=0.041747
  batch 150/712  loss=0.042604
  batch 200/712  loss=0.045493
  batch 250/712  loss=0.040765
  batch 300/712  loss=0.044567
  batch 350/712  loss=0.051587
  batch 400/712  loss=0.044621
  batch 450/712  loss=0.051948
  batch 500/712  loss=0.057100
  batch 550/712  loss=0.050194
  batch 600/712  loss=0.043165
  batch 650/712  loss=0.044331
  batch 700/712  loss=0.042225
Epoch  13/50 | train 0.049868 | val 0.051523 | PSNR 14.71 dB | lr 5.0e-05 | 131s
  batch 1/712  loss=0.045449
  batch 50/712  loss=0.049630
  batch 100/712  loss=0.048372
  batch 150/712  loss=0.045856
  batch 200/712  loss=0.046449
  batch 250/712  loss=0.047602
  batch 300/712  loss=0.042846
  batch 350/712  loss=0.052077
  batch 400/712  loss=0.046227
  batch 450/712  loss=0.048690
  batch 500/712  loss=0.049285
  batch 550/712  loss=0.050848
  batch 600/712  loss=0.050894
  batch 650/712  loss=0.042383
  batch 700/712  loss=0.045606
Epoch  14/50 | train 0.049620 | val 0.050287 | PSNR 14.81 dB | lr 5.0e-05 | 131s
  -> saved best.pth (val_loss=0.050287)
  batch 1/712  loss=0.054634
  batch 50/712  loss=0.062979
  batch 100/712  loss=0.045434
  batch 150/712  loss=0.043237
  batch 200/712  loss=0.040484
  batch 250/712  loss=0.043091
  batch 300/712  loss=0.048048
  batch 350/712  loss=0.051471
  batch 400/712  loss=0.044711
  batch 450/712  loss=0.043863
  batch 500/712  loss=0.046750
  batch 550/712  loss=0.054552
  batch 600/712  loss=0.045921
  batch 650/712  loss=0.049844
  batch 700/712  loss=0.044480
Epoch  15/50 | train 0.049963 | val 0.050490 | PSNR 14.81 dB | lr 5.0e-05 | 131s
  batch 1/712  loss=0.059013
  batch 50/712  loss=0.045883
  batch 100/712  loss=0.044017
  batch 150/712  loss=0.042827
  batch 200/712  loss=0.050053
  batch 250/712  loss=0.045174
  batch 300/712  loss=0.048097
  batch 350/712  loss=0.045421
  batch 400/712  loss=0.045336
  batch 450/712  loss=0.049308
  batch 500/712  loss=0.048041
  batch 550/712  loss=0.046102
  batch 600/712  loss=0.044561
  batch 650/712  loss=0.053709
  batch 700/712  loss=0.041018
Epoch  16/50 | train 0.049835 | val 0.051247 | PSNR 14.75 dB | lr 5.0e-05 | 131s
  batch 1/712  loss=0.044284
  batch 50/712  loss=0.043878
  batch 100/712  loss=0.051864
  batch 150/712  loss=0.043199
  batch 200/712  loss=0.058958
  batch 250/712  loss=0.046406
  batch 300/712  loss=0.048556
  batch 350/712  loss=0.044470
  batch 400/712  loss=0.047719
  batch 450/712  loss=0.050638
  batch 500/712  loss=0.042670
  batch 550/712  loss=0.050564
  batch 600/712  loss=0.050498
  batch 650/712  loss=0.046122
  batch 700/712  loss=0.046730
Epoch  17/50 | train 0.049658 | val 0.050969 | PSNR 14.77 dB | lr 5.0e-05 | 131s
  batch 1/712  loss=0.049889
  batch 50/712  loss=0.050920
  batch 100/712  loss=0.044859
  batch 150/712  loss=0.047484
  batch 200/712  loss=0.048212
  batch 250/712  loss=0.048434
  batch 300/712  loss=0.041708
  batch 350/712  loss=0.045992
  batch 400/712  loss=0.055847
  batch 450/712  loss=0.050884
  batch 500/712  loss=0.059580
  batch 550/712  loss=0.043534
  batch 600/712  loss=0.055957
  batch 650/712  loss=0.044238
  batch 700/712  loss=0.049269
Epoch  18/50 | train 0.049666 | val 0.050893 | PSNR 14.74 dB | lr 5.0e-05 | 131s
  batch 1/712  loss=0.051160
  batch 50/712  loss=0.042146
  batch 100/712  loss=0.047242
  batch 150/712  loss=0.049080
  batch 200/712  loss=0.045663
  batch 250/712  loss=0.069068
  batch 300/712  loss=0.053937
  batch 350/712  loss=0.047606
  batch 400/712  loss=0.041804
  batch 450/712  loss=0.043513
  batch 500/712  loss=0.058356
  batch 550/712  loss=0.042196
  batch 600/712  loss=0.050164
  batch 650/712  loss=0.047568
  batch 700/712  loss=0.044081
Epoch  19/50 | train 0.049784 | val 0.050460 | PSNR 14.79 dB | lr 5.0e-05 | 131s
  batch 1/712  loss=0.047132
  batch 50/712  loss=0.043758
  batch 100/712  loss=0.052706
  batch 150/712  loss=0.046890
  batch 200/712  loss=0.044671
  batch 250/712  loss=0.043467
  batch 300/712  loss=0.060346
  batch 350/712  loss=0.049953
  batch 400/712  loss=0.061799
  batch 450/712  loss=0.050241
  batch 500/712  loss=0.046508
  batch 550/712  loss=0.048897
  batch 600/712  loss=0.044105
  batch 650/712  loss=0.052132
  batch 700/712  loss=0.047525
Epoch  20/50 | train 0.049652 | val 0.050822 | PSNR 14.76 dB | lr 2.5e-05 | 131s
  batch 1/712  loss=0.044870
  batch 50/712  loss=0.052668
  batch 100/712  loss=0.046662
  batch 150/712  loss=0.046987
  batch 200/712  loss=0.052762
  batch 250/712  loss=0.047604
  batch 300/712  loss=0.047379
  batch 350/712  loss=0.046922
  batch 400/712  loss=0.061603
  batch 450/712  loss=0.053728
  batch 500/712  loss=0.043977
  batch 550/712  loss=0.053304
  batch 600/712  loss=0.046365
  batch 650/712  loss=0.045854
  batch 700/712  loss=0.042612
Epoch  21/50 | train 0.049648 | val 0.050768 | PSNR 14.72 dB | lr 2.5e-05 | 132s
  batch 1/712  loss=0.046768
  batch 50/712  loss=0.059380
  batch 100/712  loss=0.048801
  batch 150/712  loss=0.055949
  batch 200/712  loss=0.049289
  batch 250/712  loss=0.043904
  batch 300/712  loss=0.049380
  batch 350/712  loss=0.054427
  batch 400/712  loss=0.067583
  batch 450/712  loss=0.047238
  batch 500/712  loss=0.049845
  batch 550/712  loss=0.052732
  batch 600/712  loss=0.046146
  batch 650/712  loss=0.050671
  batch 700/712  loss=0.040121
Epoch  22/50 | train 0.049661 | val 0.050806 | PSNR 14.75 dB | lr 2.5e-05 | 131s
  batch 1/712  loss=0.044772
  batch 50/712  loss=0.057739
  batch 100/712  loss=0.044495
  batch 150/712  loss=0.051987
  batch 200/712  loss=0.043415
  batch 250/712  loss=0.057597
  batch 300/712  loss=0.053729
  batch 350/712  loss=0.052024
  batch 400/712  loss=0.054334
  batch 450/712  loss=0.047356
  batch 500/712  loss=0.046474
  batch 550/712  loss=0.044794
  batch 600/712  loss=0.058324
  batch 650/712  loss=0.048828
  batch 700/712  loss=0.044824
Epoch  23/50 | train 0.049632 | val 0.051226 | PSNR 14.74 dB | lr 2.5e-05 | 131s
  batch 1/712  loss=0.047582
  batch 50/712  loss=0.048181
  batch 100/712  loss=0.048873
  batch 150/712  loss=0.054486
  batch 200/712  loss=0.047193
  batch 250/712  loss=0.045536
  batch 300/712  loss=0.051175
  batch 350/712  loss=0.046992
  batch 400/712  loss=0.054517
  batch 450/712  loss=0.055962
  batch 500/712  loss=0.048870
  batch 550/712  loss=0.054250
  batch 600/712  loss=0.050141
  batch 650/712  loss=0.048219
  batch 700/712  loss=0.054381
Epoch  24/50 | train 0.049635 | val 0.050644 | PSNR 14.79 dB | lr 2.5e-05 | 131s
  batch 1/712  loss=0.054808
  batch 50/712  loss=0.054962
  batch 100/712  loss=0.046313
  batch 150/712  loss=0.060685
  batch 200/712  loss=0.042135
  batch 250/712  loss=0.049266
  batch 300/712  loss=0.046452
  batch 350/712  loss=0.047572
  batch 400/712  loss=0.045086
  batch 450/712  loss=0.044519
  batch 500/712  loss=0.052076
  batch 550/712  loss=0.047808
  batch 600/712  loss=0.050260
  batch 650/712  loss=0.051364
  batch 700/712  loss=0.037822
Epoch  25/50 | train 0.049407 | val 0.051160 | PSNR 14.78 dB | lr 2.5e-05 | 131s
  batch 1/712  loss=0.048423
  batch 50/712  loss=0.042488
  batch 100/712  loss=0.044033
  batch 150/712  loss=0.055627
  batch 200/712  loss=0.048416
  batch 250/712  loss=0.044510
  batch 300/712  loss=0.045197
  batch 350/712  loss=0.053207
  batch 400/712  loss=0.053609
  batch 450/712  loss=0.048046
  batch 500/712  loss=0.045173
  batch 550/712  loss=0.050796
  batch 600/712  loss=0.043418
  batch 650/712  loss=0.055829
  batch 700/712  loss=0.050755
Epoch  26/50 | train 0.049383 | val 0.051408 | PSNR 14.73 dB | lr 1.3e-05 | 131s
  batch 1/712  loss=0.053105
  batch 50/712  loss=0.048490
  batch 100/712  loss=0.043741
  batch 150/712  loss=0.049877
  batch 200/712  loss=0.046683
  batch 250/712  loss=0.052594
  batch 300/712  loss=0.059258
  batch 350/712  loss=0.042955
  batch 400/712  loss=0.048102
  batch 450/712  loss=0.048274
  batch 500/712  loss=0.051113
  batch 550/712  loss=0.052881
  batch 600/712  loss=0.054296
  batch 650/712  loss=0.041488
  batch 700/712  loss=0.060835
Epoch  27/50 | train 0.049703 | val 0.050837 | PSNR 14.79 dB | lr 1.3e-05 | 131s
  batch 1/712  loss=0.059334
  batch 50/712  loss=0.056475
  batch 100/712  loss=0.043774
  batch 150/712  loss=0.046236
  batch 200/712  loss=0.052211
  batch 250/712  loss=0.047911
  batch 300/712  loss=0.046166
  batch 350/712  loss=0.047939
  batch 400/712  loss=0.046933
  batch 450/712  loss=0.039551
  batch 500/712  loss=0.042453
  batch 550/712  loss=0.051340
  batch 600/712  loss=0.068245
  batch 650/712  loss=0.052661
  batch 700/712  loss=0.048314
Epoch  28/50 | train 0.049501 | val 0.051478 | PSNR 14.70 dB | lr 1.3e-05 | 131s
  batch 1/712  loss=0.050077
  batch 50/712  loss=0.045636
  batch 100/712  loss=0.044901
  batch 150/712  loss=0.055542
  batch 200/712  loss=0.049221
  batch 250/712  loss=0.041800
  batch 300/712  loss=0.051673
  batch 350/712  loss=0.046199
  batch 400/712  loss=0.044743
  batch 450/712  loss=0.048307
  batch 500/712  loss=0.049749
  batch 550/712  loss=0.064476
  batch 600/712  loss=0.045344
  batch 650/712  loss=0.038136
  batch 700/712  loss=0.063768
Epoch  29/50 | train 0.049335 | val 0.050847 | PSNR 14.77 dB | lr 1.3e-05 | 131s
  batch 1/712  loss=0.046774
  batch 50/712  loss=0.053032
  batch 100/712  loss=0.045984
  batch 150/712  loss=0.045926
  batch 200/712  loss=0.052398
  batch 250/712  loss=0.047335
  batch 300/712  loss=0.052609
  batch 350/712  loss=0.052543
  batch 400/712  loss=0.053668
  batch 450/712  loss=0.067195
  batch 500/712  loss=0.059885
  batch 550/712  loss=0.052249
  batch 600/712  loss=0.043081
  batch 650/712  loss=0.049022
  batch 700/712  loss=0.055744
Epoch  30/50 | train 0.049428 | val 0.050681 | PSNR 14.72 dB | lr 1.3e-05 | 131s
  batch 1/712  loss=0.046479
  batch 50/712  loss=0.059974
  batch 100/712  loss=0.044906
  batch 150/712  loss=0.050640
  batch 200/712  loss=0.049733
  batch 250/712  loss=0.044008
  batch 300/712  loss=0.047678
  batch 350/712  loss=0.055922
  batch 400/712  loss=0.058493
  batch 450/712  loss=0.054508
  batch 500/712  loss=0.051849
  batch 550/712  loss=0.053277
  batch 600/712  loss=0.048887
  batch 650/712  loss=0.053829
  batch 700/712  loss=0.044771
Epoch  31/50 | train 0.049613 | val 0.050471 | PSNR 14.77 dB | lr 1.3e-05 | 131s
  batch 1/712  loss=0.047107
  batch 50/712  loss=0.047849
  batch 100/712  loss=0.054289
  batch 150/712  loss=0.052948
  batch 200/712  loss=0.045764
  batch 250/712  loss=0.056604
  batch 300/712  loss=0.044586
  batch 350/712  loss=0.057294
  batch 400/712  loss=0.047275
  batch 450/712  loss=0.062710
  batch 500/712  loss=0.054035
  batch 550/712  loss=0.048715
  batch 600/712  loss=0.054009
  batch 650/712  loss=0.040749
  batch 700/712  loss=0.062906
Epoch  32/50 | train 0.049307 | val 0.051191 | PSNR 14.74 dB | lr 6.3e-06 | 131s
  batch 1/712  loss=0.044175
  batch 50/712  loss=0.043231
  batch 100/712  loss=0.060866
  batch 150/712  loss=0.047651
  batch 200/712  loss=0.041548
  batch 250/712  loss=0.052965
  batch 300/712  loss=0.048058
  batch 350/712  loss=0.052572
  batch 400/712  loss=0.064277
  batch 450/712  loss=0.042567
  batch 500/712  loss=0.063690
  batch 550/712  loss=0.052681
  batch 600/712  loss=0.047221
  batch 650/712  loss=0.042338
  batch 700/712  loss=0.049740
Epoch  33/50 | train 0.049587 | val 0.050736 | PSNR 14.80 dB | lr 6.3e-06 | 131s
  batch 1/712  loss=0.044648
  batch 50/712  loss=0.053960
  batch 100/712  loss=0.041883
  batch 150/712  loss=0.045714
  batch 200/712  loss=0.049600
  batch 250/712  loss=0.049350
  batch 300/712  loss=0.051847
  batch 350/712  loss=0.056344
  batch 400/712  loss=0.048987
  batch 450/712  loss=0.040428
  batch 500/712  loss=0.043494
  batch 550/712  loss=0.047970
  batch 600/712  loss=0.051431
  batch 650/712  loss=0.061587
  batch 700/712  loss=0.050139
Epoch  34/50 | train 0.049487 | val 0.051251 | PSNR 14.68 dB | lr 6.3e-06 | 131s
  batch 1/712  loss=0.047766
  batch 50/712  loss=0.044037
  batch 100/712  loss=0.053860
  batch 150/712  loss=0.042807
  batch 200/712  loss=0.061657
  batch 250/712  loss=0.064523
  batch 300/712  loss=0.043536
  batch 350/712  loss=0.065526
  batch 400/712  loss=0.050436
  batch 450/712  loss=0.050286
  batch 500/712  loss=0.041972
  batch 550/712  loss=0.051868
  batch 600/712  loss=0.061007
  batch 650/712  loss=0.059044
  batch 700/712  loss=0.056772
Epoch  35/50 | train 0.049474 | val 0.050478 | PSNR 14.82 dB | lr 6.3e-06 | 131s
  batch 1/712  loss=0.051358
  batch 50/712  loss=0.054488
  batch 100/712  loss=0.048948
  batch 150/712  loss=0.049832
  batch 200/712  loss=0.057347
  batch 250/712  loss=0.041221
  batch 300/712  loss=0.062947
  batch 350/712  loss=0.045200
  batch 400/712  loss=0.044407
  batch 450/712  loss=0.053270
  batch 500/712  loss=0.059205
  batch 550/712  loss=0.064020
  batch 600/712  loss=0.049836
  batch 650/712  loss=0.053803
  batch 700/712  loss=0.058444
Epoch  36/50 | train 0.049413 | val 0.051146 | PSNR 14.73 dB | lr 6.3e-06 | 131s
  batch 1/712  loss=0.051747
  batch 50/712  loss=0.049340
  batch 100/712  loss=0.051084
  batch 150/712  loss=0.044835
  batch 200/712  loss=0.043315
  batch 250/712  loss=0.049945
  batch 300/712  loss=0.048597
  batch 350/712  loss=0.048728
  batch 400/712  loss=0.056542
  batch 450/712  loss=0.050430
  batch 500/712  loss=0.044152
  batch 550/712  loss=0.042545
  batch 600/712  loss=0.039654
  batch 650/712  loss=0.042090
  batch 700/712  loss=0.043316
Epoch  37/50 | train 0.049371 | val 0.050587 | PSNR 14.80 dB | lr 6.3e-06 | 132s
  batch 1/712  loss=0.049567
  batch 50/712  loss=0.046310
  batch 100/712  loss=0.042481
  batch 150/712  loss=0.040070
  batch 200/712  loss=0.055759
  batch 250/712  loss=0.046835
  batch 300/712  loss=0.048277
  batch 350/712  loss=0.058684
  batch 400/712  loss=0.049639
  batch 450/712  loss=0.044438
  batch 500/712  loss=0.051818
  batch 550/712  loss=0.049082
  batch 600/712  loss=0.046100
  batch 650/712  loss=0.045809
  batch 700/712  loss=0.054494
Epoch  38/50 | train 0.049442 | val 0.050829 | PSNR 14.75 dB | lr 3.1e-06 | 132s
  batch 1/712  loss=0.047324
  batch 50/712  loss=0.062188
  batch 100/712  loss=0.044556
  batch 150/712  loss=0.043107
  batch 200/712  loss=0.049068
  batch 250/712  loss=0.049786
  batch 300/712  loss=0.053748
  batch 350/712  loss=0.046517
  batch 400/712  loss=0.050320
  batch 450/712  loss=0.045101
  batch 500/712  loss=0.051295
  batch 550/712  loss=0.052314
  batch 600/712  loss=0.061138
  batch 650/712  loss=0.047649
  batch 700/712  loss=0.054869
Epoch  39/50 | train 0.049495 | val 0.050466 | PSNR 14.80 dB | lr 3.1e-06 | 131s
  batch 1/712  loss=0.046757
  batch 50/712  loss=0.059190
  batch 100/712  loss=0.046131
  batch 150/712  loss=0.046657
  batch 200/712  loss=0.054223
  batch 250/712  loss=0.056256
  batch 300/712  loss=0.052137
  batch 350/712  loss=0.055073
  batch 400/712  loss=0.045116
  batch 450/712  loss=0.047587
  batch 500/712  loss=0.043565
  batch 550/712  loss=0.044539
  batch 600/712  loss=0.044720
  batch 650/712  loss=0.041870
  batch 700/712  loss=0.045980
Epoch  40/50 | train 0.049606 | val 0.050923 | PSNR 14.74 dB | lr 3.1e-06 | 131s
  batch 1/712  loss=0.061405
  batch 50/712  loss=0.049164
  batch 100/712  loss=0.046908
  batch 150/712  loss=0.054308
  batch 200/712  loss=0.049631
  batch 250/712  loss=0.048692
  batch 300/712  loss=0.052043
  batch 350/712  loss=0.050601
  batch 400/712  loss=0.049733
  batch 450/712  loss=0.046659
  batch 500/712  loss=0.059382
  batch 550/712  loss=0.044045
  batch 600/712  loss=0.066811
  batch 650/712  loss=0.048900
  batch 700/712  loss=0.045072
Epoch  41/50 | train 0.049534 | val 0.051282 | PSNR 14.72 dB | lr 3.1e-06 | 131s
  batch 1/712  loss=0.045064
  batch 50/712  loss=0.049897
  batch 100/712  loss=0.041761
  batch 150/712  loss=0.042975
  batch 200/712  loss=0.054552
  batch 250/712  loss=0.042811
  batch 300/712  loss=0.046295
  batch 350/712  loss=0.046447
  batch 400/712  loss=0.049027
  batch 450/712  loss=0.046286
  batch 500/712  loss=0.053726
  batch 550/712  loss=0.055950
  batch 600/712  loss=0.048347
  batch 650/712  loss=0.048693
  batch 700/712  loss=0.055445
Epoch  42/50 | train 0.049862 | val 0.050801 | PSNR 14.76 dB | lr 3.1e-06 | 131s
  batch 1/712  loss=0.061956
  batch 50/712  loss=0.046897
  batch 100/712  loss=0.046338
  batch 150/712  loss=0.046782
  batch 200/712  loss=0.049627
  batch 250/712  loss=0.045111
  batch 300/712  loss=0.048435
  batch 350/712  loss=0.048270
  batch 400/712  loss=0.043999
  batch 450/712  loss=0.054120
  batch 500/712  loss=0.052801
  batch 550/712  loss=0.045741
  batch 600/712  loss=0.048275
  batch 650/712  loss=0.039239
  batch 700/712  loss=0.051809
Epoch  43/50 | train 0.049267 | val 0.050666 | PSNR 14.77 dB | lr 3.1e-06 | 131s
  batch 1/712  loss=0.050975
  batch 50/712  loss=0.063224
  batch 100/712  loss=0.050185
  batch 150/712  loss=0.051788
  batch 200/712  loss=0.051838
  batch 250/712  loss=0.042159
  batch 300/712  loss=0.053523
  batch 350/712  loss=0.049533
  batch 400/712  loss=0.062640
  batch 450/712  loss=0.046957
  batch 500/712  loss=0.046592
  batch 550/712  loss=0.042856
  batch 600/712  loss=0.044005
  batch 650/712  loss=0.061106
  batch 700/712  loss=0.047516
Epoch  44/50 | train 0.049191 | val 0.051115 | PSNR 14.76 dB | lr 1.6e-06 | 131s
  batch 1/712  loss=0.045171
  batch 50/712  loss=0.047540
  batch 100/712  loss=0.040873
  batch 150/712  loss=0.049215
  batch 200/712  loss=0.038726
  batch 250/712  loss=0.053421
  batch 300/712  loss=0.044957
  batch 350/712  loss=0.047691
  batch 400/712  loss=0.051885
  batch 450/712  loss=0.068359
  batch 500/712  loss=0.058599
  batch 550/712  loss=0.058044
  batch 600/712  loss=0.040967
  batch 650/712  loss=0.047419
  batch 700/712  loss=0.050363
Epoch  45/50 | train 0.049352 | val 0.050308 | PSNR 14.80 dB | lr 1.6e-06 | 131s
  batch 1/712  loss=0.048466
  batch 50/712  loss=0.045466
  batch 100/712  loss=0.059567
  batch 150/712  loss=0.049174
  batch 200/712  loss=0.047995
  batch 250/712  loss=0.045236
  batch 300/712  loss=0.049105
  batch 350/712  loss=0.051228
  batch 400/712  loss=0.049589
  batch 450/712  loss=0.052196
  batch 500/712  loss=0.040083
  batch 550/712  loss=0.046761
  batch 600/712  loss=0.049589
  batch 650/712  loss=0.048486
  batch 700/712  loss=0.040421
Epoch  46/50 | train 0.049674 | val 0.050695 | PSNR 14.74 dB | lr 1.6e-06 | 131s
  batch 1/712  loss=0.041104
  batch 50/712  loss=0.055257
  batch 100/712  loss=0.053436
  batch 150/712  loss=0.053125
  batch 200/712  loss=0.055513
  batch 250/712  loss=0.055812
  batch 300/712  loss=0.056923
  batch 350/712  loss=0.046581
  batch 400/712  loss=0.049561
  batch 450/712  loss=0.048988
  batch 500/712  loss=0.054265
  batch 550/712  loss=0.052374
  batch 600/712  loss=0.048845
  batch 650/712  loss=0.051782
  batch 700/712  loss=0.053119
Epoch  47/50 | train 0.049312 | val 0.050850 | PSNR 14.72 dB | lr 1.6e-06 | 131s
  batch 1/712  loss=0.053013
  batch 50/712  loss=0.039921
  batch 100/712  loss=0.043385
  batch 150/712  loss=0.052357
  batch 200/712  loss=0.046989
  batch 250/712  loss=0.054320
  batch 300/712  loss=0.041657
  batch 350/712  loss=0.046956
  batch 400/712  loss=0.062007
  batch 450/712  loss=0.050121
  batch 500/712  loss=0.050587
  batch 550/712  loss=0.046493
  batch 600/712  loss=0.053545
  batch 650/712  loss=0.050386
  batch 700/712  loss=0.048840
Epoch  48/50 | train 0.049434 | val 0.051144 | PSNR 14.75 dB | lr 1.6e-06 | 131s
  batch 1/712  loss=0.043593
  batch 50/712  loss=0.049287
  batch 100/712  loss=0.046913
  batch 150/712  loss=0.050096
  batch 200/712  loss=0.049996
  batch 250/712  loss=0.051679
  batch 300/712  loss=0.046813
  batch 350/712  loss=0.045886
  batch 400/712  loss=0.050908
  batch 450/712  loss=0.052671
  batch 500/712  loss=0.050367
  batch 550/712  loss=0.053999
  batch 600/712  loss=0.066745
  batch 650/712  loss=0.051397
  batch 700/712  loss=0.054674
Epoch  49/50 | train 0.049129 | val 0.050763 | PSNR 14.77 dB | lr 1.6e-06 | 131s
  batch 1/712  loss=0.049967
  batch 50/712  loss=0.048440
  batch 100/712  loss=0.045869
  batch 150/712  loss=0.044549
  batch 200/712  loss=0.045292
  batch 250/712  loss=0.056285
  batch 300/712  loss=0.047692
  batch 350/712  loss=0.051821
  batch 400/712  loss=0.049746
  batch 450/712  loss=0.048717
  batch 500/712  loss=0.048833
  batch 550/712  loss=0.047536
  batch 600/712  loss=0.050399
  batch 650/712  loss=0.052417
  batch 700/712  loss=0.049218
Epoch  50/50 | train 0.049615 | val 0.050936 | PSNR 14.74 dB | lr 7.8e-07 | 131s
Training complete.
