Device: mps
Dropped 96 rotated pairs (relative roll > 0.1 deg)
Pairs: 890 total, 712 train, 178 val
Samples: 5696 train, 1424 val
Model: 988,609 parameters
  batch 1/712  loss=1.793936
  batch 50/712  loss=0.141871
  batch 100/712  loss=0.111054
  batch 150/712  loss=0.088373
  batch 200/712  loss=0.065452
  batch 250/712  loss=0.075374
  batch 300/712  loss=0.081291
  batch 350/712  loss=0.079152
  batch 400/712  loss=0.078450
  batch 450/712  loss=0.074482
  batch 500/712  loss=0.079042
  batch 550/712  loss=0.067289
  batch 600/712  loss=0.066295
  batch 650/712  loss=0.073211
  batch 700/712  loss=0.075425
Epoch   1/50 | train 0.096732 | val 0.077415 | PSNR 1.79 dB | lr 1.0e-04 | 130s
  -> saved best.pth (val_loss=0.077415)
  batch 1/712  loss=0.074640
  batch 50/712  loss=0.096887
  batch 100/712  loss=0.067952
  batch 150/712  loss=0.072369
  batch 200/712  loss=0.081052
  batch 250/712  loss=0.065257
  batch 300/712  loss=0.073544
  batch 350/712  loss=0.073181
  batch 400/712  loss=0.064654
  batch 450/712  loss=0.067538
  batch 500/712  loss=0.074444
  batch 550/712  loss=0.063299
  batch 600/712  loss=0.075668
  batch 650/712  loss=0.060351
  batch 700/712  loss=0.061084
Epoch   2/50 | train 0.074340 | val 0.074857 | PSNR 1.86 dB | lr 1.0e-04 | 124s
  -> saved best.pth (val_loss=0.074857)
  batch 1/712  loss=0.066330
  batch 50/712  loss=0.072200
  batch 100/712  loss=0.080285
  batch 150/712  loss=0.058357
  batch 200/712  loss=0.069491
  batch 250/712  loss=0.077677
  batch 300/712  loss=0.065700
  batch 350/712  loss=0.092903
  batch 400/712  loss=0.077874
  batch 450/712  loss=0.090892
  batch 500/712  loss=0.066681
  batch 550/712  loss=0.064395
  batch 600/712  loss=0.058484
  batch 650/712  loss=0.073742
  batch 700/712  loss=0.077237
Epoch   3/50 | train 0.072758 | val 0.074693 | PSNR 1.49 dB | lr 1.0e-04 | 124s
  -> saved best.pth (val_loss=0.074693)
  batch 1/712  loss=0.068602
  batch 50/712  loss=0.080089
  batch 100/712  loss=0.066342
  batch 150/712  loss=0.080853
  batch 200/712  loss=0.081745
  batch 250/712  loss=0.077467
  batch 300/712  loss=0.079886
  batch 350/712  loss=0.067825
  batch 400/712  loss=0.095172
  batch 450/712  loss=0.082710
  batch 500/712  loss=0.070724
  batch 550/712  loss=0.064159
  batch 600/712  loss=0.080955
  batch 650/712  loss=0.058128
  batch 700/712  loss=0.085351
Epoch   4/50 | train 0.072212 | val 0.073708 | PSNR 1.37 dB | lr 1.0e-04 | 124s
  -> saved best.pth (val_loss=0.073708)
  batch 1/712  loss=0.065327
  batch 50/712  loss=0.075435
  batch 100/712  loss=0.066017
  batch 150/712  loss=0.070545
  batch 200/712  loss=0.070055
  batch 250/712  loss=0.095863
  batch 300/712  loss=0.073835
  batch 350/712  loss=0.075375
  batch 400/712  loss=0.089503
  batch 450/712  loss=0.062132
  batch 500/712  loss=0.067149
  batch 550/712  loss=0.064165
  batch 600/712  loss=0.071516
  batch 650/712  loss=0.074838
  batch 700/712  loss=0.082013
Epoch   5/50 | train 0.072233 | val 0.073084 | PSNR 1.51 dB | lr 1.0e-04 | 124s
  -> saved best.pth (val_loss=0.073084)
  batch 1/712  loss=0.073236
  batch 50/712  loss=0.072429
  batch 100/712  loss=0.064105
  batch 150/712  loss=0.079485
  batch 200/712  loss=0.061654
  batch 250/712  loss=0.065988
  batch 300/712  loss=0.065428
  batch 350/712  loss=0.060986
  batch 400/712  loss=0.062907
  batch 450/712  loss=0.064062
  batch 500/712  loss=0.060987
  batch 550/712  loss=0.085051
  batch 600/712  loss=0.068675
  batch 650/712  loss=0.066175
  batch 700/712  loss=0.072098
Epoch   6/50 | train 0.071863 | val 0.073247 | PSNR 1.78 dB | lr 1.0e-04 | 124s
  batch 1/712  loss=0.062007
  batch 50/712  loss=0.067864
  batch 100/712  loss=0.081260
  batch 150/712  loss=0.061958
  batch 200/712  loss=0.088144
  batch 250/712  loss=0.066935
  batch 300/712  loss=0.062969
  batch 350/712  loss=0.076660
  batch 400/712  loss=0.071805
  batch 450/712  loss=0.061601
  batch 500/712  loss=0.068433
  batch 550/712  loss=0.076371
  batch 600/712  loss=0.071361
  batch 650/712  loss=0.068933
  batch 700/712  loss=0.059567
Epoch   7/50 | train 0.070928 | val 0.072706 | PSNR 1.98 dB | lr 1.0e-04 | 124s
  -> saved best.pth (val_loss=0.072706)
  batch 1/712  loss=0.057874
  batch 50/712  loss=0.066930
  batch 100/712  loss=0.066294
  batch 150/712  loss=0.064790
  batch 200/712  loss=0.063220
  batch 250/712  loss=0.060479
  batch 300/712  loss=0.059558
  batch 350/712  loss=0.063734
  batch 400/712  loss=0.085148
  batch 450/712  loss=0.068007
  batch 500/712  loss=0.064890
  batch 550/712  loss=0.063718
  batch 600/712  loss=0.074808
  batch 650/712  loss=0.065083
  batch 700/712  loss=0.076136
Epoch   8/50 | train 0.070889 | val 0.072838 | PSNR 1.85 dB | lr 1.0e-04 | 124s
  batch 1/712  loss=0.077015
  batch 50/712  loss=0.068278
  batch 100/712  loss=0.074713
  batch 150/712  loss=0.065558
  batch 200/712  loss=0.071218
  batch 250/712  loss=0.076937
  batch 300/712  loss=0.061096
  batch 350/712  loss=0.061829
  batch 400/712  loss=0.055828
  batch 450/712  loss=0.087456
  batch 500/712  loss=0.058473
  batch 550/712  loss=0.060734
  batch 600/712  loss=0.078329
  batch 650/712  loss=0.066204
  batch 700/712  loss=0.066937
Epoch   9/50 | train 0.071050 | val 0.072490 | PSNR 1.92 dB | lr 1.0e-04 | 124s
  -> saved best.pth (val_loss=0.072490)
  batch 1/712  loss=0.060618
  batch 50/712  loss=0.071204
  batch 100/712  loss=0.065399
  batch 150/712  loss=0.068059
  batch 200/712  loss=0.073333
  batch 250/712  loss=0.058556
  batch 300/712  loss=0.077062
  batch 350/712  loss=0.070242
  batch 400/712  loss=0.072629
  batch 450/712  loss=0.084493
  batch 500/712  loss=0.083331
  batch 550/712  loss=0.064029
  batch 600/712  loss=0.073966
  batch 650/712  loss=0.087341
  batch 700/712  loss=0.061065
Epoch  10/50 | train 0.071197 | val 0.073034 | PSNR 1.56 dB | lr 1.0e-04 | 124s
  batch 1/712  loss=0.055551
  batch 50/712  loss=0.065910
  batch 100/712  loss=0.076730
  batch 150/712  loss=0.094705
  batch 200/712  loss=0.072699
  batch 250/712  loss=0.063443
  batch 300/712  loss=0.055645
  batch 350/712  loss=0.073011
  batch 400/712  loss=0.093227
  batch 450/712  loss=0.067732
  batch 500/712  loss=0.068101
  batch 550/712  loss=0.069780
  batch 600/712  loss=0.068302
  batch 650/712  loss=0.069706
  batch 700/712  loss=0.071762
Epoch  11/50 | train 0.070794 | val 0.073050 | PSNR 2.06 dB | lr 1.0e-04 | 124s
  batch 1/712  loss=0.057305
  batch 50/712  loss=0.069749
  batch 100/712  loss=0.102042
  batch 150/712  loss=0.067415
  batch 200/712  loss=0.073140
  batch 250/712  loss=0.078974
  batch 300/712  loss=0.084311
  batch 350/712  loss=0.065899
  batch 400/712  loss=0.064646
  batch 450/712  loss=0.055751
  batch 500/712  loss=0.084938
  batch 550/712  loss=0.061885
  batch 600/712  loss=0.097529
  batch 650/712  loss=0.063172
  batch 700/712  loss=0.062668
Epoch  12/50 | train 0.069837 | val 0.071995 | PSNR 2.03 dB | lr 1.0e-04 | 124s
  -> saved best.pth (val_loss=0.071995)
  batch 1/712  loss=0.070983
  batch 50/712  loss=0.080792
  batch 100/712  loss=0.057495
  batch 150/712  loss=0.075773
  batch 200/712  loss=0.061527
  batch 250/712  loss=0.059992
  batch 300/712  loss=0.073355
  batch 350/712  loss=0.063488
  batch 400/712  loss=0.078408
  batch 450/712  loss=0.069358
  batch 500/712  loss=0.063487
  batch 550/712  loss=0.084156
  batch 600/712  loss=0.086298
  batch 650/712  loss=0.053567
  batch 700/712  loss=0.073651
Epoch  13/50 | train 0.070390 | val 0.071674 | PSNR 2.12 dB | lr 1.0e-04 | 124s
  -> saved best.pth (val_loss=0.071674)
  batch 1/712  loss=0.056770
  batch 50/712  loss=0.075400
  batch 100/712  loss=0.064679
  batch 150/712  loss=0.060226
  batch 200/712  loss=0.060803
  batch 250/712  loss=0.058767
  batch 300/712  loss=0.078448
  batch 350/712  loss=0.068291
  batch 400/712  loss=0.075832
  batch 450/712  loss=0.062846
  batch 500/712  loss=0.075386
  batch 550/712  loss=0.069610
  batch 600/712  loss=0.060394
  batch 650/712  loss=0.092822
  batch 700/712  loss=0.062291
Epoch  14/50 | train 0.070173 | val 0.072307 | PSNR 1.93 dB | lr 1.0e-04 | 124s
  batch 1/712  loss=0.064348
  batch 50/712  loss=0.087037
  batch 100/712  loss=0.063357
  batch 150/712  loss=0.066988
  batch 200/712  loss=0.090110
  batch 250/712  loss=0.071441
  batch 300/712  loss=0.063665
  batch 350/712  loss=0.064996
  batch 400/712  loss=0.068486
  batch 450/712  loss=0.075473
  batch 500/712  loss=0.075731
  batch 550/712  loss=0.069489
  batch 600/712  loss=0.080596
  batch 650/712  loss=0.061433
  batch 700/712  loss=0.090874
Epoch  15/50 | train 0.070070 | val 0.072160 | PSNR 2.01 dB | lr 1.0e-04 | 124s
  batch 1/712  loss=0.077723
  batch 50/712  loss=0.057905
  batch 100/712  loss=0.056521
  batch 150/712  loss=0.092699
  batch 200/712  loss=0.063155
  batch 250/712  loss=0.070503
  batch 300/712  loss=0.070009
  batch 350/712  loss=0.094880
  batch 400/712  loss=0.068434
  batch 450/712  loss=0.093185
  batch 500/712  loss=0.066154
  batch 550/712  loss=0.061189
  batch 600/712  loss=0.064649
  batch 650/712  loss=0.064781
  batch 700/712  loss=0.088814
Epoch  16/50 | train 0.070163 | val 0.071762 | PSNR 1.73 dB | lr 1.0e-04 | 124s
  batch 1/712  loss=0.103187
  batch 50/712  loss=0.085179
  batch 100/712  loss=0.069477
  batch 150/712  loss=0.057399
  batch 200/712  loss=0.080652
  batch 250/712  loss=0.081856
  batch 300/712  loss=0.079188
  batch 350/712  loss=0.068584
  batch 400/712  loss=0.068910
  batch 450/712  loss=0.059520
  batch 500/712  loss=0.079139
  batch 550/712  loss=0.087826
  batch 600/712  loss=0.067840
  batch 650/712  loss=0.066739
  batch 700/712  loss=0.096571
Epoch  17/50 | train 0.070004 | val 0.072323 | PSNR 1.74 dB | lr 1.0e-04 | 124s
  batch 1/712  loss=0.057412
  batch 50/712  loss=0.070262
  batch 100/712  loss=0.070882
  batch 150/712  loss=0.072897
  batch 200/712  loss=0.064065
  batch 250/712  loss=0.053921
  batch 300/712  loss=0.059550
  batch 350/712  loss=0.091193
  batch 400/712  loss=0.064108
  batch 450/712  loss=0.065409
  batch 500/712  loss=0.057084
  batch 550/712  loss=0.058744
  batch 600/712  loss=0.079337
  batch 650/712  loss=0.075916
  batch 700/712  loss=0.078370
Epoch  18/50 | train 0.069369 | val 0.071558 | PSNR 1.70 dB | lr 1.0e-04 | 124s
  -> saved best.pth (val_loss=0.071558)
  batch 1/712  loss=0.064807
  batch 50/712  loss=0.065177
  batch 100/712  loss=0.065098
  batch 150/712  loss=0.069476
  batch 200/712  loss=0.068507
  batch 250/712  loss=0.068102
  batch 300/712  loss=0.063755
  batch 350/712  loss=0.063821
  batch 400/712  loss=0.080429
  batch 450/712  loss=0.090006
  batch 500/712  loss=0.077566
  batch 550/712  loss=0.076962
  batch 600/712  loss=0.061689
  batch 650/712  loss=0.071552
  batch 700/712  loss=0.078041
Epoch  19/50 | train 0.070197 | val 0.071401 | PSNR 1.83 dB | lr 1.0e-04 | 124s
  -> saved best.pth (val_loss=0.071401)
  batch 1/712  loss=0.069963
  batch 50/712  loss=0.077512
  batch 100/712  loss=0.069238
  batch 150/712  loss=0.064770
  batch 200/712  loss=0.065531
  batch 250/712  loss=0.076684
  batch 300/712  loss=0.060159
  batch 350/712  loss=0.066770
  batch 400/712  loss=0.070041
  batch 450/712  loss=0.061257
  batch 500/712  loss=0.073206
  batch 550/712  loss=0.070286
  batch 600/712  loss=0.072300
  batch 650/712  loss=0.068284
  batch 700/712  loss=0.066276
Epoch  20/50 | train 0.069742 | val 0.071814 | PSNR 1.71 dB | lr 1.0e-04 | 124s
  batch 1/712  loss=0.060671
  batch 50/712  loss=0.053983
  batch 100/712  loss=0.065111
  batch 150/712  loss=0.061459
  batch 200/712  loss=0.056698
  batch 250/712  loss=0.064107
  batch 300/712  loss=0.069535
  batch 350/712  loss=0.089094
  batch 400/712  loss=0.078729
  batch 450/712  loss=0.070877
  batch 500/712  loss=0.063516
  batch 550/712  loss=0.072552
  batch 600/712  loss=0.095099
  batch 650/712  loss=0.087584
  batch 700/712  loss=0.073166
Epoch  21/50 | train 0.069200 | val 0.071189 | PSNR 2.32 dB | lr 1.0e-04 | 124s
  -> saved best.pth (val_loss=0.071189)
  batch 1/712  loss=0.072841
  batch 50/712  loss=0.066229
  batch 100/712  loss=0.060967
  batch 150/712  loss=0.078489
  batch 200/712  loss=0.062791
  batch 250/712  loss=0.059594
  batch 300/712  loss=0.072190
  batch 350/712  loss=0.064074
  batch 400/712  loss=0.075253
  batch 450/712  loss=0.074708
  batch 500/712  loss=0.060480
  batch 550/712  loss=0.071518
  batch 600/712  loss=0.071806
  batch 650/712  loss=0.079155
  batch 700/712  loss=0.067132
Epoch  22/50 | train 0.070797 | val 0.071786 | PSNR 1.95 dB | lr 1.0e-04 | 124s
  batch 1/712  loss=0.060418
  batch 50/712  loss=0.058734
  batch 100/712  loss=0.056411
  batch 150/712  loss=0.079525
  batch 200/712  loss=0.070464
  batch 250/712  loss=0.058711
  batch 300/712  loss=0.061398
  batch 350/712  loss=0.060483
  batch 400/712  loss=0.072878
  batch 450/712  loss=0.092203
  batch 500/712  loss=0.058510
  batch 550/712  loss=0.070875
  batch 600/712  loss=0.073588
  batch 650/712  loss=0.056839
  batch 700/712  loss=0.072588
Epoch  23/50 | train 0.069998 | val 0.072294 | PSNR 2.03 dB | lr 1.0e-04 | 124s
  batch 1/712  loss=0.054554
  batch 50/712  loss=0.069019
  batch 100/712  loss=0.070889
  batch 150/712  loss=0.063460
  batch 200/712  loss=0.072386
  batch 250/712  loss=0.084799
  batch 300/712  loss=0.084501
  batch 350/712  loss=0.062830
  batch 400/712  loss=0.062098
  batch 450/712  loss=0.077833
  batch 500/712  loss=0.068769
  batch 550/712  loss=0.070212
  batch 600/712  loss=0.072601
  batch 650/712  loss=0.082085
  batch 700/712  loss=0.054972
Epoch  24/50 | train 0.070000 | val 0.071259 | PSNR 2.27 dB | lr 1.0e-04 | 124s
  batch 1/712  loss=0.062447
  batch 50/712  loss=0.054498
  batch 100/712  loss=0.078212
  batch 150/712  loss=0.081393
  batch 200/712  loss=0.065256
  batch 250/712  loss=0.073332
  batch 300/712  loss=0.072577
  batch 350/712  loss=0.064750
  batch 400/712  loss=0.063027
  batch 450/712  loss=0.061410
  batch 500/712  loss=0.059561
  batch 550/712  loss=0.056339
  batch 600/712  loss=0.067273
  batch 650/712  loss=0.073393
  batch 700/712  loss=0.071637
Epoch  25/50 | train 0.069809 | val 0.072121 | PSNR 1.62 dB | lr 1.0e-04 | 124s
  batch 1/712  loss=0.089258
  batch 50/712  loss=0.069952
  batch 100/712  loss=0.065992
  batch 150/712  loss=0.065202
  batch 200/712  loss=0.077387
  batch 250/712  loss=0.059814
  batch 300/712  loss=0.068588
  batch 350/712  loss=0.082305
  batch 400/712  loss=0.062092
  batch 450/712  loss=0.068805
  batch 500/712  loss=0.074284
  batch 550/712  loss=0.054891
  batch 600/712  loss=0.062722
  batch 650/712  loss=0.062589
  batch 700/712  loss=0.075967
Epoch  26/50 | train 0.069622 | val 0.071641 | PSNR 1.75 dB | lr 1.0e-04 | 124s
  batch 1/712  loss=0.056712
  batch 50/712  loss=0.074023
  batch 100/712  loss=0.068246
  batch 150/712  loss=0.065634
  batch 200/712  loss=0.077385
  batch 250/712  loss=0.061260
  batch 300/712  loss=0.093231
  batch 350/712  loss=0.067522
  batch 400/712  loss=0.066751
  batch 450/712  loss=0.069113
  batch 500/712  loss=0.061726
  batch 550/712  loss=0.072502
  batch 600/712  loss=0.072753
  batch 650/712  loss=0.086578
  batch 700/712  loss=0.087872
Epoch  27/50 | train 0.069955 | val 0.074467 | PSNR 1.27 dB | lr 5.0e-05 | 124s
  batch 1/712  loss=0.064064
  batch 50/712  loss=0.080446
  batch 100/712  loss=0.060567
  batch 150/712  loss=0.089952
  batch 200/712  loss=0.060662
  batch 250/712  loss=0.052357
  batch 300/712  loss=0.083474
  batch 350/712  loss=0.061566
  batch 400/712  loss=0.068201
  batch 450/712  loss=0.073122
  batch 500/712  loss=0.087440
  batch 550/712  loss=0.087556
  batch 600/712  loss=0.063085
  batch 650/712  loss=0.084946
  batch 700/712  loss=0.062800
Epoch  28/50 | train 0.070016 | val 0.071563 | PSNR 1.78 dB | lr 5.0e-05 | 124s
  batch 1/712  loss=0.072014
  batch 50/712  loss=0.056690
  batch 100/712  loss=0.119173
  batch 150/712  loss=0.075809
  batch 200/712  loss=0.058158
  batch 250/712  loss=0.060643
  batch 300/712  loss=0.089246
  batch 350/712  loss=0.085220
  batch 400/712  loss=0.085065
  batch 450/712  loss=0.063185
  batch 500/712  loss=0.074549
  batch 550/712  loss=0.066044
  batch 600/712  loss=0.071043
  batch 650/712  loss=0.073578
  batch 700/712  loss=0.076896
Epoch  29/50 | train 0.069626 | val 0.071395 | PSNR 1.72 dB | lr 5.0e-05 | 124s
  batch 1/712  loss=0.072745
  batch 50/712  loss=0.062283
  batch 100/712  loss=0.065469
  batch 150/712  loss=0.063171
  batch 200/712  loss=0.057373
  batch 250/712  loss=0.068935
  batch 300/712  loss=0.057047
  batch 350/712  loss=0.089294
  batch 400/712  loss=0.068431
  batch 450/712  loss=0.090487
  batch 500/712  loss=0.083977
  batch 550/712  loss=0.065809
  batch 600/712  loss=0.060241
  batch 650/712  loss=0.087479
  batch 700/712  loss=0.076074
Epoch  30/50 | train 0.069274 | val 0.071057 | PSNR 2.23 dB | lr 5.0e-05 | 124s
  -> saved best.pth (val_loss=0.071057)
  batch 1/712  loss=0.071114
  batch 50/712  loss=0.061345
  batch 100/712  loss=0.062375
  batch 150/712  loss=0.060789
  batch 200/712  loss=0.078025
  batch 250/712  loss=0.066776
  batch 300/712  loss=0.070503
  batch 350/712  loss=0.070954
  batch 400/712  loss=0.066068
  batch 450/712  loss=0.067199
  batch 500/712  loss=0.059664
  batch 550/712  loss=0.068258
  batch 600/712  loss=0.081705
  batch 650/712  loss=0.057770
  batch 700/712  loss=0.067940
Epoch  31/50 | train 0.070074 | val 0.072544 | PSNR 1.79 dB | lr 5.0e-05 | 124s
  batch 1/712  loss=0.063602
  batch 50/712  loss=0.073491
  batch 100/712  loss=0.075352
  batch 150/712  loss=0.060647
  batch 200/712  loss=0.084324
  batch 250/712  loss=0.073809
  batch 300/712  loss=0.055878
  batch 350/712  loss=0.065152
  batch 400/712  loss=0.056676
  batch 450/712  loss=0.058548
  batch 500/712  loss=0.081539
  batch 550/712  loss=0.061651
  batch 600/712  loss=0.076917
  batch 650/712  loss=0.115659
  batch 700/712  loss=0.082250
Epoch  32/50 | train 0.069185 | val 0.071733 | PSNR 1.90 dB | lr 5.0e-05 | 124s
  batch 1/712  loss=0.070328
  batch 50/712  loss=0.061596
  batch 100/712  loss=0.076799
  batch 150/712  loss=0.091278
  batch 200/712  loss=0.069926
  batch 250/712  loss=0.076590
  batch 300/712  loss=0.066518
  batch 350/712  loss=0.058596
  batch 400/712  loss=0.073451
  batch 450/712  loss=0.082637
  batch 500/712  loss=0.060118
  batch 550/712  loss=0.071340
  batch 600/712  loss=0.069992
  batch 650/712  loss=0.066392
  batch 700/712  loss=0.085639
Epoch  33/50 | train 0.069731 | val 0.069875 | PSNR 2.37 dB | lr 5.0e-05 | 124s
  -> saved best.pth (val_loss=0.069875)
  batch 1/712  loss=0.055512
  batch 50/712  loss=0.064106
  batch 100/712  loss=0.083012
  batch 150/712  loss=0.068067
  batch 200/712  loss=0.073248
  batch 250/712  loss=0.067364
  batch 300/712  loss=0.063482
  batch 350/712  loss=0.083095
  batch 400/712  loss=0.059620
  batch 450/712  loss=0.062265
  batch 500/712  loss=0.061458
  batch 550/712  loss=0.064873
  batch 600/712  loss=0.072827
  batch 650/712  loss=0.081782
  batch 700/712  loss=0.075775
Epoch  34/50 | train 0.069221 | val 0.071358 | PSNR 2.02 dB | lr 5.0e-05 | 124s
  batch 1/712  loss=0.075348
  batch 50/712  loss=0.072404
  batch 100/712  loss=0.083845
  batch 150/712  loss=0.061134
  batch 200/712  loss=0.074316
  batch 250/712  loss=0.071944
  batch 300/712  loss=0.094184
  batch 350/712  loss=0.063363
  batch 400/712  loss=0.079548
  batch 450/712  loss=0.058632
  batch 500/712  loss=0.074987
  batch 550/712  loss=0.069026
  batch 600/712  loss=0.072143
  batch 650/712  loss=0.076651
  batch 700/712  loss=0.074653
Epoch  35/50 | train 0.069445 | val 0.070962 | PSNR 1.97 dB | lr 5.0e-05 | 124s
  batch 1/712  loss=0.056656
  batch 50/712  loss=0.069133
  batch 100/712  loss=0.059469
  batch 150/712  loss=0.067789
  batch 200/712  loss=0.057844
  batch 250/712  loss=0.086213
  batch 300/712  loss=0.090358
  batch 350/712  loss=0.064503
  batch 400/712  loss=0.068109
  batch 450/712  loss=0.083577
  batch 500/712  loss=0.081460
  batch 550/712  loss=0.055174
  batch 600/712  loss=0.098158
  batch 650/712  loss=0.057771
  batch 700/712  loss=0.061372
Epoch  36/50 | train 0.069721 | val 0.071483 | PSNR 1.54 dB | lr 5.0e-05 | 124s
  batch 1/712  loss=0.057940
  batch 50/712  loss=0.063292
  batch 100/712  loss=0.062919
  batch 150/712  loss=0.086472
  batch 200/712  loss=0.058181
  batch 250/712  loss=0.074123
  batch 300/712  loss=0.073748
  batch 350/712  loss=0.062556
  batch 400/712  loss=0.056165
  batch 450/712  loss=0.074081
  batch 500/712  loss=0.073444
  batch 550/712  loss=0.081542
  batch 600/712  loss=0.090454
  batch 650/712  loss=0.063952
  batch 700/712  loss=0.067555
Epoch  37/50 | train 0.070089 | val 0.070649 | PSNR 2.25 dB | lr 5.0e-05 | 124s
  batch 1/712  loss=0.077420
  batch 50/712  loss=0.081564
  batch 100/712  loss=0.076704
  batch 150/712  loss=0.070974
  batch 200/712  loss=0.062044
  batch 250/712  loss=0.070262
  batch 300/712  loss=0.103007
  batch 350/712  loss=0.058815
  batch 400/712  loss=0.081028
  batch 450/712  loss=0.067138
  batch 500/712  loss=0.061478
  batch 550/712  loss=0.068888
  batch 600/712  loss=0.059126
  batch 650/712  loss=0.087469
  batch 700/712  loss=0.064766
Epoch  38/50 | train 0.069017 | val 0.071095 | PSNR 1.81 dB | lr 5.0e-05 | 124s
  batch 1/712  loss=0.060138
  batch 50/712  loss=0.064027
  batch 100/712  loss=0.071590
  batch 150/712  loss=0.056541
  batch 200/712  loss=0.060271
  batch 250/712  loss=0.070180
  batch 300/712  loss=0.067232
  batch 350/712  loss=0.060594
  batch 400/712  loss=0.072516
  batch 450/712  loss=0.062970
  batch 500/712  loss=0.073661
  batch 550/712  loss=0.064256
  batch 600/712  loss=0.066150
  batch 650/712  loss=0.089282
  batch 700/712  loss=0.068322
Epoch  39/50 | train 0.069502 | val 0.071461 | PSNR 2.02 dB | lr 2.5e-05 | 124s
  batch 1/712  loss=0.072430
  batch 50/712  loss=0.073385
  batch 100/712  loss=0.095189
  batch 150/712  loss=0.068625
  batch 200/712  loss=0.057598
  batch 250/712  loss=0.065492
  batch 300/712  loss=0.071413
  batch 350/712  loss=0.063041
  batch 400/712  loss=0.067046
  batch 450/712  loss=0.064086
  batch 500/712  loss=0.063550
  batch 550/712  loss=0.067742
  batch 600/712  loss=0.060340
  batch 650/712  loss=0.061822
  batch 700/712  loss=0.060705
Epoch  40/50 | train 0.069972 | val 0.071739 | PSNR 1.81 dB | lr 2.5e-05 | 124s
  batch 1/712  loss=0.068756
  batch 50/712  loss=0.081189
  batch 100/712  loss=0.062868
  batch 150/712  loss=0.094444
  batch 200/712  loss=0.065194
  batch 250/712  loss=0.090300
  batch 300/712  loss=0.066342
  batch 350/712  loss=0.063244
  batch 400/712  loss=0.076183
  batch 450/712  loss=0.064214
  batch 500/712  loss=0.114984
  batch 550/712  loss=0.067652
  batch 600/712  loss=0.068744
  batch 650/712  loss=0.079803
  batch 700/712  loss=0.073202
Epoch  41/50 | train 0.069551 | val 0.070827 | PSNR 2.01 dB | lr 2.5e-05 | 124s
  batch 1/712  loss=0.062366
  batch 50/712  loss=0.071716
  batch 100/712  loss=0.055838
  batch 150/712  loss=0.064513
  batch 200/712  loss=0.068220
  batch 250/712  loss=0.066855
  batch 300/712  loss=0.064858
  batch 350/712  loss=0.076517
  batch 400/712  loss=0.069397
  batch 450/712  loss=0.069308
  batch 500/712  loss=0.066691
  batch 550/712  loss=0.061758
  batch 600/712  loss=0.060277
  batch 650/712  loss=0.057201
  batch 700/712  loss=0.071582
Epoch  42/50 | train 0.069010 | val 0.071211 | PSNR 1.84 dB | lr 2.5e-05 | 124s
  batch 1/712  loss=0.076272
  batch 50/712  loss=0.068620
  batch 100/712  loss=0.058977
  batch 150/712  loss=0.080691
  batch 200/712  loss=0.066399
  batch 250/712  loss=0.059748
  batch 300/712  loss=0.058100
  batch 350/712  loss=0.079963
  batch 400/712  loss=0.069231
  batch 450/712  loss=0.073370
  batch 500/712  loss=0.065925
  batch 550/712  loss=0.064732
  batch 600/712  loss=0.057912
  batch 650/712  loss=0.066207
  batch 700/712  loss=0.065009
Epoch  43/50 | train 0.069399 | val 0.070379 | PSNR 2.18 dB | lr 2.5e-05 | 124s
  batch 1/712  loss=0.060523
  batch 50/712  loss=0.083562
  batch 100/712  loss=0.051524
  batch 150/712  loss=0.065352
  batch 200/712  loss=0.069521
  batch 250/712  loss=0.073461
  batch 300/712  loss=0.081082
  batch 350/712  loss=0.063517
  batch 400/712  loss=0.072433
  batch 450/712  loss=0.084641
  batch 500/712  loss=0.061607
  batch 550/712  loss=0.065632
  batch 600/712  loss=0.055154
  batch 650/712  loss=0.077902
  batch 700/712  loss=0.067231
Epoch  44/50 | train 0.069389 | val 0.071315 | PSNR 1.79 dB | lr 2.5e-05 | 124s
  batch 1/712  loss=0.080716
  batch 50/712  loss=0.057489
  batch 100/712  loss=0.062768
  batch 150/712  loss=0.081859
  batch 200/712  loss=0.096801
  batch 250/712  loss=0.062063
  batch 300/712  loss=0.082743
  batch 350/712  loss=0.071483
  batch 400/712  loss=0.083746
  batch 450/712  loss=0.069522
  batch 500/712  loss=0.063406
  batch 550/712  loss=0.067389
  batch 600/712  loss=0.072047
  batch 650/712  loss=0.071880
  batch 700/712  loss=0.060753
Epoch  45/50 | train 0.069649 | val 0.070858 | PSNR 2.27 dB | lr 1.3e-05 | 124s
  batch 1/712  loss=0.083864
  batch 50/712  loss=0.073533
  batch 100/712  loss=0.057210
  batch 150/712  loss=0.074889
  batch 200/712  loss=0.075182
  batch 250/712  loss=0.060333
  batch 300/712  loss=0.076970
  batch 350/712  loss=0.072700
  batch 400/712  loss=0.063984
  batch 450/712  loss=0.062355
  batch 500/712  loss=0.064714
  batch 550/712  loss=0.059486
  batch 600/712  loss=0.072263
  batch 650/712  loss=0.087758
  batch 700/712  loss=0.079632
Epoch  46/50 | train 0.070010 | val 0.071052 | PSNR 2.13 dB | lr 1.3e-05 | 124s
  batch 1/712  loss=0.068294
  batch 50/712  loss=0.080213
  batch 100/712  loss=0.067567
  batch 150/712  loss=0.080580
  batch 200/712  loss=0.070064
  batch 250/712  loss=0.056203
  batch 300/712  loss=0.073988
  batch 350/712  loss=0.059518
  batch 400/712  loss=0.088304
  batch 450/712  loss=0.068814
  batch 500/712  loss=0.062443
  batch 550/712  loss=0.066644
  batch 600/712  loss=0.065022
  batch 650/712  loss=0.097490
  batch 700/712  loss=0.067945
Epoch  47/50 | train 0.069464 | val 0.071416 | PSNR 1.65 dB | lr 1.3e-05 | 124s
  batch 1/712  loss=0.057274
  batch 50/712  loss=0.071429
  batch 100/712  loss=0.065112
  batch 150/712  loss=0.065907
  batch 200/712  loss=0.068073
  batch 250/712  loss=0.067261
  batch 300/712  loss=0.078640
  batch 350/712  loss=0.054860
  batch 400/712  loss=0.065781
  batch 450/712  loss=0.058691
  batch 500/712  loss=0.058195
  batch 550/712  loss=0.062010
  batch 600/712  loss=0.070430
  batch 650/712  loss=0.090731
  batch 700/712  loss=0.069743
Epoch  48/50 | train 0.068810 | val 0.069881 | PSNR 2.09 dB | lr 1.3e-05 | 124s
  batch 1/712  loss=0.064132
  batch 50/712  loss=0.062526
  batch 100/712  loss=0.070592
  batch 150/712  loss=0.060280
  batch 200/712  loss=0.064886
  batch 250/712  loss=0.056005
  batch 300/712  loss=0.064067
  batch 350/712  loss=0.068584
  batch 400/712  loss=0.073452
  batch 450/712  loss=0.062071
  batch 500/712  loss=0.079773
  batch 550/712  loss=0.064838
  batch 600/712  loss=0.061429
  batch 650/712  loss=0.075402
  batch 700/712  loss=0.078289
Epoch  49/50 | train 0.069114 | val 0.071467 | PSNR 1.76 dB | lr 1.3e-05 | 124s
  batch 1/712  loss=0.066049
  batch 50/712  loss=0.068415
  batch 100/712  loss=0.064815
  batch 150/712  loss=0.064996
  batch 200/712  loss=0.076626
  batch 250/712  loss=0.058547
  batch 300/712  loss=0.109272
  batch 350/712  loss=0.081295
  batch 400/712  loss=0.070965
  batch 450/712  loss=0.066227
  batch 500/712  loss=0.047513
  batch 550/712  loss=0.057452
  batch 600/712  loss=0.074757
  batch 650/712  loss=0.074267
  batch 700/712  loss=0.060951
Epoch  50/50 | train 0.069490 | val 0.070848 | PSNR 1.71 dB | lr 1.3e-05 | 124s
Training complete.
